[2023-06-07T20:22:34.229-0300][gc,heap] Heap region size: 1M
[2023-06-07T20:22:34.241-0300][gc     ] Using G1
[2023-06-07T20:22:34.241-0300][gc,heap,coops] Heap address: 0x00000000c0000000, size: 1024 MB, Compressed Oops mode: 32-bit
[2023-06-07T20:22:34.241-0300][gc,cds       ] Mark closed archive regions in map: [0x00000000fff00000, 0x00000000fff6aff8]
[2023-06-07T20:22:34.241-0300][gc,cds       ] Mark open archive regions in map: [0x00000000ffe00000, 0x00000000ffe46ff8]
[2023-06-07T20:22:36.250-0300][gc,start     ] GC(0) Pause Young (Normal) (G1 Evacuation Pause)
[2023-06-07T20:22:36.251-0300][gc,task      ] GC(0) Using 4 workers of 4 for evacuation
[2023-06-07T20:22:36.264-0300][gc,phases    ] GC(0)   Pre Evacuate Collection Set: 0,0ms
[2023-06-07T20:22:36.264-0300][gc,phases    ] GC(0)   Evacuate Collection Set: 11,9ms
[2023-06-07T20:22:36.264-0300][gc,phases    ] GC(0)   Post Evacuate Collection Set: 0,6ms
[2023-06-07T20:22:36.264-0300][gc,phases    ] GC(0)   Other: 0,6ms
[2023-06-07T20:22:36.264-0300][gc,heap      ] GC(0) Eden regions: 51->0(44)
[2023-06-07T20:22:36.264-0300][gc,heap      ] GC(0) Survivor regions: 0->7(7)
[2023-06-07T20:22:36.264-0300][gc,heap      ] GC(0) Old regions: 2->2
[2023-06-07T20:22:36.264-0300][gc,heap      ] GC(0) Humongous regions: 0->0
[2023-06-07T20:22:36.264-0300][gc,metaspace ] GC(0) Metaspace: 14272K(15104K)->14272K(15104K) NonClass: 12521K(13056K)->12521K(13056K) Class: 1750K(2048K)->1750K(2048K)
[2023-06-07T20:22:36.264-0300][gc           ] GC(0) Pause Young (Normal) (G1 Evacuation Pause) 51M->7M(1024M) 13,311ms
[2023-06-07T20:22:36.264-0300][gc,cpu       ] GC(0) User=0,04s Sys=0,00s Real=0,01s
[2023-06-07T20:22:37.148-0300][gc,start     ] GC(1) Pause Young (Concurrent Start) (Metadata GC Threshold)
[2023-06-07T20:22:37.148-0300][gc,task      ] GC(1) Using 4 workers of 4 for evacuation
[2023-06-07T20:22:37.165-0300][gc,phases    ] GC(1)   Pre Evacuate Collection Set: 0,1ms
[2023-06-07T20:22:37.166-0300][gc,phases    ] GC(1)   Evacuate Collection Set: 16,1ms
[2023-06-07T20:22:37.166-0300][gc,phases    ] GC(1)   Post Evacuate Collection Set: 0,6ms
[2023-06-07T20:22:37.166-0300][gc,phases    ] GC(1)   Other: 0,4ms
[2023-06-07T20:22:37.166-0300][gc,heap      ] GC(1) Eden regions: 29->0(49)
[2023-06-07T20:22:37.166-0300][gc,heap      ] GC(1) Survivor regions: 7->2(7)
[2023-06-07T20:22:37.166-0300][gc,heap      ] GC(1) Old regions: 2->9
[2023-06-07T20:22:37.166-0300][gc,heap      ] GC(1) Humongous regions: 0->0
[2023-06-07T20:22:37.166-0300][gc,metaspace ] GC(1) Metaspace: 20493K(21248K)->20493K(21248K) NonClass: 18000K(18432K)->18000K(18432K) Class: 2493K(2816K)->2493K(2816K)
[2023-06-07T20:22:37.166-0300][gc           ] GC(1) Pause Young (Concurrent Start) (Metadata GC Threshold) 35M->8M(1024M) 17,338ms
[2023-06-07T20:22:37.166-0300][gc,cpu       ] GC(1) User=0,05s Sys=0,01s Real=0,02s
[2023-06-07T20:22:37.166-0300][gc           ] GC(2) Concurrent Cycle
[2023-06-07T20:22:37.166-0300][gc,marking   ] GC(2) Concurrent Clear Claimed Marks
[2023-06-07T20:22:37.166-0300][gc,marking   ] GC(2) Concurrent Clear Claimed Marks 0,081ms
[2023-06-07T20:22:37.166-0300][gc,marking   ] GC(2) Concurrent Scan Root Regions
[2023-06-07T20:22:37.167-0300][gc,marking   ] GC(2) Concurrent Scan Root Regions 1,532ms
[2023-06-07T20:22:37.168-0300][gc,marking   ] GC(2) Concurrent Mark (2,943s)
[2023-06-07T20:22:37.168-0300][gc,marking   ] GC(2) Concurrent Mark From Roots
[2023-06-07T20:22:37.168-0300][gc,task      ] GC(2) Using 1 workers of 1 for marking
[2023-06-07T20:22:37.183-0300][gc,marking   ] GC(2) Concurrent Mark From Roots 15,840ms
[2023-06-07T20:22:37.183-0300][gc,marking   ] GC(2) Concurrent Preclean
[2023-06-07T20:22:37.184-0300][gc,marking   ] GC(2) Concurrent Preclean 0,114ms
[2023-06-07T20:22:37.184-0300][gc,marking   ] GC(2) Concurrent Mark (2,943s, 2,959s) 16,041ms
[2023-06-07T20:22:37.184-0300][gc,start     ] GC(2) Pause Remark
[2023-06-07T20:22:37.186-0300][gc,stringtable] GC(2) Cleaned string and symbol table, strings: 5311 processed, 0 removed, symbols: 53072 processed, 46 removed
[2023-06-07T20:22:37.187-0300][gc            ] GC(2) Pause Remark 9M->9M(1024M) 2,597ms
[2023-06-07T20:22:37.187-0300][gc,cpu        ] GC(2) User=0,01s Sys=0,00s Real=0,00s
[2023-06-07T20:22:37.187-0300][gc,marking    ] GC(2) Concurrent Rebuild Remembered Sets
[2023-06-07T20:22:37.193-0300][gc,marking    ] GC(2) Concurrent Rebuild Remembered Sets 6,397ms
[2023-06-07T20:22:37.193-0300][gc,start      ] GC(2) Pause Cleanup
[2023-06-07T20:22:37.194-0300][gc            ] GC(2) Pause Cleanup 9M->9M(1024M) 0,314ms
[2023-06-07T20:22:37.194-0300][gc,cpu        ] GC(2) User=0,00s Sys=0,00s Real=0,00s
[2023-06-07T20:22:37.194-0300][gc,marking    ] GC(2) Concurrent Cleanup for Next Mark
[2023-06-07T20:22:37.203-0300][gc,marking    ] GC(2) Concurrent Cleanup for Next Mark 8,830ms
[2023-06-07T20:22:37.203-0300][gc            ] GC(2) Concurrent Cycle 36,787ms
[2023-06-07T20:22:38.428-0300][gc,start      ] GC(3) Pause Young (Normal) (G1 Evacuation Pause)
[2023-06-07T20:22:38.428-0300][gc,task       ] GC(3) Using 4 workers of 4 for evacuation
[2023-06-07T20:22:38.436-0300][gc,phases     ] GC(3)   Pre Evacuate Collection Set: 0,0ms
[2023-06-07T20:22:38.436-0300][gc,phases     ] GC(3)   Evacuate Collection Set: 6,5ms
[2023-06-07T20:22:38.436-0300][gc,phases     ] GC(3)   Post Evacuate Collection Set: 0,9ms
[2023-06-07T20:22:38.436-0300][gc,phases     ] GC(3)   Other: 0,2ms
[2023-06-07T20:22:38.436-0300][gc,heap       ] GC(3) Eden regions: 49->0(46)
[2023-06-07T20:22:38.436-0300][gc,heap       ] GC(3) Survivor regions: 2->5(7)
[2023-06-07T20:22:38.436-0300][gc,heap       ] GC(3) Old regions: 9->9
[2023-06-07T20:22:38.436-0300][gc,heap       ] GC(3) Humongous regions: 129->129
[2023-06-07T20:22:38.436-0300][gc,metaspace  ] GC(3) Metaspace: 28606K(29952K)->28606K(29952K) NonClass: 25286K(26112K)->25286K(26112K) Class: 3319K(3840K)->3319K(3840K)
[2023-06-07T20:22:38.436-0300][gc            ] GC(3) Pause Young (Normal) (G1 Evacuation Pause) 186M->140M(1024M) 7,881ms
[2023-06-07T20:22:38.436-0300][gc,cpu        ] GC(3) User=0,03s Sys=0,00s Real=0,01s
[2023-06-07T20:22:38.928-0300][gc,start      ] GC(4) Pause Young (Concurrent Start) (Metadata GC Threshold)
[2023-06-07T20:22:38.928-0300][gc,task       ] GC(4) Using 4 workers of 4 for evacuation
[2023-06-07T20:22:38.945-0300][gc,phases     ] GC(4)   Pre Evacuate Collection Set: 0,2ms
[2023-06-07T20:22:38.945-0300][gc,phases     ] GC(4)   Evacuate Collection Set: 15,4ms
[2023-06-07T20:22:38.945-0300][gc,phases     ] GC(4)   Post Evacuate Collection Set: 0,5ms
[2023-06-07T20:22:38.945-0300][gc,phases     ] GC(4)   Other: 0,5ms
[2023-06-07T20:22:38.945-0300][gc,heap       ] GC(4) Eden regions: 29->0(49)
[2023-06-07T20:22:38.945-0300][gc,heap       ] GC(4) Survivor regions: 5->2(7)
[2023-06-07T20:22:38.945-0300][gc,heap       ] GC(4) Old regions: 9->13
[2023-06-07T20:22:38.945-0300][gc,heap       ] GC(4) Humongous regions: 129->129
[2023-06-07T20:22:38.945-0300][gc,metaspace  ] GC(4) Metaspace: 34266K(35840K)->34266K(35840K) NonClass: 30257K(31232K)->30257K(31232K) Class: 4009K(4608K)->4009K(4608K)
[2023-06-07T20:22:38.945-0300][gc            ] GC(4) Pause Young (Concurrent Start) (Metadata GC Threshold) 169M->142M(1024M) 16,756ms
[2023-06-07T20:22:38.945-0300][gc,cpu        ] GC(4) User=0,04s Sys=0,00s Real=0,02s
[2023-06-07T20:22:38.945-0300][gc            ] GC(5) Concurrent Cycle
[2023-06-07T20:22:38.945-0300][gc,marking    ] GC(5) Concurrent Clear Claimed Marks
[2023-06-07T20:22:38.945-0300][gc,marking    ] GC(5) Concurrent Clear Claimed Marks 0,104ms
[2023-06-07T20:22:38.945-0300][gc,marking    ] GC(5) Concurrent Scan Root Regions
[2023-06-07T20:22:38.950-0300][gc,marking    ] GC(5) Concurrent Scan Root Regions 4,775ms
[2023-06-07T20:22:38.950-0300][gc,marking    ] GC(5) Concurrent Mark (4,726s)
[2023-06-07T20:22:38.950-0300][gc,marking    ] GC(5) Concurrent Mark From Roots
[2023-06-07T20:22:38.950-0300][gc,task       ] GC(5) Using 1 workers of 1 for marking
[2023-06-07T20:22:39.007-0300][gc,marking    ] GC(5) Concurrent Mark From Roots 56,505ms
[2023-06-07T20:22:39.007-0300][gc,marking    ] GC(5) Concurrent Preclean
[2023-06-07T20:22:39.007-0300][gc,marking    ] GC(5) Concurrent Preclean 0,161ms
[2023-06-07T20:22:39.007-0300][gc,marking    ] GC(5) Concurrent Mark (4,726s, 4,782s) 56,777ms
[2023-06-07T20:22:39.010-0300][gc,start      ] GC(5) Pause Remark
[2023-06-07T20:22:39.014-0300][gc,stringtable] GC(5) Cleaned string and symbol table, strings: 10438 processed, 24 removed, symbols: 84804 processed, 15 removed
[2023-06-07T20:22:39.015-0300][gc            ] GC(5) Pause Remark 145M->145M(1024M) 4,561ms
[2023-06-07T20:22:39.015-0300][gc,cpu        ] GC(5) User=0,02s Sys=0,00s Real=0,00s
[2023-06-07T20:22:39.015-0300][gc,marking    ] GC(5) Concurrent Rebuild Remembered Sets
[2023-06-07T20:22:39.097-0300][gc,marking    ] GC(5) Concurrent Rebuild Remembered Sets 81,893ms
[2023-06-07T20:22:39.163-0300][gc,start      ] GC(5) Pause Cleanup
[2023-06-07T20:22:39.164-0300][gc            ] GC(5) Pause Cleanup 147M->147M(1024M) 0,225ms
[2023-06-07T20:22:39.164-0300][gc,cpu        ] GC(5) User=0,00s Sys=0,00s Real=0,00s
[2023-06-07T20:22:39.164-0300][gc,marking    ] GC(5) Concurrent Cleanup for Next Mark
[2023-06-07T20:22:39.187-0300][gc,marking    ] GC(5) Concurrent Cleanup for Next Mark 23,190ms
[2023-06-07T20:22:39.187-0300][gc            ] GC(5) Concurrent Cycle 241,917ms
