[2023-06-10T10:54:18.510-0300][gc,heap] Heap region size: 1M
[2023-06-10T10:54:18.534-0300][gc     ] Using G1
[2023-06-10T10:54:18.534-0300][gc,heap,coops] Heap address: 0x00000000c0000000, size: 1024 MB, Compressed Oops mode: 32-bit
[2023-06-10T10:54:18.535-0300][gc,cds       ] Mark closed archive regions in map: [0x00000000fff00000, 0x00000000fff6aff8]
[2023-06-10T10:54:18.535-0300][gc,cds       ] Mark open archive regions in map: [0x00000000ffe00000, 0x00000000ffe46ff8]
[2023-06-10T10:54:21.458-0300][gc,start     ] GC(0) Pause Young (Normal) (G1 Evacuation Pause)
[2023-06-10T10:54:21.458-0300][gc,task      ] GC(0) Using 4 workers of 4 for evacuation
[2023-06-10T10:54:21.471-0300][gc,phases    ] GC(0)   Pre Evacuate Collection Set: 0,0ms
[2023-06-10T10:54:21.471-0300][gc,phases    ] GC(0)   Evacuate Collection Set: 12,0ms
[2023-06-10T10:54:21.471-0300][gc,phases    ] GC(0)   Post Evacuate Collection Set: 0,8ms
[2023-06-10T10:54:21.471-0300][gc,phases    ] GC(0)   Other: 0,8ms
[2023-06-10T10:54:21.471-0300][gc,heap      ] GC(0) Eden regions: 51->0(44)
[2023-06-10T10:54:21.471-0300][gc,heap      ] GC(0) Survivor regions: 0->7(7)
[2023-06-10T10:54:21.471-0300][gc,heap      ] GC(0) Old regions: 2->2
[2023-06-10T10:54:21.471-0300][gc,heap      ] GC(0) Humongous regions: 0->0
[2023-06-10T10:54:21.471-0300][gc,metaspace ] GC(0) Metaspace: 14272K(15104K)->14272K(15104K) NonClass: 12522K(13056K)->12522K(13056K) Class: 1750K(2048K)->1750K(2048K)
[2023-06-10T10:54:21.471-0300][gc           ] GC(0) Pause Young (Normal) (G1 Evacuation Pause) 51M->7M(1024M) 13,844ms
[2023-06-10T10:54:21.471-0300][gc,cpu       ] GC(0) User=0,05s Sys=0,00s Real=0,01s
[2023-06-10T10:54:22.294-0300][gc,start     ] GC(1) Pause Young (Concurrent Start) (Metadata GC Threshold)
[2023-06-10T10:54:22.294-0300][gc,task      ] GC(1) Using 4 workers of 4 for evacuation
[2023-06-10T10:54:22.309-0300][gc,phases    ] GC(1)   Pre Evacuate Collection Set: 0,1ms
[2023-06-10T10:54:22.309-0300][gc,phases    ] GC(1)   Evacuate Collection Set: 13,9ms
[2023-06-10T10:54:22.309-0300][gc,phases    ] GC(1)   Post Evacuate Collection Set: 0,6ms
[2023-06-10T10:54:22.309-0300][gc,phases    ] GC(1)   Other: 0,3ms
[2023-06-10T10:54:22.309-0300][gc,heap      ] GC(1) Eden regions: 29->0(49)
[2023-06-10T10:54:22.309-0300][gc,heap      ] GC(1) Survivor regions: 7->2(7)
[2023-06-10T10:54:22.309-0300][gc,heap      ] GC(1) Old regions: 2->9
[2023-06-10T10:54:22.309-0300][gc,heap      ] GC(1) Humongous regions: 0->0
[2023-06-10T10:54:22.309-0300][gc,metaspace ] GC(1) Metaspace: 20489K(21248K)->20489K(21248K) NonClass: 18006K(18432K)->18006K(18432K) Class: 2483K(2816K)->2483K(2816K)
[2023-06-10T10:54:22.309-0300][gc           ] GC(1) Pause Young (Concurrent Start) (Metadata GC Threshold) 35M->8M(1024M) 14,994ms
[2023-06-10T10:54:22.309-0300][gc,cpu       ] GC(1) User=0,05s Sys=0,00s Real=0,02s
[2023-06-10T10:54:22.309-0300][gc           ] GC(2) Concurrent Cycle
[2023-06-10T10:54:22.309-0300][gc,marking   ] GC(2) Concurrent Clear Claimed Marks
[2023-06-10T10:54:22.309-0300][gc,marking   ] GC(2) Concurrent Clear Claimed Marks 0,052ms
[2023-06-10T10:54:22.309-0300][gc,marking   ] GC(2) Concurrent Scan Root Regions
[2023-06-10T10:54:22.311-0300][gc,marking   ] GC(2) Concurrent Scan Root Regions 1,585ms
[2023-06-10T10:54:22.311-0300][gc,marking   ] GC(2) Concurrent Mark (3,807s)
[2023-06-10T10:54:22.311-0300][gc,marking   ] GC(2) Concurrent Mark From Roots
[2023-06-10T10:54:22.311-0300][gc,task      ] GC(2) Using 1 workers of 1 for marking
[2023-06-10T10:54:22.325-0300][gc,marking   ] GC(2) Concurrent Mark From Roots 14,294ms
[2023-06-10T10:54:22.325-0300][gc,marking   ] GC(2) Concurrent Preclean
[2023-06-10T10:54:22.325-0300][gc,marking   ] GC(2) Concurrent Preclean 0,155ms
[2023-06-10T10:54:22.325-0300][gc,marking   ] GC(2) Concurrent Mark (3,807s, 3,821s) 14,541ms
[2023-06-10T10:54:22.326-0300][gc,start     ] GC(2) Pause Remark
[2023-06-10T10:54:22.330-0300][gc,stringtable] GC(2) Cleaned string and symbol table, strings: 5251 processed, 0 removed, symbols: 52865 processed, 44 removed
[2023-06-10T10:54:22.330-0300][gc            ] GC(2) Pause Remark 9M->9M(1024M) 4,848ms
[2023-06-10T10:54:22.331-0300][gc,cpu        ] GC(2) User=0,01s Sys=0,00s Real=0,00s
[2023-06-10T10:54:22.331-0300][gc,marking    ] GC(2) Concurrent Rebuild Remembered Sets
[2023-06-10T10:54:22.336-0300][gc,marking    ] GC(2) Concurrent Rebuild Remembered Sets 5,764ms
[2023-06-10T10:54:22.337-0300][gc,start      ] GC(2) Pause Cleanup
[2023-06-10T10:54:22.337-0300][gc            ] GC(2) Pause Cleanup 9M->9M(1024M) 0,235ms
[2023-06-10T10:54:22.337-0300][gc,cpu        ] GC(2) User=0,00s Sys=0,00s Real=0,00s
[2023-06-10T10:54:22.337-0300][gc,marking    ] GC(2) Concurrent Cleanup for Next Mark
[2023-06-10T10:54:22.345-0300][gc,marking    ] GC(2) Concurrent Cleanup for Next Mark 7,993ms
[2023-06-10T10:54:22.345-0300][gc            ] GC(2) Concurrent Cycle 35,738ms
[2023-06-10T10:54:23.390-0300][gc,start      ] GC(3) Pause Young (Concurrent Start) (G1 Evacuation Pause)
[2023-06-10T10:54:23.390-0300][gc,task       ] GC(3) Using 4 workers of 4 for evacuation
[2023-06-10T10:54:23.397-0300][gc,phases     ] GC(3)   Pre Evacuate Collection Set: 0,1ms
[2023-06-10T10:54:23.397-0300][gc,phases     ] GC(3)   Evacuate Collection Set: 6,5ms
[2023-06-10T10:54:23.397-0300][gc,phases     ] GC(3)   Post Evacuate Collection Set: 0,4ms
[2023-06-10T10:54:23.397-0300][gc,phases     ] GC(3)   Other: 0,3ms
[2023-06-10T10:54:23.397-0300][gc,heap       ] GC(3) Eden regions: 49->0(47)
[2023-06-10T10:54:23.397-0300][gc,heap       ] GC(3) Survivor regions: 2->4(7)
[2023-06-10T10:54:23.397-0300][gc,heap       ] GC(3) Old regions: 9->9
[2023-06-10T10:54:23.397-0300][gc,heap       ] GC(3) Humongous regions: 129->129
[2023-06-10T10:54:23.397-0300][gc,metaspace  ] GC(3) Metaspace: 28941K(30336K)->28941K(30336K) NonClass: 25523K(26368K)->25523K(26368K) Class: 3417K(3968K)->3417K(3968K)
[2023-06-10T10:54:23.397-0300][gc            ] GC(3) Pause Young (Concurrent Start) (G1 Evacuation Pause) 186M->140M(1024M) 7,445ms
[2023-06-10T10:54:23.397-0300][gc,cpu        ] GC(3) User=0,03s Sys=0,00s Real=0,01s
[2023-06-10T10:54:23.397-0300][gc            ] GC(4) Concurrent Cycle
[2023-06-10T10:54:23.397-0300][gc,marking    ] GC(4) Concurrent Clear Claimed Marks
[2023-06-10T10:54:23.397-0300][gc,marking    ] GC(4) Concurrent Clear Claimed Marks 0,083ms
[2023-06-10T10:54:23.397-0300][gc,marking    ] GC(4) Concurrent Scan Root Regions
[2023-06-10T10:54:23.402-0300][gc,marking    ] GC(4) Concurrent Scan Root Regions 4,785ms
[2023-06-10T10:54:23.402-0300][gc,marking    ] GC(4) Concurrent Mark (4,898s)
[2023-06-10T10:54:23.402-0300][gc,marking    ] GC(4) Concurrent Mark From Roots
[2023-06-10T10:54:23.402-0300][gc,task       ] GC(4) Using 1 workers of 1 for marking
[2023-06-10T10:54:23.420-0300][gc,marking    ] GC(4) Concurrent Mark From Roots 17,847ms
[2023-06-10T10:54:23.420-0300][gc,marking    ] GC(4) Concurrent Preclean
[2023-06-10T10:54:23.420-0300][gc,marking    ] GC(4) Concurrent Preclean 0,148ms
[2023-06-10T10:54:23.420-0300][gc,marking    ] GC(4) Concurrent Mark (4,898s, 4,916s) 18,102ms
[2023-06-10T10:54:23.421-0300][gc,start      ] GC(4) Pause Remark
[2023-06-10T10:54:23.424-0300][gc,stringtable] GC(4) Cleaned string and symbol table, strings: 8072 processed, 26 removed, symbols: 67057 processed, 9 removed
[2023-06-10T10:54:23.424-0300][gc            ] GC(4) Pause Remark 141M->141M(1024M) 3,782ms
[2023-06-10T10:54:23.424-0300][gc,cpu        ] GC(4) User=0,02s Sys=0,00s Real=0,01s
[2023-06-10T10:54:23.424-0300][gc,marking    ] GC(4) Concurrent Rebuild Remembered Sets
[2023-06-10T10:54:23.433-0300][gc,marking    ] GC(4) Concurrent Rebuild Remembered Sets 8,298ms
[2023-06-10T10:54:23.433-0300][gc,start      ] GC(4) Pause Cleanup
[2023-06-10T10:54:23.433-0300][gc            ] GC(4) Pause Cleanup 141M->141M(1024M) 0,233ms
[2023-06-10T10:54:23.433-0300][gc,cpu        ] GC(4) User=0,00s Sys=0,00s Real=0,00s
[2023-06-10T10:54:23.433-0300][gc,marking    ] GC(4) Concurrent Cleanup for Next Mark
[2023-06-10T10:54:23.445-0300][gc,marking    ] GC(4) Concurrent Cleanup for Next Mark 11,533ms
[2023-06-10T10:54:23.445-0300][gc            ] GC(4) Concurrent Cycle 47,864ms
[2023-06-10T10:54:24.586-0300][gc,start      ] GC(5) Pause Young (Normal) (G1 Evacuation Pause)
[2023-06-10T10:54:24.586-0300][gc,task       ] GC(5) Using 4 workers of 4 for evacuation
[2023-06-10T10:54:24.603-0300][gc,phases     ] GC(5)   Pre Evacuate Collection Set: 0,0ms
[2023-06-10T10:54:24.603-0300][gc,phases     ] GC(5)   Evacuate Collection Set: 16,8ms
[2023-06-10T10:54:24.603-0300][gc,phases     ] GC(5)   Post Evacuate Collection Set: 0,5ms
[2023-06-10T10:54:24.603-0300][gc,phases     ] GC(5)   Other: 0,3ms
[2023-06-10T10:54:24.603-0300][gc,heap       ] GC(5) Eden regions: 47->0(44)
[2023-06-10T10:54:24.603-0300][gc,heap       ] GC(5) Survivor regions: 4->7(7)
[2023-06-10T10:54:24.603-0300][gc,heap       ] GC(5) Old regions: 9->10
[2023-06-10T10:54:24.603-0300][gc,heap       ] GC(5) Humongous regions: 129->129
[2023-06-10T10:54:24.603-0300][gc,metaspace  ] GC(5) Metaspace: 37756K(39552K)->37756K(39552K) NonClass: 33126K(34048K)->33126K(34048K) Class: 4629K(5504K)->4629K(5504K)
[2023-06-10T10:54:24.603-0300][gc            ] GC(5) Pause Young (Normal) (G1 Evacuation Pause) 187M->143M(1024M) 17,757ms
[2023-06-10T10:54:24.603-0300][gc,cpu        ] GC(5) User=0,05s Sys=0,00s Real=0,01s
[2023-06-10T10:59:55.220-0300][gc,start      ] GC(6) Pause Young (Normal) (G1 Evacuation Pause)
[2023-06-10T10:59:55.220-0300][gc,task       ] GC(6) Using 4 workers of 4 for evacuation
[2023-06-10T10:59:55.250-0300][gc,mmu        ] GC(6) MMU target violated: 21,0ms (20,0ms/21,0ms)
[2023-06-10T10:59:55.250-0300][gc,phases     ] GC(6)   Pre Evacuate Collection Set: 0,0ms
[2023-06-10T10:59:55.250-0300][gc,phases     ] GC(6)   Evacuate Collection Set: 26,8ms
[2023-06-10T10:59:55.250-0300][gc,phases     ] GC(6)   Post Evacuate Collection Set: 2,3ms
[2023-06-10T10:59:55.250-0300][gc,phases     ] GC(6)   Other: 0,4ms
[2023-06-10T10:59:55.250-0300][gc,heap       ] GC(6) Eden regions: 44->0(45)
[2023-06-10T10:59:55.250-0300][gc,heap       ] GC(6) Survivor regions: 7->6(7)
[2023-06-10T10:59:55.250-0300][gc,heap       ] GC(6) Old regions: 10->13
[2023-06-10T10:59:55.250-0300][gc,heap       ] GC(6) Humongous regions: 129->129
[2023-06-10T10:59:55.250-0300][gc,metaspace  ] GC(6) Metaspace: 42821K(45696K)->42821K(45696K) NonClass: 37186K(38656K)->37186K(38656K) Class: 5634K(7040K)->5634K(7040K)
[2023-06-10T10:59:55.250-0300][gc            ] GC(6) Pause Young (Normal) (G1 Evacuation Pause) 187M->145M(1024M) 29,674ms
[2023-06-10T10:59:55.250-0300][gc,cpu        ] GC(6) User=0,05s Sys=0,00s Real=0,03s
[2023-06-10T11:17:23.169-0300][gc,start      ] GC(7) Pause Young (Normal) (G1 Evacuation Pause)
[2023-06-10T11:17:23.169-0300][gc,task       ] GC(7) Using 4 workers of 4 for evacuation
[2023-06-10T11:17:23.213-0300][gc,mmu        ] GC(7) MMU target violated: 21,0ms (20,0ms/21,0ms)
[2023-06-10T11:17:23.213-0300][gc,phases     ] GC(7)   Pre Evacuate Collection Set: 0,1ms
[2023-06-10T11:17:23.213-0300][gc,phases     ] GC(7)   Evacuate Collection Set: 42,5ms
[2023-06-10T11:17:23.213-0300][gc,phases     ] GC(7)   Post Evacuate Collection Set: 0,8ms
[2023-06-10T11:17:23.213-0300][gc,phases     ] GC(7)   Other: 0,4ms
[2023-06-10T11:17:23.213-0300][gc,heap       ] GC(7) Eden regions: 45->0(46)
[2023-06-10T11:17:23.213-0300][gc,heap       ] GC(7) Survivor regions: 6->5(7)
[2023-06-10T11:17:23.213-0300][gc,heap       ] GC(7) Old regions: 13->16
[2023-06-10T11:17:23.213-0300][gc,heap       ] GC(7) Humongous regions: 129->129
[2023-06-10T11:17:23.213-0300][gc,metaspace  ] GC(7) Metaspace: 44237K(47104K)->44237K(47104K) NonClass: 38534K(39936K)->38534K(39936K) Class: 5703K(7168K)->5703K(7168K)
[2023-06-10T11:17:23.213-0300][gc            ] GC(7) Pause Young (Normal) (G1 Evacuation Pause) 190M->147M(1024M) 43,950ms
[2023-06-10T11:17:23.213-0300][gc,cpu        ] GC(7) User=0,04s Sys=0,00s Real=0,04s
[2023-06-10T11:24:32.536-0300][gc,heap,exit  ] Heap
[2023-06-10T11:24:32.536-0300][gc,heap,exit  ]  garbage-first heap   total 1048576K, used 196078K [0x00000000c0000000, 0x0000000100000000)
[2023-06-10T11:24:32.536-0300][gc,heap,exit  ]   region size 1024K, 51 young (52224K), 5 survivors (5120K)
[2023-06-10T11:24:32.536-0300][gc,heap,exit  ]  Metaspace       used 45563K, capacity 48587K, committed 48640K, reserved 1091584K
[2023-06-10T11:24:32.536-0300][gc,heap,exit  ]   class space    used 5928K, capacity 7399K, committed 7424K, reserved 1048576K
