[2023-06-07T20:39:30.588-0300][gc,heap] Heap region size: 1M
[2023-06-07T20:39:30.601-0300][gc     ] Using G1
[2023-06-07T20:39:30.601-0300][gc,heap,coops] Heap address: 0x00000000c0000000, size: 1024 MB, Compressed Oops mode: 32-bit
[2023-06-07T20:39:30.601-0300][gc,cds       ] Mark closed archive regions in map: [0x00000000fff00000, 0x00000000fff6aff8]
[2023-06-07T20:39:30.601-0300][gc,cds       ] Mark open archive regions in map: [0x00000000ffe00000, 0x00000000ffe46ff8]
[2023-06-07T20:39:32.615-0300][gc,start     ] GC(0) Pause Young (Normal) (G1 Evacuation Pause)
[2023-06-07T20:39:32.616-0300][gc,task      ] GC(0) Using 4 workers of 4 for evacuation
[2023-06-07T20:39:32.630-0300][gc,phases    ] GC(0)   Pre Evacuate Collection Set: 0,1ms
[2023-06-07T20:39:32.630-0300][gc,phases    ] GC(0)   Evacuate Collection Set: 13,9ms
[2023-06-07T20:39:32.630-0300][gc,phases    ] GC(0)   Post Evacuate Collection Set: 0,5ms
[2023-06-07T20:39:32.631-0300][gc,phases    ] GC(0)   Other: 1,4ms
[2023-06-07T20:39:32.631-0300][gc,heap      ] GC(0) Eden regions: 51->0(44)
[2023-06-07T20:39:32.631-0300][gc,heap      ] GC(0) Survivor regions: 0->7(7)
[2023-06-07T20:39:32.631-0300][gc,heap      ] GC(0) Old regions: 2->2
[2023-06-07T20:39:32.631-0300][gc,heap      ] GC(0) Humongous regions: 0->0
[2023-06-07T20:39:32.631-0300][gc,metaspace ] GC(0) Metaspace: 14281K(15104K)->14281K(15104K) NonClass: 12529K(13056K)->12529K(13056K) Class: 1751K(2048K)->1751K(2048K)
[2023-06-07T20:39:32.631-0300][gc           ] GC(0) Pause Young (Normal) (G1 Evacuation Pause) 51M->7M(1024M) 15,993ms
[2023-06-07T20:39:32.631-0300][gc,cpu       ] GC(0) User=0,04s Sys=0,00s Real=0,02s
[2023-06-07T20:39:33.351-0300][gc,start     ] GC(1) Pause Young (Concurrent Start) (Metadata GC Threshold)
[2023-06-07T20:39:33.351-0300][gc,task      ] GC(1) Using 4 workers of 4 for evacuation
[2023-06-07T20:39:33.365-0300][gc,phases    ] GC(1)   Pre Evacuate Collection Set: 0,1ms
[2023-06-07T20:39:33.365-0300][gc,phases    ] GC(1)   Evacuate Collection Set: 13,1ms
[2023-06-07T20:39:33.365-0300][gc,phases    ] GC(1)   Post Evacuate Collection Set: 0,5ms
[2023-06-07T20:39:33.365-0300][gc,phases    ] GC(1)   Other: 0,6ms
[2023-06-07T20:39:33.365-0300][gc,heap      ] GC(1) Eden regions: 28->0(49)
[2023-06-07T20:39:33.365-0300][gc,heap      ] GC(1) Survivor regions: 7->2(7)
[2023-06-07T20:39:33.365-0300][gc,heap      ] GC(1) Old regions: 2->9
[2023-06-07T20:39:33.365-0300][gc,heap      ] GC(1) Humongous regions: 0->0
[2023-06-07T20:39:33.365-0300][gc,metaspace ] GC(1) Metaspace: 20509K(21248K)->20509K(21248K) NonClass: 18026K(18432K)->18026K(18432K) Class: 2483K(2816K)->2483K(2816K)
[2023-06-07T20:39:33.365-0300][gc           ] GC(1) Pause Young (Concurrent Start) (Metadata GC Threshold) 34M->8M(1024M) 14,448ms
[2023-06-07T20:39:33.365-0300][gc,cpu       ] GC(1) User=0,03s Sys=0,00s Real=0,01s
[2023-06-07T20:39:33.365-0300][gc           ] GC(2) Concurrent Cycle
[2023-06-07T20:39:33.365-0300][gc,marking   ] GC(2) Concurrent Clear Claimed Marks
[2023-06-07T20:39:33.365-0300][gc,marking   ] GC(2) Concurrent Clear Claimed Marks 0,049ms
[2023-06-07T20:39:33.365-0300][gc,marking   ] GC(2) Concurrent Scan Root Regions
[2023-06-07T20:39:33.367-0300][gc,marking   ] GC(2) Concurrent Scan Root Regions 1,311ms
[2023-06-07T20:39:33.367-0300][gc,marking   ] GC(2) Concurrent Mark (2,783s)
[2023-06-07T20:39:33.367-0300][gc,marking   ] GC(2) Concurrent Mark From Roots
[2023-06-07T20:39:33.367-0300][gc,task      ] GC(2) Using 1 workers of 1 for marking
[2023-06-07T20:39:33.382-0300][gc,marking   ] GC(2) Concurrent Mark From Roots 15,304ms
[2023-06-07T20:39:33.382-0300][gc,marking   ] GC(2) Concurrent Preclean
[2023-06-07T20:39:33.382-0300][gc,marking   ] GC(2) Concurrent Preclean 0,157ms
[2023-06-07T20:39:33.382-0300][gc,marking   ] GC(2) Concurrent Mark (2,783s, 2,799s) 15,565ms
[2023-06-07T20:39:33.383-0300][gc,start     ] GC(2) Pause Remark
[2023-06-07T20:39:33.386-0300][gc,stringtable] GC(2) Cleaned string and symbol table, strings: 5253 processed, 0 removed, symbols: 52880 processed, 44 removed
[2023-06-07T20:39:33.386-0300][gc            ] GC(2) Pause Remark 8M->8M(1024M) 3,677ms
[2023-06-07T20:39:33.386-0300][gc,cpu        ] GC(2) User=0,01s Sys=0,00s Real=0,00s
[2023-06-07T20:39:33.386-0300][gc,marking    ] GC(2) Concurrent Rebuild Remembered Sets
[2023-06-07T20:39:33.394-0300][gc,marking    ] GC(2) Concurrent Rebuild Remembered Sets 7,864ms
[2023-06-07T20:39:33.394-0300][gc,start      ] GC(2) Pause Cleanup
[2023-06-07T20:39:33.395-0300][gc            ] GC(2) Pause Cleanup 9M->9M(1024M) 0,278ms
[2023-06-07T20:39:33.395-0300][gc,cpu        ] GC(2) User=0,00s Sys=0,00s Real=0,00s
[2023-06-07T20:39:33.395-0300][gc,marking    ] GC(2) Concurrent Cleanup for Next Mark
[2023-06-07T20:39:33.406-0300][gc,marking    ] GC(2) Concurrent Cleanup for Next Mark 11,105ms
[2023-06-07T20:39:33.406-0300][gc            ] GC(2) Concurrent Cycle 40,590ms
[2023-06-07T20:39:34.359-0300][gc,start      ] GC(3) Pause Young (Normal) (G1 Evacuation Pause)
[2023-06-07T20:39:34.359-0300][gc,task       ] GC(3) Using 4 workers of 4 for evacuation
[2023-06-07T20:39:34.369-0300][gc,phases     ] GC(3)   Pre Evacuate Collection Set: 0,0ms
[2023-06-07T20:39:34.369-0300][gc,phases     ] GC(3)   Evacuate Collection Set: 9,3ms
[2023-06-07T20:39:34.369-0300][gc,phases     ] GC(3)   Post Evacuate Collection Set: 0,7ms
[2023-06-07T20:39:34.369-0300][gc,phases     ] GC(3)   Other: 0,2ms
[2023-06-07T20:39:34.369-0300][gc,heap       ] GC(3) Eden regions: 49->0(46)
[2023-06-07T20:39:34.369-0300][gc,heap       ] GC(3) Survivor regions: 2->5(7)
[2023-06-07T20:39:34.369-0300][gc,heap       ] GC(3) Old regions: 9->9
[2023-06-07T20:39:34.369-0300][gc,heap       ] GC(3) Humongous regions: 129->129
[2023-06-07T20:39:34.369-0300][gc,metaspace  ] GC(3) Metaspace: 28666K(29952K)->28666K(29952K) NonClass: 25329K(26112K)->25329K(26112K) Class: 3337K(3840K)->3337K(3840K)
[2023-06-07T20:39:34.369-0300][gc            ] GC(3) Pause Young (Normal) (G1 Evacuation Pause) 186M->140M(1024M) 10,430ms
[2023-06-07T20:39:34.369-0300][gc,cpu        ] GC(3) User=0,02s Sys=0,01s Real=0,01s
[2023-06-07T20:39:35.119-0300][gc,start      ] GC(4) Pause Young (Concurrent Start) (Metadata GC Threshold)
[2023-06-07T20:39:35.119-0300][gc,task       ] GC(4) Using 4 workers of 4 for evacuation
[2023-06-07T20:39:35.142-0300][gc,mmu        ] GC(4) MMU target violated: 21,0ms (20,0ms/21,0ms)
[2023-06-07T20:39:35.143-0300][gc,phases     ] GC(4)   Pre Evacuate Collection Set: 0,1ms
[2023-06-07T20:39:35.143-0300][gc,phases     ] GC(4)   Evacuate Collection Set: 22,5ms
[2023-06-07T20:39:35.143-0300][gc,phases     ] GC(4)   Post Evacuate Collection Set: 0,5ms
[2023-06-07T20:39:35.143-0300][gc,phases     ] GC(4)   Other: 0,7ms
[2023-06-07T20:39:35.143-0300][gc,heap       ] GC(4) Eden regions: 30->0(49)
[2023-06-07T20:39:35.143-0300][gc,heap       ] GC(4) Survivor regions: 5->2(7)
[2023-06-07T20:39:35.143-0300][gc,heap       ] GC(4) Old regions: 9->13
[2023-06-07T20:39:35.143-0300][gc,heap       ] GC(4) Humongous regions: 129->129
[2023-06-07T20:39:35.143-0300][gc,metaspace  ] GC(4) Metaspace: 34466K(35840K)->34466K(35840K) NonClass: 30424K(31104K)->30424K(31104K) Class: 4041K(4736K)->4041K(4736K)
[2023-06-07T20:39:35.143-0300][gc            ] GC(4) Pause Young (Concurrent Start) (Metadata GC Threshold) 170M->142M(1024M) 24,071ms
[2023-06-07T20:39:35.143-0300][gc,cpu        ] GC(4) User=0,04s Sys=0,00s Real=0,02s
[2023-06-07T20:39:35.143-0300][gc            ] GC(5) Concurrent Cycle
[2023-06-07T20:39:35.143-0300][gc,marking    ] GC(5) Concurrent Clear Claimed Marks
[2023-06-07T20:39:35.143-0300][gc,marking    ] GC(5) Concurrent Clear Claimed Marks 0,106ms
[2023-06-07T20:39:35.143-0300][gc,marking    ] GC(5) Concurrent Scan Root Regions
[2023-06-07T20:39:35.145-0300][gc,marking    ] GC(5) Concurrent Scan Root Regions 2,481ms
[2023-06-07T20:39:35.146-0300][gc,marking    ] GC(5) Concurrent Mark (4,562s)
[2023-06-07T20:39:35.146-0300][gc,marking    ] GC(5) Concurrent Mark From Roots
[2023-06-07T20:39:35.146-0300][gc,task       ] GC(5) Using 1 workers of 1 for marking
[2023-06-07T20:39:35.193-0300][gc,marking    ] GC(5) Concurrent Mark From Roots 47,284ms
[2023-06-07T20:39:35.193-0300][gc,marking    ] GC(5) Concurrent Preclean
[2023-06-07T20:39:35.193-0300][gc,marking    ] GC(5) Concurrent Preclean 0,138ms
[2023-06-07T20:39:35.193-0300][gc,marking    ] GC(5) Concurrent Mark (4,562s, 4,610s) 47,550ms
[2023-06-07T20:39:35.197-0300][gc,start      ] GC(5) Pause Remark
[2023-06-07T20:39:35.207-0300][gc,stringtable] GC(5) Cleaned string and symbol table, strings: 10421 processed, 24 removed, symbols: 84650 processed, 13 removed
[2023-06-07T20:39:35.208-0300][gc            ] GC(5) Pause Remark 144M->144M(1024M) 10,387ms
[2023-06-07T20:39:35.208-0300][gc,cpu        ] GC(5) User=0,02s Sys=0,00s Real=0,01s
[2023-06-07T20:39:35.208-0300][gc,marking    ] GC(5) Concurrent Rebuild Remembered Sets
[2023-06-07T20:39:35.243-0300][gc,marking    ] GC(5) Concurrent Rebuild Remembered Sets 35,497ms
[2023-06-07T20:39:35.246-0300][gc,start      ] GC(5) Pause Cleanup
[2023-06-07T20:39:35.246-0300][gc            ] GC(5) Pause Cleanup 146M->146M(1024M) 0,479ms
[2023-06-07T20:39:35.246-0300][gc,cpu        ] GC(5) User=0,00s Sys=0,00s Real=0,00s
[2023-06-07T20:39:35.246-0300][gc,marking    ] GC(5) Concurrent Cleanup for Next Mark
[2023-06-07T20:39:35.280-0300][gc,marking    ] GC(5) Concurrent Cleanup for Next Mark 33,347ms
[2023-06-07T20:39:35.280-0300][gc            ] GC(5) Concurrent Cycle 137,111ms
[2023-06-07T20:40:32.216-0300][gc,start      ] GC(6) Pause Young (Normal) (G1 Evacuation Pause)
[2023-06-07T20:40:32.216-0300][gc,task       ] GC(6) Using 4 workers of 4 for evacuation
[2023-06-07T20:40:32.237-0300][gc,mmu        ] GC(6) MMU target violated: 20,6ms (20,0ms/21,0ms)
[2023-06-07T20:40:32.237-0300][gc,phases     ] GC(6)   Pre Evacuate Collection Set: 0,0ms
[2023-06-07T20:40:32.237-0300][gc,phases     ] GC(6)   Evacuate Collection Set: 19,7ms
[2023-06-07T20:40:32.237-0300][gc,phases     ] GC(6)   Post Evacuate Collection Set: 0,7ms
[2023-06-07T20:40:32.237-0300][gc,phases     ] GC(6)   Other: 0,3ms
[2023-06-07T20:40:32.237-0300][gc,heap       ] GC(6) Eden regions: 49->0(46)
[2023-06-07T20:40:32.237-0300][gc,heap       ] GC(6) Survivor regions: 2->5(7)
[2023-06-07T20:40:32.237-0300][gc,heap       ] GC(6) Old regions: 13->13
[2023-06-07T20:40:32.237-0300][gc,heap       ] GC(6) Humongous regions: 129->129
[2023-06-07T20:40:32.237-0300][gc,metaspace  ] GC(6) Metaspace: 40909K(43392K)->40909K(43392K) NonClass: 35610K(36864K)->35610K(36864K) Class: 5298K(6528K)->5298K(6528K)
[2023-06-07T20:40:32.237-0300][gc            ] GC(6) Pause Young (Normal) (G1 Evacuation Pause) 191M->144M(1024M) 20,971ms
[2023-06-07T20:40:32.237-0300][gc,cpu        ] GC(6) User=0,05s Sys=0,01s Real=0,02s
[2023-06-07T20:41:14.394-0300][gc,heap,exit  ] Heap
[2023-06-07T20:41:14.394-0300][gc,heap,exit  ]  garbage-first heap   total 1048576K, used 169874K [0x00000000c0000000, 0x0000000100000000)
[2023-06-07T20:41:14.394-0300][gc,heap,exit  ]   region size 1024K, 28 young (28672K), 5 survivors (5120K)
[2023-06-07T20:41:14.394-0300][gc,heap,exit  ]  Metaspace       used 43764K, capacity 46688K, committed 46848K, reserved 1089536K
[2023-06-07T20:41:14.394-0300][gc,heap,exit  ]   class space    used 5890K, capacity 7350K, committed 7424K, reserved 1048576K
