[2023-06-07T20:35:40.617-0300][gc,heap] Heap region size: 1M
[2023-06-07T20:35:40.637-0300][gc     ] Using G1
[2023-06-07T20:35:40.637-0300][gc,heap,coops] Heap address: 0x00000000c0000000, size: 1024 MB, Compressed Oops mode: 32-bit
[2023-06-07T20:35:40.637-0300][gc,cds       ] Mark closed archive regions in map: [0x00000000fff00000, 0x00000000fff6aff8]
[2023-06-07T20:35:40.638-0300][gc,cds       ] Mark open archive regions in map: [0x00000000ffe00000, 0x00000000ffe46ff8]
[2023-06-07T20:35:43.417-0300][gc,start     ] GC(0) Pause Young (Normal) (G1 Evacuation Pause)
[2023-06-07T20:35:43.417-0300][gc,task      ] GC(0) Using 4 workers of 4 for evacuation
[2023-06-07T20:35:43.431-0300][gc,phases    ] GC(0)   Pre Evacuate Collection Set: 0,0ms
[2023-06-07T20:35:43.431-0300][gc,phases    ] GC(0)   Evacuate Collection Set: 12,8ms
[2023-06-07T20:35:43.431-0300][gc,phases    ] GC(0)   Post Evacuate Collection Set: 0,5ms
[2023-06-07T20:35:43.431-0300][gc,phases    ] GC(0)   Other: 0,7ms
[2023-06-07T20:35:43.431-0300][gc,heap      ] GC(0) Eden regions: 51->0(44)
[2023-06-07T20:35:43.431-0300][gc,heap      ] GC(0) Survivor regions: 0->7(7)
[2023-06-07T20:35:43.431-0300][gc,heap      ] GC(0) Old regions: 2->2
[2023-06-07T20:35:43.431-0300][gc,heap      ] GC(0) Humongous regions: 0->0
[2023-06-07T20:35:43.431-0300][gc,metaspace ] GC(0) Metaspace: 14284K(15104K)->14284K(15104K) NonClass: 12532K(13056K)->12532K(13056K) Class: 1752K(2048K)->1752K(2048K)
[2023-06-07T20:35:43.431-0300][gc           ] GC(0) Pause Young (Normal) (G1 Evacuation Pause) 51M->7M(1024M) 14,213ms
[2023-06-07T20:35:43.431-0300][gc,cpu       ] GC(0) User=0,05s Sys=0,00s Real=0,01s
[2023-06-07T20:35:44.306-0300][gc,start     ] GC(1) Pause Young (Concurrent Start) (Metadata GC Threshold)
[2023-06-07T20:35:44.306-0300][gc,task      ] GC(1) Using 4 workers of 4 for evacuation
[2023-06-07T20:35:44.323-0300][gc,phases    ] GC(1)   Pre Evacuate Collection Set: 0,0ms
[2023-06-07T20:35:44.323-0300][gc,phases    ] GC(1)   Evacuate Collection Set: 16,2ms
[2023-06-07T20:35:44.323-0300][gc,phases    ] GC(1)   Post Evacuate Collection Set: 0,5ms
[2023-06-07T20:35:44.323-0300][gc,phases    ] GC(1)   Other: 0,3ms
[2023-06-07T20:35:44.323-0300][gc,heap      ] GC(1) Eden regions: 28->0(49)
[2023-06-07T20:35:44.323-0300][gc,heap      ] GC(1) Survivor regions: 7->2(7)
[2023-06-07T20:35:44.323-0300][gc,heap      ] GC(1) Old regions: 2->9
[2023-06-07T20:35:44.323-0300][gc,heap      ] GC(1) Humongous regions: 0->0
[2023-06-07T20:35:44.323-0300][gc,metaspace ] GC(1) Metaspace: 20510K(21248K)->20510K(21248K) NonClass: 18016K(18432K)->18016K(18432K) Class: 2493K(2816K)->2493K(2816K)
[2023-06-07T20:35:44.323-0300][gc           ] GC(1) Pause Young (Concurrent Start) (Metadata GC Threshold) 35M->8M(1024M) 17,268ms
[2023-06-07T20:35:44.324-0300][gc,cpu       ] GC(1) User=0,05s Sys=0,01s Real=0,02s
[2023-06-07T20:35:44.324-0300][gc           ] GC(2) Concurrent Cycle
[2023-06-07T20:35:44.324-0300][gc,marking   ] GC(2) Concurrent Clear Claimed Marks
[2023-06-07T20:35:44.324-0300][gc,marking   ] GC(2) Concurrent Clear Claimed Marks 0,050ms
[2023-06-07T20:35:44.324-0300][gc,marking   ] GC(2) Concurrent Scan Root Regions
[2023-06-07T20:35:44.325-0300][gc,marking   ] GC(2) Concurrent Scan Root Regions 1,513ms
[2023-06-07T20:35:44.325-0300][gc,marking   ] GC(2) Concurrent Mark (3,713s)
[2023-06-07T20:35:44.325-0300][gc,marking   ] GC(2) Concurrent Mark From Roots
[2023-06-07T20:35:44.325-0300][gc,task      ] GC(2) Using 1 workers of 1 for marking
[2023-06-07T20:35:44.345-0300][gc,marking   ] GC(2) Concurrent Mark From Roots 19,364ms
[2023-06-07T20:35:44.345-0300][gc,marking   ] GC(2) Concurrent Preclean
[2023-06-07T20:35:44.345-0300][gc,marking   ] GC(2) Concurrent Preclean 0,185ms
[2023-06-07T20:35:44.345-0300][gc,marking   ] GC(2) Concurrent Mark (3,713s, 3,733s) 19,657ms
[2023-06-07T20:35:44.347-0300][gc,start     ] GC(2) Pause Remark
[2023-06-07T20:35:44.352-0300][gc,stringtable] GC(2) Cleaned string and symbol table, strings: 5288 processed, 0 removed, symbols: 53066 processed, 45 removed
[2023-06-07T20:35:44.353-0300][gc            ] GC(2) Pause Remark 9M->9M(1024M) 5,889ms
[2023-06-07T20:35:44.353-0300][gc,cpu        ] GC(2) User=0,01s Sys=0,01s Real=0,01s
[2023-06-07T20:35:44.353-0300][gc,marking    ] GC(2) Concurrent Rebuild Remembered Sets
[2023-06-07T20:35:44.363-0300][gc,marking    ] GC(2) Concurrent Rebuild Remembered Sets 10,230ms
[2023-06-07T20:35:44.364-0300][gc,start      ] GC(2) Pause Cleanup
[2023-06-07T20:35:44.364-0300][gc            ] GC(2) Pause Cleanup 9M->9M(1024M) 0,276ms
[2023-06-07T20:35:44.364-0300][gc,cpu        ] GC(2) User=0,00s Sys=0,00s Real=0,00s
[2023-06-07T20:35:44.364-0300][gc,marking    ] GC(2) Concurrent Cleanup for Next Mark
[2023-06-07T20:35:44.374-0300][gc,marking    ] GC(2) Concurrent Cleanup for Next Mark 9,942ms
[2023-06-07T20:35:44.374-0300][gc            ] GC(2) Concurrent Cycle 50,380ms
[2023-06-07T20:35:45.847-0300][gc,start      ] GC(3) Pause Young (Concurrent Start) (GCLocker Initiated GC)
[2023-06-07T20:35:45.848-0300][gc,task       ] GC(3) Using 4 workers of 4 for evacuation
[2023-06-07T20:35:45.856-0300][gc,phases     ] GC(3)   Pre Evacuate Collection Set: 0,1ms
[2023-06-07T20:35:45.856-0300][gc,phases     ] GC(3)   Evacuate Collection Set: 7,5ms
[2023-06-07T20:35:45.856-0300][gc,phases     ] GC(3)   Post Evacuate Collection Set: 0,6ms
[2023-06-07T20:35:45.856-0300][gc,phases     ] GC(3)   Other: 0,3ms
[2023-06-07T20:35:45.856-0300][gc,heap       ] GC(3) Eden regions: 49->0(46)
[2023-06-07T20:35:45.856-0300][gc,heap       ] GC(3) Survivor regions: 2->5(7)
[2023-06-07T20:35:45.856-0300][gc,heap       ] GC(3) Old regions: 9->9
[2023-06-07T20:35:45.856-0300][gc,heap       ] GC(3) Humongous regions: 129->129
[2023-06-07T20:35:45.856-0300][gc,metaspace  ] GC(3) Metaspace: 28628K(29952K)->28628K(29952K) NonClass: 25304K(26112K)->25304K(26112K) Class: 3324K(3840K)->3324K(3840K)
[2023-06-07T20:35:45.856-0300][gc            ] GC(3) Pause Young (Concurrent Start) (GCLocker Initiated GC) 186M->140M(1024M) 8,623ms
[2023-06-07T20:35:45.856-0300][gc,cpu        ] GC(3) User=0,03s Sys=0,00s Real=0,02s
[2023-06-07T20:35:45.856-0300][gc            ] GC(4) Concurrent Cycle
[2023-06-07T20:35:45.856-0300][gc,marking    ] GC(4) Concurrent Clear Claimed Marks
[2023-06-07T20:35:45.856-0300][gc,marking    ] GC(4) Concurrent Clear Claimed Marks 0,071ms
[2023-06-07T20:35:45.856-0300][gc,marking    ] GC(4) Concurrent Scan Root Regions
[2023-06-07T20:35:45.862-0300][gc,marking    ] GC(4) Concurrent Scan Root Regions 5,949ms
[2023-06-07T20:35:45.862-0300][gc,marking    ] GC(4) Concurrent Mark (5,250s)
[2023-06-07T20:35:45.862-0300][gc,marking    ] GC(4) Concurrent Mark From Roots
[2023-06-07T20:35:45.862-0300][gc,task       ] GC(4) Using 1 workers of 1 for marking
[2023-06-07T20:35:45.884-0300][gc,marking    ] GC(4) Concurrent Mark From Roots 21,915ms
[2023-06-07T20:35:45.884-0300][gc,marking    ] GC(4) Concurrent Preclean
[2023-06-07T20:35:45.884-0300][gc,marking    ] GC(4) Concurrent Preclean 0,160ms
[2023-06-07T20:35:45.885-0300][gc,marking    ] GC(4) Concurrent Mark (5,250s, 5,272s) 22,185ms
[2023-06-07T20:35:45.885-0300][gc,start      ] GC(4) Pause Remark
[2023-06-07T20:35:45.889-0300][gc,stringtable] GC(4) Cleaned string and symbol table, strings: 8155 processed, 24 removed, symbols: 68563 processed, 12 removed
[2023-06-07T20:35:45.889-0300][gc            ] GC(4) Pause Remark 141M->141M(1024M) 3,730ms
[2023-06-07T20:35:45.889-0300][gc,cpu        ] GC(4) User=0,01s Sys=0,00s Real=0,01s
[2023-06-07T20:35:45.889-0300][gc,marking    ] GC(4) Concurrent Rebuild Remembered Sets
[2023-06-07T20:35:45.899-0300][gc,marking    ] GC(4) Concurrent Rebuild Remembered Sets 10,422ms
[2023-06-07T20:35:45.903-0300][gc,start      ] GC(4) Pause Cleanup
[2023-06-07T20:35:45.903-0300][gc            ] GC(4) Pause Cleanup 143M->143M(1024M) 0,245ms
[2023-06-07T20:35:45.903-0300][gc,cpu        ] GC(4) User=0,00s Sys=0,00s Real=0,00s
[2023-06-07T20:35:45.903-0300][gc,marking    ] GC(4) Concurrent Cleanup for Next Mark
[2023-06-07T20:35:45.921-0300][gc,marking    ] GC(4) Concurrent Cleanup for Next Mark 18,445ms
[2023-06-07T20:35:45.921-0300][gc            ] GC(4) Concurrent Cycle 65,294ms
[2023-06-07T20:35:47.827-0300][gc,start      ] GC(5) Pause Young (Normal) (G1 Evacuation Pause)
[2023-06-07T20:35:47.827-0300][gc,task       ] GC(5) Using 4 workers of 4 for evacuation
[2023-06-07T20:35:47.842-0300][gc,phases     ] GC(5)   Pre Evacuate Collection Set: 0,0ms
[2023-06-07T20:35:47.843-0300][gc,phases     ] GC(5)   Evacuate Collection Set: 14,4ms
[2023-06-07T20:35:47.843-0300][gc,phases     ] GC(5)   Post Evacuate Collection Set: 1,0ms
[2023-06-07T20:35:47.843-0300][gc,phases     ] GC(5)   Other: 0,2ms
[2023-06-07T20:35:47.843-0300][gc,heap       ] GC(5) Eden regions: 46->0(48)
[2023-06-07T20:35:47.843-0300][gc,heap       ] GC(5) Survivor regions: 5->3(7)
[2023-06-07T20:35:47.843-0300][gc,heap       ] GC(5) Old regions: 9->12
[2023-06-07T20:35:47.843-0300][gc,heap       ] GC(5) Humongous regions: 129->0
[2023-06-07T20:35:47.843-0300][gc,metaspace  ] GC(5) Metaspace: 36605K(38272K)->36605K(38272K) NonClass: 32143K(33024K)->32143K(33024K) Class: 4462K(5248K)->4462K(5248K)
[2023-06-07T20:35:47.843-0300][gc            ] GC(5) Pause Young (Normal) (G1 Evacuation Pause) 186M->12M(1024M) 15,891ms
[2023-06-07T20:35:47.843-0300][gc,cpu        ] GC(5) User=0,05s Sys=0,00s Real=0,02s
[2023-06-07T20:35:47.871-0300][gc,heap,exit  ] Heap
[2023-06-07T20:35:47.871-0300][gc,heap,exit  ]  garbage-first heap   total 1048576K, used 13976K [0x00000000c0000000, 0x0000000100000000)
[2023-06-07T20:35:47.871-0300][gc,heap,exit  ]   region size 1024K, 5 young (5120K), 3 survivors (3072K)
[2023-06-07T20:35:47.871-0300][gc,heap,exit  ]  Metaspace       used 36639K, capacity 38346K, committed 38656K, reserved 1083392K
[2023-06-07T20:35:47.871-0300][gc,heap,exit  ]   class space    used 4474K, capacity 5250K, committed 5376K, reserved 1048576K
