[2023-06-07T20:28:03.319-0300][gc,heap] Heap region size: 1M
[2023-06-07T20:28:03.356-0300][gc     ] Using G1
[2023-06-07T20:28:03.356-0300][gc,heap,coops] Heap address: 0x00000000c0000000, size: 1024 MB, Compressed Oops mode: 32-bit
[2023-06-07T20:28:03.356-0300][gc,cds       ] Mark closed archive regions in map: [0x00000000fff00000, 0x00000000fff6aff8]
[2023-06-07T20:28:03.356-0300][gc,cds       ] Mark open archive regions in map: [0x00000000ffe00000, 0x00000000ffe46ff8]
[2023-06-07T20:28:11.268-0300][gc,start     ] GC(0) Pause Young (Normal) (G1 Evacuation Pause)
[2023-06-07T20:28:11.300-0300][gc,task      ] GC(0) Using 4 workers of 4 for evacuation
[2023-06-07T20:28:11.365-0300][gc,mmu       ] GC(0) MMU target violated: 21,0ms (20,0ms/21,0ms)
[2023-06-07T20:28:11.366-0300][gc,phases    ] GC(0)   Pre Evacuate Collection Set: 0,0ms
[2023-06-07T20:28:11.366-0300][gc,phases    ] GC(0)   Evacuate Collection Set: 60,0ms
[2023-06-07T20:28:11.366-0300][gc,phases    ] GC(0)   Post Evacuate Collection Set: 5,3ms
[2023-06-07T20:28:11.366-0300][gc,phases    ] GC(0)   Other: 32,6ms
[2023-06-07T20:28:11.366-0300][gc,heap      ] GC(0) Eden regions: 51->0(44)
[2023-06-07T20:28:11.366-0300][gc,heap      ] GC(0) Survivor regions: 0->7(7)
[2023-06-07T20:28:11.366-0300][gc,heap      ] GC(0) Old regions: 2->2
[2023-06-07T20:28:11.366-0300][gc,heap      ] GC(0) Humongous regions: 0->0
[2023-06-07T20:28:11.366-0300][gc,metaspace ] GC(0) Metaspace: 14291K(15104K)->14291K(15104K) NonClass: 12539K(13056K)->12539K(13056K) Class: 1751K(2048K)->1751K(2048K)
[2023-06-07T20:28:11.366-0300][gc           ] GC(0) Pause Young (Normal) (G1 Evacuation Pause) 51M->7M(1024M) 98,173ms
[2023-06-07T20:28:11.366-0300][gc,cpu       ] GC(0) User=0,04s Sys=0,01s Real=0,10s
[2023-06-07T20:28:15.461-0300][gc,start     ] GC(1) Pause Young (Concurrent Start) (Metadata GC Threshold)
[2023-06-07T20:28:15.461-0300][gc,task      ] GC(1) Using 4 workers of 4 for evacuation
[2023-06-07T20:28:15.506-0300][gc,mmu       ] GC(1) MMU target violated: 21,0ms (20,0ms/21,0ms)
[2023-06-07T20:28:15.506-0300][gc,phases    ] GC(1)   Pre Evacuate Collection Set: 0,1ms
[2023-06-07T20:28:15.506-0300][gc,phases    ] GC(1)   Evacuate Collection Set: 43,7ms
[2023-06-07T20:28:15.506-0300][gc,phases    ] GC(1)   Post Evacuate Collection Set: 0,5ms
[2023-06-07T20:28:15.506-0300][gc,phases    ] GC(1)   Other: 0,5ms
[2023-06-07T20:28:15.506-0300][gc,heap      ] GC(1) Eden regions: 30->0(49)
[2023-06-07T20:28:15.506-0300][gc,heap      ] GC(1) Survivor regions: 7->2(7)
[2023-06-07T20:28:15.506-0300][gc,heap      ] GC(1) Old regions: 2->9
[2023-06-07T20:28:15.506-0300][gc,heap      ] GC(1) Humongous regions: 0->0
[2023-06-07T20:28:15.506-0300][gc,metaspace ] GC(1) Metaspace: 20517K(21248K)->20517K(21248K) NonClass: 18022K(18432K)->18022K(18432K) Class: 2494K(2816K)->2494K(2816K)
[2023-06-07T20:28:15.506-0300][gc           ] GC(1) Pause Young (Concurrent Start) (Metadata GC Threshold) 37M->8M(1024M) 44,967ms
[2023-06-07T20:28:15.506-0300][gc,cpu       ] GC(1) User=0,05s Sys=0,00s Real=0,05s
[2023-06-07T20:28:15.506-0300][gc           ] GC(2) Concurrent Cycle
[2023-06-07T20:28:15.506-0300][gc,marking   ] GC(2) Concurrent Clear Claimed Marks
[2023-06-07T20:28:15.506-0300][gc,marking   ] GC(2) Concurrent Clear Claimed Marks 0,052ms
[2023-06-07T20:28:15.506-0300][gc,marking   ] GC(2) Concurrent Scan Root Regions
[2023-06-07T20:28:15.508-0300][gc,marking   ] GC(2) Concurrent Scan Root Regions 2,047ms
[2023-06-07T20:28:15.509-0300][gc,marking   ] GC(2) Concurrent Mark (12,197s)
[2023-06-07T20:28:15.509-0300][gc,marking   ] GC(2) Concurrent Mark From Roots
[2023-06-07T20:28:15.509-0300][gc,task      ] GC(2) Using 1 workers of 1 for marking
[2023-06-07T20:28:15.553-0300][gc,marking   ] GC(2) Concurrent Mark From Roots 44,606ms
[2023-06-07T20:28:15.553-0300][gc,marking   ] GC(2) Concurrent Preclean
[2023-06-07T20:28:15.553-0300][gc,marking   ] GC(2) Concurrent Preclean 0,150ms
[2023-06-07T20:28:15.553-0300][gc,marking   ] GC(2) Concurrent Mark (12,197s, 12,242s) 44,867ms
[2023-06-07T20:28:15.557-0300][gc,start     ] GC(2) Pause Remark
[2023-06-07T20:28:15.560-0300][gc,stringtable] GC(2) Cleaned string and symbol table, strings: 5309 processed, 0 removed, symbols: 53116 processed, 46 removed
[2023-06-07T20:28:15.561-0300][gc            ] GC(2) Pause Remark 9M->9M(1024M) 3,940ms
[2023-06-07T20:28:15.561-0300][gc,cpu        ] GC(2) User=0,01s Sys=0,00s Real=0,00s
[2023-06-07T20:28:15.561-0300][gc,marking    ] GC(2) Concurrent Rebuild Remembered Sets
[2023-06-07T20:28:15.574-0300][gc,marking    ] GC(2) Concurrent Rebuild Remembered Sets 13,090ms
[2023-06-07T20:28:15.574-0300][gc,start      ] GC(2) Pause Cleanup
[2023-06-07T20:28:15.575-0300][gc            ] GC(2) Pause Cleanup 9M->9M(1024M) 0,569ms
[2023-06-07T20:28:15.575-0300][gc,cpu        ] GC(2) User=0,00s Sys=0,00s Real=0,00s
[2023-06-07T20:28:15.575-0300][gc,marking    ] GC(2) Concurrent Cleanup for Next Mark
[2023-06-07T20:28:15.667-0300][gc,marking    ] GC(2) Concurrent Cleanup for Next Mark 91,839ms
[2023-06-07T20:28:15.667-0300][gc            ] GC(2) Concurrent Cycle 160,512ms
[2023-06-07T20:28:20.156-0300][gc,start      ] GC(3) Pause Young (Normal) (G1 Evacuation Pause)
[2023-06-07T20:28:20.156-0300][gc,task       ] GC(3) Using 4 workers of 4 for evacuation
[2023-06-07T20:28:20.187-0300][gc,mmu        ] GC(3) MMU target violated: 21,0ms (20,0ms/21,0ms)
[2023-06-07T20:28:20.187-0300][gc,phases     ] GC(3)   Pre Evacuate Collection Set: 0,5ms
[2023-06-07T20:28:20.187-0300][gc,phases     ] GC(3)   Evacuate Collection Set: 28,3ms
[2023-06-07T20:28:20.187-0300][gc,phases     ] GC(3)   Post Evacuate Collection Set: 0,8ms
[2023-06-07T20:28:20.187-0300][gc,phases     ] GC(3)   Other: 0,9ms
[2023-06-07T20:28:20.187-0300][gc,heap       ] GC(3) Eden regions: 49->0(46)
[2023-06-07T20:28:20.187-0300][gc,heap       ] GC(3) Survivor regions: 2->5(7)
[2023-06-07T20:28:20.187-0300][gc,heap       ] GC(3) Old regions: 9->9
[2023-06-07T20:28:20.187-0300][gc,heap       ] GC(3) Humongous regions: 129->129
[2023-06-07T20:28:20.187-0300][gc,metaspace  ] GC(3) Metaspace: 28569K(29696K)->28569K(29696K) NonClass: 25250K(25856K)->25250K(25856K) Class: 3319K(3840K)->3319K(3840K)
[2023-06-07T20:28:20.187-0300][gc            ] GC(3) Pause Young (Normal) (G1 Evacuation Pause) 186M->140M(1024M) 30,717ms
[2023-06-07T20:28:20.187-0300][gc,cpu        ] GC(3) User=0,03s Sys=0,00s Real=0,03s
[2023-06-07T20:28:21.963-0300][gc,start      ] GC(4) Pause Young (Concurrent Start) (Metadata GC Threshold)
[2023-06-07T20:28:21.963-0300][gc,task       ] GC(4) Using 4 workers of 4 for evacuation
[2023-06-07T20:28:21.998-0300][gc,mmu        ] GC(4) MMU target violated: 21,0ms (20,0ms/21,0ms)
[2023-06-07T20:28:21.998-0300][gc,phases     ] GC(4)   Pre Evacuate Collection Set: 0,1ms
[2023-06-07T20:28:21.998-0300][gc,phases     ] GC(4)   Evacuate Collection Set: 33,5ms
[2023-06-07T20:28:21.998-0300][gc,phases     ] GC(4)   Post Evacuate Collection Set: 0,6ms
[2023-06-07T20:28:21.998-0300][gc,phases     ] GC(4)   Other: 0,4ms
[2023-06-07T20:28:21.998-0300][gc,heap       ] GC(4) Eden regions: 32->0(45)
[2023-06-07T20:28:21.998-0300][gc,heap       ] GC(4) Survivor regions: 5->6(7)
[2023-06-07T20:28:21.998-0300][gc,heap       ] GC(4) Old regions: 9->10
[2023-06-07T20:28:21.998-0300][gc,heap       ] GC(4) Humongous regions: 129->129
[2023-06-07T20:28:21.998-0300][gc,metaspace  ] GC(4) Metaspace: 34404K(35840K)->34404K(35840K) NonClass: 30381K(31104K)->30381K(31104K) Class: 4023K(4736K)->4023K(4736K)
[2023-06-07T20:28:21.998-0300][gc            ] GC(4) Pause Young (Concurrent Start) (Metadata GC Threshold) 171M->142M(1024M) 34,791ms
[2023-06-07T20:28:21.998-0300][gc,cpu        ] GC(4) User=0,04s Sys=0,00s Real=0,04s
[2023-06-07T20:28:21.998-0300][gc            ] GC(5) Concurrent Cycle
[2023-06-07T20:28:21.998-0300][gc,marking    ] GC(5) Concurrent Clear Claimed Marks
[2023-06-07T20:28:21.998-0300][gc,marking    ] GC(5) Concurrent Clear Claimed Marks 0,100ms
[2023-06-07T20:28:21.998-0300][gc,marking    ] GC(5) Concurrent Scan Root Regions
[2023-06-07T20:28:22.005-0300][gc,marking    ] GC(5) Concurrent Scan Root Regions 7,034ms
[2023-06-07T20:28:22.006-0300][gc,marking    ] GC(5) Concurrent Mark (18,694s)
[2023-06-07T20:28:22.006-0300][gc,marking    ] GC(5) Concurrent Mark From Roots
[2023-06-07T20:28:22.006-0300][gc,task       ] GC(5) Using 1 workers of 1 for marking
[2023-06-07T20:28:22.067-0300][gc,marking    ] GC(5) Concurrent Mark From Roots 61,098ms
[2023-06-07T20:28:22.067-0300][gc,marking    ] GC(5) Concurrent Preclean
[2023-06-07T20:28:22.067-0300][gc,marking    ] GC(5) Concurrent Preclean 0,150ms
[2023-06-07T20:28:22.067-0300][gc,marking    ] GC(5) Concurrent Mark (18,694s, 18,756s) 61,366ms
[2023-06-07T20:28:22.067-0300][gc,start      ] GC(5) Pause Remark
[2023-06-07T20:28:22.080-0300][gc,stringtable] GC(5) Cleaned string and symbol table, strings: 10436 processed, 23 removed, symbols: 84465 processed, 14 removed
[2023-06-07T20:28:22.080-0300][gc            ] GC(5) Pause Remark 143M->143M(1024M) 12,836ms
[2023-06-07T20:28:22.080-0300][gc,cpu        ] GC(5) User=0,01s Sys=0,00s Real=0,01s
[2023-06-07T20:28:22.080-0300][gc,marking    ] GC(5) Concurrent Rebuild Remembered Sets
[2023-06-07T20:28:22.092-0300][gc,marking    ] GC(5) Concurrent Rebuild Remembered Sets 11,700ms
[2023-06-07T20:28:22.106-0300][gc,start      ] GC(5) Pause Cleanup
[2023-06-07T20:28:22.107-0300][gc            ] GC(5) Pause Cleanup 144M->144M(1024M) 0,440ms
[2023-06-07T20:28:22.107-0300][gc,cpu        ] GC(5) User=0,00s Sys=0,00s Real=0,00s
[2023-06-07T20:28:22.107-0300][gc,marking    ] GC(5) Concurrent Cleanup for Next Mark
[2023-06-07T20:28:22.133-0300][gc,marking    ] GC(5) Concurrent Cleanup for Next Mark 25,995ms
[2023-06-07T20:28:22.133-0300][gc            ] GC(5) Concurrent Cycle 134,925ms
