[2023-06-03T14:01:21.492-0300][gc,heap] Heap region size: 1M
[2023-06-03T14:01:21.504-0300][gc     ] Using G1
[2023-06-03T14:01:21.504-0300][gc,heap,coops] Heap address: 0x00000000c0000000, size: 1024 MB, Compressed Oops mode: 32-bit
[2023-06-03T14:01:21.505-0300][gc,cds       ] Mark closed archive regions in map: [0x00000000fff00000, 0x00000000fff6aff8]
[2023-06-03T14:01:21.505-0300][gc,cds       ] Mark open archive regions in map: [0x00000000ffe00000, 0x00000000ffe46ff8]
[2023-06-03T14:01:23.399-0300][gc,start     ] GC(0) Pause Young (Normal) (G1 Evacuation Pause)
[2023-06-03T14:01:23.400-0300][gc,task      ] GC(0) Using 4 workers of 4 for evacuation
[2023-06-03T14:01:23.423-0300][gc,mmu       ] GC(0) MMU target violated: 21,0ms (20,0ms/21,0ms)
[2023-06-03T14:01:23.423-0300][gc,phases    ] GC(0)   Pre Evacuate Collection Set: 0,0ms
[2023-06-03T14:01:23.423-0300][gc,phases    ] GC(0)   Evacuate Collection Set: 22,9ms
[2023-06-03T14:01:23.423-0300][gc,phases    ] GC(0)   Post Evacuate Collection Set: 0,5ms
[2023-06-03T14:01:23.423-0300][gc,phases    ] GC(0)   Other: 0,7ms
[2023-06-03T14:01:23.423-0300][gc,heap      ] GC(0) Eden regions: 51->0(44)
[2023-06-03T14:01:23.423-0300][gc,heap      ] GC(0) Survivor regions: 0->7(7)
[2023-06-03T14:01:23.423-0300][gc,heap      ] GC(0) Old regions: 2->2
[2023-06-03T14:01:23.423-0300][gc,heap      ] GC(0) Humongous regions: 0->0
[2023-06-03T14:01:23.423-0300][gc,metaspace ] GC(0) Metaspace: 14129K(15104K)->14129K(15104K) NonClass: 12397K(13056K)->12397K(13056K) Class: 1731K(2048K)->1731K(2048K)
[2023-06-03T14:01:23.423-0300][gc           ] GC(0) Pause Young (Normal) (G1 Evacuation Pause) 51M->7M(1024M) 24,335ms
[2023-06-03T14:01:23.423-0300][gc,cpu       ] GC(0) User=0,05s Sys=0,01s Real=0,02s
[2023-06-03T14:01:24.270-0300][gc,start     ] GC(1) Pause Young (Concurrent Start) (Metadata GC Threshold)
[2023-06-03T14:01:24.270-0300][gc,task      ] GC(1) Using 4 workers of 4 for evacuation
[2023-06-03T14:01:24.289-0300][gc,phases    ] GC(1)   Pre Evacuate Collection Set: 0,1ms
[2023-06-03T14:01:24.289-0300][gc,phases    ] GC(1)   Evacuate Collection Set: 17,5ms
[2023-06-03T14:01:24.289-0300][gc,phases    ] GC(1)   Post Evacuate Collection Set: 0,8ms
[2023-06-03T14:01:24.289-0300][gc,phases    ] GC(1)   Other: 0,4ms
[2023-06-03T14:01:24.289-0300][gc,heap      ] GC(1) Eden regions: 30->0(49)
[2023-06-03T14:01:24.289-0300][gc,heap      ] GC(1) Survivor regions: 7->2(7)
[2023-06-03T14:01:24.289-0300][gc,heap      ] GC(1) Old regions: 2->9
[2023-06-03T14:01:24.289-0300][gc,heap      ] GC(1) Humongous regions: 0->0
[2023-06-03T14:01:24.289-0300][gc,metaspace ] GC(1) Metaspace: 20479K(21248K)->20479K(21248K) NonClass: 17997K(18432K)->17997K(18432K) Class: 2482K(2816K)->2482K(2816K)
[2023-06-03T14:01:24.289-0300][gc           ] GC(1) Pause Young (Concurrent Start) (Metadata GC Threshold) 37M->8M(1024M) 18,989ms
[2023-06-03T14:01:24.289-0300][gc,cpu       ] GC(1) User=0,05s Sys=0,00s Real=0,02s
[2023-06-03T14:01:24.290-0300][gc           ] GC(2) Concurrent Cycle
[2023-06-03T14:01:24.290-0300][gc,marking   ] GC(2) Concurrent Clear Claimed Marks
[2023-06-03T14:01:24.290-0300][gc,marking   ] GC(2) Concurrent Clear Claimed Marks 0,083ms
[2023-06-03T14:01:24.290-0300][gc,marking   ] GC(2) Concurrent Scan Root Regions
[2023-06-03T14:01:24.291-0300][gc,marking   ] GC(2) Concurrent Scan Root Regions 1,581ms
[2023-06-03T14:01:24.291-0300][gc,marking   ] GC(2) Concurrent Mark (2,804s)
[2023-06-03T14:01:24.291-0300][gc,marking   ] GC(2) Concurrent Mark From Roots
[2023-06-03T14:01:24.291-0300][gc,task      ] GC(2) Using 1 workers of 1 for marking
[2023-06-03T14:01:24.305-0300][gc,marking   ] GC(2) Concurrent Mark From Roots 14,160ms
[2023-06-03T14:01:24.306-0300][gc,marking   ] GC(2) Concurrent Preclean
[2023-06-03T14:01:24.306-0300][gc,marking   ] GC(2) Concurrent Preclean 0,276ms
[2023-06-03T14:01:24.306-0300][gc,marking   ] GC(2) Concurrent Mark (2,804s, 2,819s) 14,649ms
[2023-06-03T14:01:24.312-0300][gc,start     ] GC(2) Pause Remark
[2023-06-03T14:01:24.318-0300][gc,stringtable] GC(2) Cleaned string and symbol table, strings: 5212 processed, 0 removed, symbols: 52780 processed, 44 removed
[2023-06-03T14:01:24.318-0300][gc            ] GC(2) Pause Remark 8M->8M(1024M) 5,837ms
[2023-06-03T14:01:24.318-0300][gc,cpu        ] GC(2) User=0,02s Sys=0,00s Real=0,01s
[2023-06-03T14:01:24.318-0300][gc,marking    ] GC(2) Concurrent Rebuild Remembered Sets
[2023-06-03T14:01:24.326-0300][gc,marking    ] GC(2) Concurrent Rebuild Remembered Sets 7,415ms
[2023-06-03T14:01:24.326-0300][gc,start      ] GC(2) Pause Cleanup
[2023-06-03T14:01:24.326-0300][gc            ] GC(2) Pause Cleanup 8M->8M(1024M) 0,252ms
[2023-06-03T14:01:24.326-0300][gc,cpu        ] GC(2) User=0,00s Sys=0,00s Real=0,00s
[2023-06-03T14:01:24.326-0300][gc,marking    ] GC(2) Concurrent Cleanup for Next Mark
[2023-06-03T14:01:24.346-0300][gc,marking    ] GC(2) Concurrent Cleanup for Next Mark 19,418ms
[2023-06-03T14:01:24.346-0300][gc            ] GC(2) Concurrent Cycle 56,487ms
[2023-06-03T14:01:25.731-0300][gc,start      ] GC(3) Pause Young (Concurrent Start) (G1 Evacuation Pause)
[2023-06-03T14:01:25.731-0300][gc,task       ] GC(3) Using 4 workers of 4 for evacuation
[2023-06-03T14:01:25.739-0300][gc,phases     ] GC(3)   Pre Evacuate Collection Set: 0,1ms
[2023-06-03T14:01:25.740-0300][gc,phases     ] GC(3)   Evacuate Collection Set: 6,6ms
[2023-06-03T14:01:25.740-0300][gc,phases     ] GC(3)   Post Evacuate Collection Set: 1,2ms
[2023-06-03T14:01:25.740-0300][gc,phases     ] GC(3)   Other: 0,3ms
[2023-06-03T14:01:25.740-0300][gc,heap       ] GC(3) Eden regions: 49->0(46)
[2023-06-03T14:01:25.740-0300][gc,heap       ] GC(3) Survivor regions: 2->5(7)
[2023-06-03T14:01:25.740-0300][gc,heap       ] GC(3) Old regions: 9->9
[2023-06-03T14:01:25.740-0300][gc,heap       ] GC(3) Humongous regions: 129->129
[2023-06-03T14:01:25.740-0300][gc,metaspace  ] GC(3) Metaspace: 28624K(29952K)->28624K(29952K) NonClass: 25286K(26112K)->25286K(26112K) Class: 3337K(3840K)->3337K(3840K)
[2023-06-03T14:01:25.740-0300][gc            ] GC(3) Pause Young (Concurrent Start) (G1 Evacuation Pause) 186M->140M(1024M) 8,365ms
[2023-06-03T14:01:25.740-0300][gc,cpu        ] GC(3) User=0,03s Sys=0,00s Real=0,01s
[2023-06-03T14:01:25.740-0300][gc            ] GC(4) Concurrent Cycle
[2023-06-03T14:01:25.740-0300][gc,marking    ] GC(4) Concurrent Clear Claimed Marks
[2023-06-03T14:01:25.740-0300][gc,marking    ] GC(4) Concurrent Clear Claimed Marks 0,069ms
[2023-06-03T14:01:25.740-0300][gc,marking    ] GC(4) Concurrent Scan Root Regions
[2023-06-03T14:01:25.750-0300][gc,marking    ] GC(4) Concurrent Scan Root Regions 9,715ms
[2023-06-03T14:01:25.750-0300][gc,marking    ] GC(4) Concurrent Mark (4,263s)
[2023-06-03T14:01:25.750-0300][gc,marking    ] GC(4) Concurrent Mark From Roots
[2023-06-03T14:01:25.750-0300][gc,task       ] GC(4) Using 1 workers of 1 for marking
[2023-06-03T14:01:25.770-0300][gc,marking    ] GC(4) Concurrent Mark From Roots 20,640ms
[2023-06-03T14:01:25.770-0300][gc,marking    ] GC(4) Concurrent Preclean
[2023-06-03T14:01:25.770-0300][gc,marking    ] GC(4) Concurrent Preclean 0,101ms
[2023-06-03T14:01:25.770-0300][gc,marking    ] GC(4) Concurrent Mark (4,263s, 4,283s) 20,815ms
[2023-06-03T14:01:25.771-0300][gc,start      ] GC(4) Pause Remark
[2023-06-03T14:01:25.778-0300][gc,stringtable] GC(4) Cleaned string and symbol table, strings: 8059 processed, 12 removed, symbols: 68304 processed, 12 removed
[2023-06-03T14:01:25.779-0300][gc            ] GC(4) Pause Remark 142M->142M(1024M) 8,149ms
[2023-06-03T14:01:25.779-0300][gc,cpu        ] GC(4) User=0,01s Sys=0,00s Real=0,01s
[2023-06-03T14:01:25.779-0300][gc,marking    ] GC(4) Concurrent Rebuild Remembered Sets
[2023-06-03T14:01:25.788-0300][gc,marking    ] GC(4) Concurrent Rebuild Remembered Sets 9,030ms
[2023-06-03T14:01:25.793-0300][gc,start      ] GC(4) Pause Cleanup
[2023-06-03T14:01:25.793-0300][gc            ] GC(4) Pause Cleanup 142M->142M(1024M) 0,344ms
[2023-06-03T14:01:25.793-0300][gc,cpu        ] GC(4) User=0,00s Sys=0,00s Real=0,00s
[2023-06-03T14:01:25.793-0300][gc,marking    ] GC(4) Concurrent Cleanup for Next Mark
[2023-06-03T14:01:25.810-0300][gc,marking    ] GC(4) Concurrent Cleanup for Next Mark 16,481ms
[2023-06-03T14:01:25.810-0300][gc            ] GC(4) Concurrent Cycle 69,964ms
[2023-06-03T14:03:35.899-0300][gc,start      ] GC(5) Pause Young (Normal) (G1 Evacuation Pause)
[2023-06-03T14:03:35.899-0300][gc,task       ] GC(5) Using 4 workers of 4 for evacuation
[2023-06-03T14:03:35.918-0300][gc,phases     ] GC(5)   Pre Evacuate Collection Set: 0,0ms
[2023-06-03T14:03:35.918-0300][gc,phases     ] GC(5)   Evacuate Collection Set: 17,5ms
[2023-06-03T14:03:35.918-0300][gc,phases     ] GC(5)   Post Evacuate Collection Set: 0,7ms
[2023-06-03T14:03:35.918-0300][gc,phases     ] GC(5)   Other: 0,3ms
[2023-06-03T14:03:35.918-0300][gc,heap       ] GC(5) Eden regions: 46->0(48)
[2023-06-03T14:03:35.918-0300][gc,heap       ] GC(5) Survivor regions: 5->3(7)
[2023-06-03T14:03:35.918-0300][gc,heap       ] GC(5) Old regions: 9->13
[2023-06-03T14:03:35.918-0300][gc,heap       ] GC(5) Humongous regions: 129->129
[2023-06-03T14:03:35.918-0300][gc,metaspace  ] GC(5) Metaspace: 36502K(38144K)->36502K(38144K) NonClass: 32190K(33024K)->32190K(33024K) Class: 4311K(5120K)->4311K(5120K)
[2023-06-03T14:03:35.918-0300][gc            ] GC(5) Pause Young (Normal) (G1 Evacuation Pause) 186M->143M(1024M) 18,648ms
[2023-06-03T14:03:35.918-0300][gc,cpu        ] GC(5) User=0,04s Sys=0,01s Real=0,02s
[2023-06-03T14:25:51.131-0300][gc,start      ] GC(6) Pause Young (Normal) (G1 Evacuation Pause)
[2023-06-03T14:25:51.131-0300][gc,task       ] GC(6) Using 4 workers of 4 for evacuation
[2023-06-03T14:25:51.138-0300][gc,phases     ] GC(6)   Pre Evacuate Collection Set: 0,1ms
[2023-06-03T14:25:51.138-0300][gc,phases     ] GC(6)   Evacuate Collection Set: 5,0ms
[2023-06-03T14:25:51.138-0300][gc,phases     ] GC(6)   Post Evacuate Collection Set: 0,9ms
[2023-06-03T14:25:51.138-0300][gc,phases     ] GC(6)   Other: 0,5ms
[2023-06-03T14:25:51.138-0300][gc,heap       ] GC(6) Eden regions: 48->0(48)
[2023-06-03T14:25:51.138-0300][gc,heap       ] GC(6) Survivor regions: 3->3(7)
[2023-06-03T14:25:51.138-0300][gc,heap       ] GC(6) Old regions: 13->13
[2023-06-03T14:25:51.138-0300][gc,heap       ] GC(6) Humongous regions: 129->129
[2023-06-03T14:25:51.138-0300][gc,metaspace  ] GC(6) Metaspace: 37079K(38656K)->37079K(38656K) NonClass: 32747K(33536K)->32747K(33536K) Class: 4331K(5120K)->4331K(5120K)
[2023-06-03T14:25:51.138-0300][gc            ] GC(6) Pause Young (Normal) (G1 Evacuation Pause) 191M->143M(1024M) 6,690ms
[2023-06-03T14:25:51.138-0300][gc,cpu        ] GC(6) User=0,02s Sys=0,00s Real=0,01s
[2023-06-03T14:25:56.532-0300][gc,heap,exit  ] Heap
[2023-06-03T14:25:56.532-0300][gc,heap,exit  ]  garbage-first heap   total 1048576K, used 157775K [0x00000000c0000000, 0x0000000100000000)
[2023-06-03T14:25:56.532-0300][gc,heap,exit  ]   region size 1024K, 15 young (15360K), 3 survivors (3072K)
[2023-06-03T14:25:56.532-0300][gc,heap,exit  ]  Metaspace       used 37788K, capacity 39503K, committed 39680K, reserved 1083392K
[2023-06-03T14:25:56.532-0300][gc,heap,exit  ]   class space    used 4501K, capacity 5304K, committed 5376K, reserved 1048576K
