[2023-06-03T14:59:26.521-0300][gc,heap] Heap region size: 1M
[2023-06-03T14:59:26.538-0300][gc     ] Using G1
[2023-06-03T14:59:26.538-0300][gc,heap,coops] Heap address: 0x00000000c0000000, size: 1024 MB, Compressed Oops mode: 32-bit
[2023-06-03T14:59:26.538-0300][gc,cds       ] Mark closed archive regions in map: [0x00000000fff00000, 0x00000000fff6aff8]
[2023-06-03T14:59:26.538-0300][gc,cds       ] Mark open archive regions in map: [0x00000000ffe00000, 0x00000000ffe46ff8]
[2023-06-03T14:59:27.941-0300][gc,start     ] GC(0) Pause Young (Normal) (G1 Evacuation Pause)
[2023-06-03T14:59:27.942-0300][gc,task      ] GC(0) Using 4 workers of 4 for evacuation
[2023-06-03T14:59:27.957-0300][gc,phases    ] GC(0)   Pre Evacuate Collection Set: 0,0ms
[2023-06-03T14:59:27.957-0300][gc,phases    ] GC(0)   Evacuate Collection Set: 14,1ms
[2023-06-03T14:59:27.957-0300][gc,phases    ] GC(0)   Post Evacuate Collection Set: 0,5ms
[2023-06-03T14:59:27.957-0300][gc,phases    ] GC(0)   Other: 1,0ms
[2023-06-03T14:59:27.957-0300][gc,heap      ] GC(0) Eden regions: 51->0(44)
[2023-06-03T14:59:27.957-0300][gc,heap      ] GC(0) Survivor regions: 0->7(7)
[2023-06-03T14:59:27.957-0300][gc,heap      ] GC(0) Old regions: 2->2
[2023-06-03T14:59:27.957-0300][gc,heap      ] GC(0) Humongous regions: 0->0
[2023-06-03T14:59:27.957-0300][gc,metaspace ] GC(0) Metaspace: 14276K(15104K)->14276K(15104K) NonClass: 12527K(13056K)->12527K(13056K) Class: 1748K(2048K)->1748K(2048K)
[2023-06-03T14:59:27.957-0300][gc           ] GC(0) Pause Young (Normal) (G1 Evacuation Pause) 51M->7M(1024M) 15,659ms
[2023-06-03T14:59:27.957-0300][gc,cpu       ] GC(0) User=0,04s Sys=0,00s Real=0,02s
[2023-06-03T14:59:28.659-0300][gc,start     ] GC(1) Pause Young (Concurrent Start) (Metadata GC Threshold)
[2023-06-03T14:59:28.659-0300][gc,task      ] GC(1) Using 4 workers of 4 for evacuation
[2023-06-03T14:59:28.674-0300][gc,phases    ] GC(1)   Pre Evacuate Collection Set: 0,1ms
[2023-06-03T14:59:28.674-0300][gc,phases    ] GC(1)   Evacuate Collection Set: 14,7ms
[2023-06-03T14:59:28.674-0300][gc,phases    ] GC(1)   Post Evacuate Collection Set: 0,5ms
[2023-06-03T14:59:28.674-0300][gc,phases    ] GC(1)   Other: 0,3ms
[2023-06-03T14:59:28.674-0300][gc,heap      ] GC(1) Eden regions: 28->0(49)
[2023-06-03T14:59:28.674-0300][gc,heap      ] GC(1) Survivor regions: 7->2(7)
[2023-06-03T14:59:28.674-0300][gc,heap      ] GC(1) Old regions: 2->9
[2023-06-03T14:59:28.674-0300][gc,heap      ] GC(1) Humongous regions: 0->0
[2023-06-03T14:59:28.674-0300][gc,metaspace ] GC(1) Metaspace: 20502K(21248K)->20502K(21248K) NonClass: 18019K(18432K)->18019K(18432K) Class: 2482K(2816K)->2482K(2816K)
[2023-06-03T14:59:28.674-0300][gc           ] GC(1) Pause Young (Concurrent Start) (Metadata GC Threshold) 35M->8M(1024M) 15,692ms
[2023-06-03T14:59:28.674-0300][gc,cpu       ] GC(1) User=0,04s Sys=0,01s Real=0,01s
[2023-06-03T14:59:28.674-0300][gc           ] GC(2) Concurrent Cycle
[2023-06-03T14:59:28.674-0300][gc,marking   ] GC(2) Concurrent Clear Claimed Marks
[2023-06-03T14:59:28.674-0300][gc,marking   ] GC(2) Concurrent Clear Claimed Marks 0,062ms
[2023-06-03T14:59:28.674-0300][gc,marking   ] GC(2) Concurrent Scan Root Regions
[2023-06-03T14:59:28.676-0300][gc,marking   ] GC(2) Concurrent Scan Root Regions 1,422ms
[2023-06-03T14:59:28.676-0300][gc,marking   ] GC(2) Concurrent Mark (2,160s)
[2023-06-03T14:59:28.676-0300][gc,marking   ] GC(2) Concurrent Mark From Roots
[2023-06-03T14:59:28.676-0300][gc,task      ] GC(2) Using 1 workers of 1 for marking
[2023-06-03T14:59:28.690-0300][gc,marking   ] GC(2) Concurrent Mark From Roots 14,382ms
[2023-06-03T14:59:28.690-0300][gc,marking   ] GC(2) Concurrent Preclean
[2023-06-03T14:59:28.690-0300][gc,marking   ] GC(2) Concurrent Preclean 0,104ms
[2023-06-03T14:59:28.690-0300][gc,marking   ] GC(2) Concurrent Mark (2,160s, 2,174s) 14,566ms
[2023-06-03T14:59:28.691-0300][gc,start     ] GC(2) Pause Remark
[2023-06-03T14:59:28.694-0300][gc,stringtable] GC(2) Cleaned string and symbol table, strings: 5218 processed, 0 removed, symbols: 52837 processed, 44 removed
[2023-06-03T14:59:28.694-0300][gc            ] GC(2) Pause Remark 9M->9M(1024M) 3,774ms
[2023-06-03T14:59:28.694-0300][gc,cpu        ] GC(2) User=0,01s Sys=0,00s Real=0,00s
[2023-06-03T14:59:28.694-0300][gc,marking    ] GC(2) Concurrent Rebuild Remembered Sets
[2023-06-03T14:59:28.700-0300][gc,marking    ] GC(2) Concurrent Rebuild Remembered Sets 5,755ms
[2023-06-03T14:59:28.700-0300][gc,start      ] GC(2) Pause Cleanup
[2023-06-03T14:59:28.701-0300][gc            ] GC(2) Pause Cleanup 9M->9M(1024M) 0,462ms
[2023-06-03T14:59:28.701-0300][gc,cpu        ] GC(2) User=0,00s Sys=0,00s Real=0,00s
[2023-06-03T14:59:28.701-0300][gc,marking    ] GC(2) Concurrent Cleanup for Next Mark
[2023-06-03T14:59:28.712-0300][gc,marking    ] GC(2) Concurrent Cleanup for Next Mark 10,571ms
[2023-06-03T14:59:28.712-0300][gc            ] GC(2) Concurrent Cycle 37,305ms
[2023-06-03T14:59:29.610-0300][gc,start      ] GC(3) Pause Young (Normal) (G1 Evacuation Pause)
[2023-06-03T14:59:29.610-0300][gc,task       ] GC(3) Using 4 workers of 4 for evacuation
[2023-06-03T14:59:29.617-0300][gc,phases     ] GC(3)   Pre Evacuate Collection Set: 0,0ms
[2023-06-03T14:59:29.617-0300][gc,phases     ] GC(3)   Evacuate Collection Set: 6,3ms
[2023-06-03T14:59:29.617-0300][gc,phases     ] GC(3)   Post Evacuate Collection Set: 0,7ms
[2023-06-03T14:59:29.617-0300][gc,phases     ] GC(3)   Other: 0,2ms
[2023-06-03T14:59:29.617-0300][gc,heap       ] GC(3) Eden regions: 49->0(46)
[2023-06-03T14:59:29.617-0300][gc,heap       ] GC(3) Survivor regions: 2->5(7)
[2023-06-03T14:59:29.617-0300][gc,heap       ] GC(3) Old regions: 9->9
[2023-06-03T14:59:29.617-0300][gc,heap       ] GC(3) Humongous regions: 129->129
[2023-06-03T14:59:29.617-0300][gc,metaspace  ] GC(3) Metaspace: 28710K(29952K)->28710K(29952K) NonClass: 25364K(26112K)->25364K(26112K) Class: 3345K(3840K)->3345K(3840K)
[2023-06-03T14:59:29.617-0300][gc            ] GC(3) Pause Young (Normal) (G1 Evacuation Pause) 186M->140M(1024M) 7,332ms
[2023-06-03T14:59:29.617-0300][gc,cpu        ] GC(3) User=0,02s Sys=0,00s Real=0,01s
[2023-06-03T14:59:30.127-0300][gc,heap,exit  ] Heap
[2023-06-03T14:59:30.127-0300][gc,heap,exit  ]  garbage-first heap   total 1048576K, used 158415K [0x00000000c0000000, 0x0000000100000000)
[2023-06-03T14:59:30.127-0300][gc,heap,exit  ]   region size 1024K, 20 young (20480K), 5 survivors (5120K)
[2023-06-03T14:59:30.127-0300][gc,heap,exit  ]  Metaspace       used 30687K, capacity 31901K, committed 32256K, reserved 1077248K
[2023-06-03T14:59:30.127-0300][gc,heap,exit  ]   class space    used 3699K, capacity 4247K, committed 4352K, reserved 1048576K
