[2023-06-03T15:12:44.745-0300][gc,heap] Heap region size: 1M
[2023-06-03T15:12:44.758-0300][gc     ] Using G1
[2023-06-03T15:12:44.758-0300][gc,heap,coops] Heap address: 0x00000000c0000000, size: 1024 MB, Compressed Oops mode: 32-bit
[2023-06-03T15:12:44.758-0300][gc,cds       ] Mark closed archive regions in map: [0x00000000fff00000, 0x00000000fff6aff8]
[2023-06-03T15:12:44.758-0300][gc,cds       ] Mark open archive regions in map: [0x00000000ffe00000, 0x00000000ffe46ff8]
[2023-06-03T15:12:46.566-0300][gc,start     ] GC(0) Pause Young (Normal) (G1 Evacuation Pause)
[2023-06-03T15:12:46.566-0300][gc,task      ] GC(0) Using 4 workers of 4 for evacuation
[2023-06-03T15:12:46.580-0300][gc,phases    ] GC(0)   Pre Evacuate Collection Set: 0,0ms
[2023-06-03T15:12:46.580-0300][gc,phases    ] GC(0)   Evacuate Collection Set: 12,5ms
[2023-06-03T15:12:46.580-0300][gc,phases    ] GC(0)   Post Evacuate Collection Set: 0,8ms
[2023-06-03T15:12:46.580-0300][gc,phases    ] GC(0)   Other: 1,1ms
[2023-06-03T15:12:46.580-0300][gc,heap      ] GC(0) Eden regions: 51->0(44)
[2023-06-03T15:12:46.580-0300][gc,heap      ] GC(0) Survivor regions: 0->7(7)
[2023-06-03T15:12:46.580-0300][gc,heap      ] GC(0) Old regions: 2->2
[2023-06-03T15:12:46.580-0300][gc,heap      ] GC(0) Humongous regions: 0->0
[2023-06-03T15:12:46.580-0300][gc,metaspace ] GC(0) Metaspace: 14268K(15104K)->14268K(15104K) NonClass: 12519K(13056K)->12519K(13056K) Class: 1748K(2048K)->1748K(2048K)
[2023-06-03T15:12:46.580-0300][gc           ] GC(0) Pause Young (Normal) (G1 Evacuation Pause) 51M->7M(1024M) 14,636ms
[2023-06-03T15:12:46.580-0300][gc,cpu       ] GC(0) User=0,05s Sys=0,00s Real=0,01s
[2023-06-03T15:12:47.090-0300][gc,start     ] GC(1) Pause Young (Concurrent Start) (Metadata GC Threshold)
[2023-06-03T15:12:47.090-0300][gc,task      ] GC(1) Using 4 workers of 4 for evacuation
[2023-06-03T15:12:47.104-0300][gc,phases    ] GC(1)   Pre Evacuate Collection Set: 0,1ms
[2023-06-03T15:12:47.104-0300][gc,phases    ] GC(1)   Evacuate Collection Set: 13,3ms
[2023-06-03T15:12:47.104-0300][gc,phases    ] GC(1)   Post Evacuate Collection Set: 0,4ms
[2023-06-03T15:12:47.104-0300][gc,phases    ] GC(1)   Other: 0,3ms
[2023-06-03T15:12:47.104-0300][gc,heap      ] GC(1) Eden regions: 28->0(49)
[2023-06-03T15:12:47.104-0300][gc,heap      ] GC(1) Survivor regions: 7->2(7)
[2023-06-03T15:12:47.105-0300][gc,heap      ] GC(1) Old regions: 2->9
[2023-06-03T15:12:47.105-0300][gc,heap      ] GC(1) Humongous regions: 0->0
[2023-06-03T15:12:47.105-0300][gc,metaspace ] GC(1) Metaspace: 20500K(21248K)->20500K(21248K) NonClass: 18018K(18432K)->18018K(18432K) Class: 2482K(2816K)->2482K(2816K)
[2023-06-03T15:12:47.105-0300][gc           ] GC(1) Pause Young (Concurrent Start) (Metadata GC Threshold) 35M->8M(1024M) 14,275ms
[2023-06-03T15:12:47.105-0300][gc,cpu       ] GC(1) User=0,04s Sys=0,01s Real=0,02s
[2023-06-03T15:12:47.105-0300][gc           ] GC(2) Concurrent Cycle
[2023-06-03T15:12:47.105-0300][gc,marking   ] GC(2) Concurrent Clear Claimed Marks
[2023-06-03T15:12:47.105-0300][gc,marking   ] GC(2) Concurrent Clear Claimed Marks 0,042ms
[2023-06-03T15:12:47.105-0300][gc,marking   ] GC(2) Concurrent Scan Root Regions
[2023-06-03T15:12:47.106-0300][gc,marking   ] GC(2) Concurrent Scan Root Regions 1,406ms
[2023-06-03T15:12:47.106-0300][gc,marking   ] GC(2) Concurrent Mark (2,366s)
[2023-06-03T15:12:47.106-0300][gc,marking   ] GC(2) Concurrent Mark From Roots
[2023-06-03T15:12:47.106-0300][gc,task      ] GC(2) Using 1 workers of 1 for marking
[2023-06-03T15:12:47.122-0300][gc,marking   ] GC(2) Concurrent Mark From Roots 16,179ms
[2023-06-03T15:12:47.122-0300][gc,marking   ] GC(2) Concurrent Preclean
[2023-06-03T15:12:47.122-0300][gc,marking   ] GC(2) Concurrent Preclean 0,106ms
[2023-06-03T15:12:47.122-0300][gc,marking   ] GC(2) Concurrent Mark (2,366s, 2,382s) 16,356ms
[2023-06-03T15:12:47.125-0300][gc,start     ] GC(2) Pause Remark
[2023-06-03T15:12:47.129-0300][gc,stringtable] GC(2) Cleaned string and symbol table, strings: 5218 processed, 0 removed, symbols: 52838 processed, 44 removed
[2023-06-03T15:12:47.129-0300][gc            ] GC(2) Pause Remark 9M->9M(1024M) 4,377ms
[2023-06-03T15:12:47.129-0300][gc,cpu        ] GC(2) User=0,01s Sys=0,00s Real=0,00s
[2023-06-03T15:12:47.129-0300][gc,marking    ] GC(2) Concurrent Rebuild Remembered Sets
[2023-06-03T15:12:47.137-0300][gc,marking    ] GC(2) Concurrent Rebuild Remembered Sets 8,286ms
[2023-06-03T15:12:47.138-0300][gc,start      ] GC(2) Pause Cleanup
[2023-06-03T15:12:47.138-0300][gc            ] GC(2) Pause Cleanup 9M->9M(1024M) 0,221ms
[2023-06-03T15:12:47.138-0300][gc,cpu        ] GC(2) User=0,00s Sys=0,00s Real=0,00s
[2023-06-03T15:12:47.138-0300][gc,marking    ] GC(2) Concurrent Cleanup for Next Mark
[2023-06-03T15:12:47.149-0300][gc,marking    ] GC(2) Concurrent Cleanup for Next Mark 10,850ms
[2023-06-03T15:12:47.149-0300][gc            ] GC(2) Concurrent Cycle 44,244ms
[2023-06-03T15:12:48.657-0300][gc,start      ] GC(3) Pause Young (Concurrent Start) (G1 Evacuation Pause)
[2023-06-03T15:12:48.657-0300][gc,task       ] GC(3) Using 4 workers of 4 for evacuation
[2023-06-03T15:12:48.662-0300][gc,phases     ] GC(3)   Pre Evacuate Collection Set: 0,1ms
[2023-06-03T15:12:48.662-0300][gc,phases     ] GC(3)   Evacuate Collection Set: 4,5ms
[2023-06-03T15:12:48.662-0300][gc,phases     ] GC(3)   Post Evacuate Collection Set: 0,6ms
[2023-06-03T15:12:48.662-0300][gc,phases     ] GC(3)   Other: 0,5ms
[2023-06-03T15:12:48.662-0300][gc,heap       ] GC(3) Eden regions: 49->0(47)
[2023-06-03T15:12:48.662-0300][gc,heap       ] GC(3) Survivor regions: 2->4(7)
[2023-06-03T15:12:48.662-0300][gc,heap       ] GC(3) Old regions: 9->9
[2023-06-03T15:12:48.662-0300][gc,heap       ] GC(3) Humongous regions: 129->129
[2023-06-03T15:12:48.662-0300][gc,metaspace  ] GC(3) Metaspace: 28646K(29696K)->28646K(29696K) NonClass: 25283K(25856K)->25283K(25856K) Class: 3363K(3840K)->3363K(3840K)
[2023-06-03T15:12:48.663-0300][gc            ] GC(3) Pause Young (Concurrent Start) (G1 Evacuation Pause) 186M->139M(1024M) 5,778ms
[2023-06-03T15:12:48.663-0300][gc,cpu        ] GC(3) User=0,02s Sys=0,00s Real=0,00s
[2023-06-03T15:12:48.663-0300][gc            ] GC(4) Concurrent Cycle
[2023-06-03T15:12:48.663-0300][gc,marking    ] GC(4) Concurrent Clear Claimed Marks
[2023-06-03T15:12:48.663-0300][gc,marking    ] GC(4) Concurrent Clear Claimed Marks 0,081ms
[2023-06-03T15:12:48.663-0300][gc,marking    ] GC(4) Concurrent Scan Root Regions
[2023-06-03T15:12:48.666-0300][gc,marking    ] GC(4) Concurrent Scan Root Regions 3,532ms
[2023-06-03T15:12:48.666-0300][gc,marking    ] GC(4) Concurrent Mark (3,926s)
[2023-06-03T15:12:48.666-0300][gc,marking    ] GC(4) Concurrent Mark From Roots
[2023-06-03T15:12:48.666-0300][gc,task       ] GC(4) Using 1 workers of 1 for marking
[2023-06-03T15:12:48.682-0300][gc,marking    ] GC(4) Concurrent Mark From Roots 15,818ms
[2023-06-03T15:12:48.682-0300][gc,marking    ] GC(4) Concurrent Preclean
[2023-06-03T15:12:48.682-0300][gc,marking    ] GC(4) Concurrent Preclean 0,101ms
[2023-06-03T15:12:48.682-0300][gc,marking    ] GC(4) Concurrent Mark (3,926s, 3,942s) 15,986ms
[2023-06-03T15:12:48.682-0300][gc,start      ] GC(4) Pause Remark
[2023-06-03T15:12:48.687-0300][gc,stringtable] GC(4) Cleaned string and symbol table, strings: 7351 processed, 13 removed, symbols: 66637 processed, 8 removed
[2023-06-03T15:12:48.687-0300][gc            ] GC(4) Pause Remark 141M->141M(1024M) 4,463ms
[2023-06-03T15:12:48.687-0300][gc,cpu        ] GC(4) User=0,01s Sys=0,00s Real=0,01s
[2023-06-03T15:12:48.687-0300][gc,marking    ] GC(4) Concurrent Rebuild Remembered Sets
[2023-06-03T15:12:48.695-0300][gc,marking    ] GC(4) Concurrent Rebuild Remembered Sets 7,781ms
[2023-06-03T15:12:48.695-0300][gc,start      ] GC(4) Pause Cleanup
[2023-06-03T15:12:48.695-0300][gc            ] GC(4) Pause Cleanup 142M->142M(1024M) 0,177ms
[2023-06-03T15:12:48.695-0300][gc,cpu        ] GC(4) User=0,00s Sys=0,00s Real=0,00s
[2023-06-03T15:12:48.695-0300][gc,marking    ] GC(4) Concurrent Cleanup for Next Mark
[2023-06-03T15:12:48.707-0300][gc,marking    ] GC(4) Concurrent Cleanup for Next Mark 11,358ms
[2023-06-03T15:12:48.707-0300][gc            ] GC(4) Concurrent Cycle 44,087ms
[2023-06-03T15:12:49.604-0300][gc,start      ] GC(5) Pause Young (Normal) (G1 Evacuation Pause)
[2023-06-03T15:12:49.604-0300][gc,task       ] GC(5) Using 4 workers of 4 for evacuation
[2023-06-03T15:12:49.619-0300][gc,phases     ] GC(5)   Pre Evacuate Collection Set: 0,1ms
[2023-06-03T15:12:49.619-0300][gc,phases     ] GC(5)   Evacuate Collection Set: 13,9ms
[2023-06-03T15:12:49.619-0300][gc,phases     ] GC(5)   Post Evacuate Collection Set: 0,5ms
[2023-06-03T15:12:49.619-0300][gc,phases     ] GC(5)   Other: 0,4ms
[2023-06-03T15:12:49.619-0300][gc,heap       ] GC(5) Eden regions: 47->0(44)
[2023-06-03T15:12:49.619-0300][gc,heap       ] GC(5) Survivor regions: 4->7(7)
[2023-06-03T15:12:49.619-0300][gc,heap       ] GC(5) Old regions: 9->9
[2023-06-03T15:12:49.619-0300][gc,heap       ] GC(5) Humongous regions: 129->129
[2023-06-03T15:12:49.619-0300][gc,metaspace  ] GC(5) Metaspace: 36597K(38400K)->36597K(38400K) NonClass: 32270K(33280K)->32270K(33280K) Class: 4326K(5120K)->4326K(5120K)
[2023-06-03T15:12:49.619-0300][gc            ] GC(5) Pause Young (Normal) (G1 Evacuation Pause) 186M->143M(1024M) 14,929ms
[2023-06-03T15:12:49.619-0300][gc,cpu        ] GC(5) User=0,05s Sys=0,01s Real=0,02s
[2023-06-03T15:14:41.880-0300][gc,start      ] GC(6) Pause Young (Normal) (G1 Evacuation Pause)
[2023-06-03T15:14:41.880-0300][gc,task       ] GC(6) Using 4 workers of 4 for evacuation
[2023-06-03T15:14:41.919-0300][gc,mmu        ] GC(6) MMU target violated: 21,0ms (20,0ms/21,0ms)
[2023-06-03T15:14:41.919-0300][gc,phases     ] GC(6)   Pre Evacuate Collection Set: 0,1ms
[2023-06-03T15:14:41.919-0300][gc,phases     ] GC(6)   Evacuate Collection Set: 36,7ms
[2023-06-03T15:14:41.919-0300][gc,phases     ] GC(6)   Post Evacuate Collection Set: 1,8ms
[2023-06-03T15:14:41.919-0300][gc,phases     ] GC(6)   Other: 0,7ms
[2023-06-03T15:14:41.919-0300][gc,heap       ] GC(6) Eden regions: 44->0(48)
[2023-06-03T15:14:41.919-0300][gc,heap       ] GC(6) Survivor regions: 7->3(7)
[2023-06-03T15:14:41.919-0300][gc,heap       ] GC(6) Old regions: 9->16
[2023-06-03T15:14:41.919-0300][gc,heap       ] GC(6) Humongous regions: 135->129
[2023-06-03T15:14:41.919-0300][gc,metaspace  ] GC(6) Metaspace: 42862K(45696K)->42862K(45696K) NonClass: 37176K(38656K)->37176K(38656K) Class: 5685K(7040K)->5685K(7040K)
[2023-06-03T15:14:41.919-0300][gc            ] GC(6) Pause Young (Normal) (G1 Evacuation Pause) 193M->145M(1024M) 39,449ms
[2023-06-03T15:14:41.919-0300][gc,cpu        ] GC(6) User=0,10s Sys=0,00s Real=0,04s
[2023-06-03T15:36:18.739-0300][gc,start      ] GC(7) Pause Young (Normal) (G1 Evacuation Pause)
[2023-06-03T15:36:18.740-0300][gc,task       ] GC(7) Using 4 workers of 4 for evacuation
[2023-06-03T15:36:18.761-0300][gc,mmu        ] GC(7) MMU target violated: 21,0ms (20,0ms/21,0ms)
[2023-06-03T15:36:18.761-0300][gc,phases     ] GC(7)   Pre Evacuate Collection Set: 0,1ms
[2023-06-03T15:36:18.761-0300][gc,phases     ] GC(7)   Evacuate Collection Set: 19,7ms
[2023-06-03T15:36:18.761-0300][gc,phases     ] GC(7)   Post Evacuate Collection Set: 1,4ms
[2023-06-03T15:36:18.761-0300][gc,phases     ] GC(7)   Other: 0,7ms
[2023-06-03T15:36:18.762-0300][gc,heap       ] GC(7) Eden regions: 48->0(47)
[2023-06-03T15:36:18.762-0300][gc,heap       ] GC(7) Survivor regions: 3->4(7)
[2023-06-03T15:36:18.762-0300][gc,heap       ] GC(7) Old regions: 16->16
[2023-06-03T15:36:18.762-0300][gc,heap       ] GC(7) Humongous regions: 129->129
[2023-06-03T15:36:18.762-0300][gc,metaspace  ] GC(7) Metaspace: 44502K(47488K)->44502K(47488K) NonClass: 38678K(40192K)->38678K(40192K) Class: 5823K(7296K)->5823K(7296K)
[2023-06-03T15:36:18.762-0300][gc            ] GC(7) Pause Young (Normal) (G1 Evacuation Pause) 193M->147M(1024M) 22,209ms
[2023-06-03T15:36:18.762-0300][gc,cpu        ] GC(7) User=0,08s Sys=0,00s Real=0,02s
[2023-06-03T16:12:00.589-0300][gc,start      ] GC(8) Pause Young (Normal) (G1 Evacuation Pause)
[2023-06-03T16:12:00.589-0300][gc,task       ] GC(8) Using 4 workers of 4 for evacuation
[2023-06-03T16:12:00.610-0300][gc,mmu        ] GC(8) MMU target violated: 21,0ms (20,0ms/21,0ms)
[2023-06-03T16:12:00.611-0300][gc,phases     ] GC(8)   Pre Evacuate Collection Set: 0,1ms
[2023-06-03T16:12:00.611-0300][gc,phases     ] GC(8)   Evacuate Collection Set: 19,3ms
[2023-06-03T16:12:00.611-0300][gc,phases     ] GC(8)   Post Evacuate Collection Set: 1,9ms
[2023-06-03T16:12:00.611-0300][gc,phases     ] GC(8)   Other: 0,8ms
[2023-06-03T16:12:00.611-0300][gc,heap       ] GC(8) Eden regions: 47->0(49)
[2023-06-03T16:12:00.611-0300][gc,heap       ] GC(8) Survivor regions: 4->2(7)
[2023-06-03T16:12:00.611-0300][gc,heap       ] GC(8) Old regions: 16->18
[2023-06-03T16:12:00.611-0300][gc,heap       ] GC(8) Humongous regions: 129->129
[2023-06-03T16:12:00.611-0300][gc,metaspace  ] GC(8) Metaspace: 44701K(47744K)->44701K(47744K) NonClass: 38877K(40448K)->38877K(40448K) Class: 5823K(7296K)->5823K(7296K)
[2023-06-03T16:12:00.611-0300][gc            ] GC(8) Pause Young (Normal) (G1 Evacuation Pause) 194M->147M(1024M) 22,257ms
[2023-06-03T16:12:00.611-0300][gc,cpu        ] GC(8) User=0,07s Sys=0,00s Real=0,02s
[2023-06-03T16:49:20.589-0300][gc,start      ] GC(9) Pause Young (Normal) (G1 Evacuation Pause)
[2023-06-03T16:49:20.589-0300][gc,task       ] GC(9) Using 4 workers of 4 for evacuation
[2023-06-03T16:49:20.601-0300][gc,phases     ] GC(9)   Pre Evacuate Collection Set: 0,1ms
[2023-06-03T16:49:20.601-0300][gc,phases     ] GC(9)   Evacuate Collection Set: 10,1ms
[2023-06-03T16:49:20.601-0300][gc,phases     ] GC(9)   Post Evacuate Collection Set: 1,6ms
[2023-06-03T16:49:20.601-0300][gc,phases     ] GC(9)   Other: 0,6ms
[2023-06-03T16:49:20.601-0300][gc,heap       ] GC(9) Eden regions: 49->0(49)
[2023-06-03T16:49:20.601-0300][gc,heap       ] GC(9) Survivor regions: 2->2(7)
[2023-06-03T16:49:20.601-0300][gc,heap       ] GC(9) Old regions: 18->18
[2023-06-03T16:49:20.601-0300][gc,heap       ] GC(9) Humongous regions: 129->129
[2023-06-03T16:49:20.601-0300][gc,metaspace  ] GC(9) Metaspace: 44776K(48000K)->44776K(48000K) NonClass: 38947K(40704K)->38947K(40704K) Class: 5829K(7296K)->5829K(7296K)
[2023-06-03T16:49:20.601-0300][gc            ] GC(9) Pause Young (Normal) (G1 Evacuation Pause) 196M->147M(1024M) 12,765ms
[2023-06-03T16:49:20.602-0300][gc,cpu        ] GC(9) User=0,04s Sys=0,00s Real=0,01s
[2023-06-03T17:24:30.589-0300][gc,start      ] GC(10) Pause Young (Normal) (G1 Evacuation Pause)
[2023-06-03T17:24:30.589-0300][gc,task       ] GC(10) Using 4 workers of 4 for evacuation
[2023-06-03T17:24:30.609-0300][gc,phases     ] GC(10)   Pre Evacuate Collection Set: 0,1ms
[2023-06-03T17:24:30.609-0300][gc,phases     ] GC(10)   Evacuate Collection Set: 17,5ms
[2023-06-03T17:24:30.609-0300][gc,phases     ] GC(10)   Post Evacuate Collection Set: 1,6ms
[2023-06-03T17:24:30.609-0300][gc,phases     ] GC(10)   Other: 0,7ms
[2023-06-03T17:24:30.609-0300][gc,heap       ] GC(10) Eden regions: 49->0(48)
[2023-06-03T17:24:30.609-0300][gc,heap       ] GC(10) Survivor regions: 2->3(7)
[2023-06-03T17:24:30.609-0300][gc,heap       ] GC(10) Old regions: 18->18
[2023-06-03T17:24:30.609-0300][gc,heap       ] GC(10) Humongous regions: 129->129
[2023-06-03T17:24:30.609-0300][gc,metaspace  ] GC(10) Metaspace: 44831K(48000K)->44831K(48000K) NonClass: 39002K(40704K)->39002K(40704K) Class: 5829K(7296K)->5829K(7296K)
[2023-06-03T17:24:30.609-0300][gc            ] GC(10) Pause Young (Normal) (G1 Evacuation Pause) 196M->147M(1024M) 20,189ms
[2023-06-03T17:24:30.609-0300][gc,cpu        ] GC(10) User=0,05s Sys=0,00s Real=0,02s
[2023-06-03T17:55:50.589-0300][gc,start      ] GC(11) Pause Young (Normal) (G1 Evacuation Pause)
[2023-06-03T17:55:50.589-0300][gc,task       ] GC(11) Using 4 workers of 4 for evacuation
[2023-06-03T17:55:50.615-0300][gc,mmu        ] GC(11) MMU target violated: 21,0ms (20,0ms/21,0ms)
[2023-06-03T17:55:50.615-0300][gc,phases     ] GC(11)   Pre Evacuate Collection Set: 0,1ms
[2023-06-03T17:55:50.615-0300][gc,phases     ] GC(11)   Evacuate Collection Set: 20,9ms
[2023-06-03T17:55:50.615-0300][gc,phases     ] GC(11)   Post Evacuate Collection Set: 4,4ms
[2023-06-03T17:55:50.615-0300][gc,phases     ] GC(11)   Other: 0,7ms
[2023-06-03T17:55:50.615-0300][gc,heap       ] GC(11) Eden regions: 48->0(47)
[2023-06-03T17:55:50.615-0300][gc,heap       ] GC(11) Survivor regions: 3->4(7)
[2023-06-03T17:55:50.615-0300][gc,heap       ] GC(11) Old regions: 18->18
[2023-06-03T17:55:50.615-0300][gc,heap       ] GC(11) Humongous regions: 129->129
[2023-06-03T17:55:50.615-0300][gc,metaspace  ] GC(11) Metaspace: 44901K(48000K)->44901K(48000K) NonClass: 39065K(40704K)->39065K(40704K) Class: 5835K(7296K)->5835K(7296K)
[2023-06-03T17:55:50.615-0300][gc            ] GC(11) Pause Young (Normal) (G1 Evacuation Pause) 195M->148M(1024M) 26,570ms
[2023-06-03T17:55:50.615-0300][gc,cpu        ] GC(11) User=0,06s Sys=0,00s Real=0,02s
[2023-06-03T18:13:45.544-0300][gc,start      ] GC(12) Pause Young (Normal) (G1 Evacuation Pause)
[2023-06-03T18:13:45.544-0300][gc,task       ] GC(12) Using 4 workers of 4 for evacuation
[2023-06-03T18:13:45.551-0300][gc,phases     ] GC(12)   Pre Evacuate Collection Set: 0,0ms
[2023-06-03T18:13:45.551-0300][gc,phases     ] GC(12)   Evacuate Collection Set: 6,1ms
[2023-06-03T18:13:45.551-0300][gc,phases     ] GC(12)   Post Evacuate Collection Set: 0,8ms
[2023-06-03T18:13:45.551-0300][gc,phases     ] GC(12)   Other: 0,3ms
[2023-06-03T18:13:45.551-0300][gc,heap       ] GC(12) Eden regions: 47->0(47)
[2023-06-03T18:13:45.551-0300][gc,heap       ] GC(12) Survivor regions: 4->4(7)
[2023-06-03T18:13:45.551-0300][gc,heap       ] GC(12) Old regions: 18->18
[2023-06-03T18:13:45.551-0300][gc,heap       ] GC(12) Humongous regions: 129->129
[2023-06-03T18:13:45.551-0300][gc,metaspace  ] GC(12) Metaspace: 45626K(48896K)->45626K(48896K) NonClass: 39569K(41216K)->39569K(41216K) Class: 6056K(7680K)->6056K(7680K)
[2023-06-03T18:13:45.551-0300][gc            ] GC(12) Pause Young (Normal) (G1 Evacuation Pause) 195M->148M(1024M) 7,285ms
[2023-06-03T18:13:45.551-0300][gc,cpu        ] GC(12) User=0,02s Sys=0,00s Real=0,01s
[2023-06-03T18:25:27.601-0300][gc,start      ] GC(13) Pause Young (Normal) (G1 Evacuation Pause)
[2023-06-03T18:25:27.602-0300][gc,task       ] GC(13) Using 4 workers of 4 for evacuation
[2023-06-03T18:25:27.623-0300][gc,mmu        ] GC(13) MMU target violated: 21,0ms (20,0ms/21,0ms)
[2023-06-03T18:25:27.623-0300][gc,phases     ] GC(13)   Pre Evacuate Collection Set: 0,1ms
[2023-06-03T18:25:27.623-0300][gc,phases     ] GC(13)   Evacuate Collection Set: 19,4ms
[2023-06-03T18:25:27.623-0300][gc,phases     ] GC(13)   Post Evacuate Collection Set: 1,7ms
[2023-06-03T18:25:27.623-0300][gc,phases     ] GC(13)   Other: 0,8ms
[2023-06-03T18:25:27.623-0300][gc,heap       ] GC(13) Eden regions: 47->0(46)
[2023-06-03T18:25:27.623-0300][gc,heap       ] GC(13) Survivor regions: 4->5(7)
[2023-06-03T18:25:27.623-0300][gc,heap       ] GC(13) Old regions: 18->18
[2023-06-03T18:25:27.623-0300][gc,heap       ] GC(13) Humongous regions: 129->129
[2023-06-03T18:25:27.624-0300][gc,metaspace  ] GC(13) Metaspace: 46138K(49536K)->46138K(49536K) NonClass: 40016K(41728K)->40016K(41728K) Class: 6122K(7808K)->6122K(7808K)
[2023-06-03T18:25:27.624-0300][gc            ] GC(13) Pause Young (Normal) (G1 Evacuation Pause) 195M->149M(1024M) 22,142ms
[2023-06-03T18:25:27.624-0300][gc,cpu        ] GC(13) User=0,08s Sys=0,01s Real=0,02s
[2023-06-03T18:39:33.962-0300][gc,start      ] GC(14) Pause Young (Normal) (G1 Evacuation Pause)
[2023-06-03T18:39:33.962-0300][gc,task       ] GC(14) Using 4 workers of 4 for evacuation
[2023-06-03T18:39:33.989-0300][gc,mmu        ] GC(14) MMU target violated: 21,0ms (20,0ms/21,0ms)
[2023-06-03T18:39:33.989-0300][gc,phases     ] GC(14)   Pre Evacuate Collection Set: 0,1ms
[2023-06-03T18:39:33.989-0300][gc,phases     ] GC(14)   Evacuate Collection Set: 24,9ms
[2023-06-03T18:39:33.990-0300][gc,phases     ] GC(14)   Post Evacuate Collection Set: 1,8ms
[2023-06-03T18:39:33.990-0300][gc,phases     ] GC(14)   Other: 0,7ms
[2023-06-03T18:39:33.990-0300][gc,heap       ] GC(14) Eden regions: 46->0(47)
[2023-06-03T18:39:33.990-0300][gc,heap       ] GC(14) Survivor regions: 5->4(7)
[2023-06-03T18:39:33.990-0300][gc,heap       ] GC(14) Old regions: 18->19
[2023-06-03T18:39:33.990-0300][gc,heap       ] GC(14) Humongous regions: 129->129
[2023-06-03T18:39:33.990-0300][gc,metaspace  ] GC(14) Metaspace: 46145K(49536K)->46145K(49536K) NonClass: 40023K(41728K)->40023K(41728K) Class: 6122K(7808K)->6122K(7808K)
[2023-06-03T18:39:33.990-0300][gc            ] GC(14) Pause Young (Normal) (G1 Evacuation Pause) 195M->150M(1024M) 27,793ms
[2023-06-03T18:39:33.990-0300][gc,cpu        ] GC(14) User=0,10s Sys=0,00s Real=0,03s
[2023-06-03T18:54:10.610-0300][gc,start      ] GC(15) Pause Young (Normal) (G1 Evacuation Pause)
[2023-06-03T18:54:10.610-0300][gc,task       ] GC(15) Using 4 workers of 4 for evacuation
[2023-06-03T18:54:10.618-0300][gc,phases     ] GC(15)   Pre Evacuate Collection Set: 0,1ms
[2023-06-03T18:54:10.618-0300][gc,phases     ] GC(15)   Evacuate Collection Set: 6,8ms
[2023-06-03T18:54:10.618-0300][gc,phases     ] GC(15)   Post Evacuate Collection Set: 1,0ms
[2023-06-03T18:54:10.618-0300][gc,phases     ] GC(15)   Other: 0,3ms
[2023-06-03T18:54:10.618-0300][gc,heap       ] GC(15) Eden regions: 47->0(47)
[2023-06-03T18:54:10.618-0300][gc,heap       ] GC(15) Survivor regions: 4->4(7)
[2023-06-03T18:54:10.618-0300][gc,heap       ] GC(15) Old regions: 19->20
[2023-06-03T18:54:10.618-0300][gc,heap       ] GC(15) Humongous regions: 129->129
[2023-06-03T18:54:10.618-0300][gc,metaspace  ] GC(15) Metaspace: 46153K(49536K)->46153K(49536K) NonClass: 40031K(41728K)->40031K(41728K) Class: 6122K(7808K)->6122K(7808K)
[2023-06-03T18:54:10.618-0300][gc            ] GC(15) Pause Young (Normal) (G1 Evacuation Pause) 197M->150M(1024M) 8,416ms
[2023-06-03T18:54:10.618-0300][gc,cpu        ] GC(15) User=0,02s Sys=0,00s Real=0,01s
[2023-06-03T19:08:50.589-0300][gc,start      ] GC(16) Pause Young (Normal) (G1 Evacuation Pause)
[2023-06-03T19:08:50.589-0300][gc,task       ] GC(16) Using 4 workers of 4 for evacuation
[2023-06-03T19:08:50.609-0300][gc,mmu        ] GC(16) MMU target violated: 20,6ms (20,0ms/21,0ms)
[2023-06-03T19:08:50.610-0300][gc,phases     ] GC(16)   Pre Evacuate Collection Set: 0,1ms
[2023-06-03T19:08:50.610-0300][gc,phases     ] GC(16)   Evacuate Collection Set: 18,4ms
[2023-06-03T19:08:50.610-0300][gc,phases     ] GC(16)   Post Evacuate Collection Set: 1,9ms
[2023-06-03T19:08:50.610-0300][gc,phases     ] GC(16)   Other: 0,8ms
[2023-06-03T19:08:50.610-0300][gc,heap       ] GC(16) Eden regions: 47->0(47)
[2023-06-03T19:08:50.610-0300][gc,heap       ] GC(16) Survivor regions: 4->4(7)
[2023-06-03T19:08:50.610-0300][gc,heap       ] GC(16) Old regions: 20->20
[2023-06-03T19:08:50.610-0300][gc,heap       ] GC(16) Humongous regions: 129->129
[2023-06-03T19:08:50.610-0300][gc,metaspace  ] GC(16) Metaspace: 46158K(49792K)->46158K(49792K) NonClass: 40036K(41984K)->40036K(41984K) Class: 6122K(7808K)->6122K(7808K)
[2023-06-03T19:08:50.610-0300][gc            ] GC(16) Pause Young (Normal) (G1 Evacuation Pause) 197M->150M(1024M) 21,467ms
[2023-06-03T19:08:50.610-0300][gc,cpu        ] GC(16) User=0,06s Sys=0,00s Real=0,02s
[2023-06-03T19:22:41.582-0300][gc,start      ] GC(17) Pause Young (Normal) (G1 Evacuation Pause)
[2023-06-03T19:22:41.582-0300][gc,task       ] GC(17) Using 4 workers of 4 for evacuation
[2023-06-03T19:22:41.605-0300][gc,mmu        ] GC(17) MMU target violated: 21,0ms (20,0ms/21,0ms)
[2023-06-03T19:22:41.605-0300][gc,phases     ] GC(17)   Pre Evacuate Collection Set: 0,1ms
[2023-06-03T19:22:41.605-0300][gc,phases     ] GC(17)   Evacuate Collection Set: 18,3ms
[2023-06-03T19:22:41.606-0300][gc,phases     ] GC(17)   Post Evacuate Collection Set: 4,4ms
[2023-06-03T19:22:41.606-0300][gc,phases     ] GC(17)   Other: 0,8ms
[2023-06-03T19:22:41.606-0300][gc,heap       ] GC(17) Eden regions: 47->0(48)
[2023-06-03T19:22:41.606-0300][gc,heap       ] GC(17) Survivor regions: 4->3(7)
[2023-06-03T19:22:41.606-0300][gc,heap       ] GC(17) Old regions: 20->20
[2023-06-03T19:22:41.606-0300][gc,heap       ] GC(17) Humongous regions: 129->129
[2023-06-03T19:22:41.606-0300][gc,metaspace  ] GC(17) Metaspace: 46177K(49792K)->46177K(49792K) NonClass: 40055K(41984K)->40055K(41984K) Class: 6122K(7808K)->6122K(7808K)
[2023-06-03T19:22:41.606-0300][gc            ] GC(17) Pause Young (Normal) (G1 Evacuation Pause) 197M->149M(1024M) 23,954ms
[2023-06-03T19:22:41.606-0300][gc,cpu        ] GC(17) User=0,07s Sys=0,00s Real=0,03s
[2023-06-03T19:37:29.497-0300][gc,start      ] GC(18) Pause Young (Normal) (G1 Evacuation Pause)
[2023-06-03T19:37:29.497-0300][gc,task       ] GC(18) Using 4 workers of 4 for evacuation
[2023-06-03T19:37:29.519-0300][gc,mmu        ] GC(18) MMU target violated: 21,0ms (20,0ms/21,0ms)
[2023-06-03T19:37:29.520-0300][gc,phases     ] GC(18)   Pre Evacuate Collection Set: 0,1ms
[2023-06-03T19:37:29.520-0300][gc,phases     ] GC(18)   Evacuate Collection Set: 20,4ms
[2023-06-03T19:37:29.520-0300][gc,phases     ] GC(18)   Post Evacuate Collection Set: 1,6ms
[2023-06-03T19:37:29.520-0300][gc,phases     ] GC(18)   Other: 0,7ms
[2023-06-03T19:37:29.520-0300][gc,heap       ] GC(18) Eden regions: 48->0(47)
[2023-06-03T19:37:29.520-0300][gc,heap       ] GC(18) Survivor regions: 3->4(7)
[2023-06-03T19:37:29.520-0300][gc,heap       ] GC(18) Old regions: 20->20
[2023-06-03T19:37:29.520-0300][gc,heap       ] GC(18) Humongous regions: 129->129
[2023-06-03T19:37:29.520-0300][gc,metaspace  ] GC(18) Metaspace: 46190K(49792K)->46190K(49792K) NonClass: 40065K(41984K)->40065K(41984K) Class: 6124K(7808K)->6124K(7808K)
[2023-06-03T19:37:29.520-0300][gc            ] GC(18) Pause Young (Normal) (G1 Evacuation Pause) 197M->150M(1024M) 23,240ms
[2023-06-03T19:37:29.520-0300][gc,cpu        ] GC(18) User=0,07s Sys=0,00s Real=0,02s
[2023-06-03T19:51:55.589-0300][gc,start      ] GC(19) Pause Young (Normal) (G1 Evacuation Pause)
[2023-06-03T19:51:55.589-0300][gc,task       ] GC(19) Using 4 workers of 4 for evacuation
[2023-06-03T19:51:55.608-0300][gc,phases     ] GC(19)   Pre Evacuate Collection Set: 0,1ms
[2023-06-03T19:51:55.608-0300][gc,phases     ] GC(19)   Evacuate Collection Set: 17,3ms
[2023-06-03T19:51:55.608-0300][gc,phases     ] GC(19)   Post Evacuate Collection Set: 1,7ms
[2023-06-03T19:51:55.608-0300][gc,phases     ] GC(19)   Other: 0,6ms
[2023-06-03T19:51:55.609-0300][gc,heap       ] GC(19) Eden regions: 47->0(47)
[2023-06-03T19:51:55.609-0300][gc,heap       ] GC(19) Survivor regions: 4->4(7)
[2023-06-03T19:51:55.609-0300][gc,heap       ] GC(19) Old regions: 20->20
[2023-06-03T19:51:55.609-0300][gc,heap       ] GC(19) Humongous regions: 129->129
[2023-06-03T19:51:55.609-0300][gc,metaspace  ] GC(19) Metaspace: 46192K(49792K)->46192K(49792K) NonClass: 40068K(41984K)->40068K(41984K) Class: 6124K(7808K)->6124K(7808K)
[2023-06-03T19:51:55.609-0300][gc            ] GC(19) Pause Young (Normal) (G1 Evacuation Pause) 197M->150M(1024M) 20,024ms
[2023-06-03T19:51:55.609-0300][gc,cpu        ] GC(19) User=0,07s Sys=0,00s Real=0,02s
[2023-06-03T20:11:19.784-0300][gc,start      ] GC(20) Pause Young (Normal) (G1 Evacuation Pause)
[2023-06-03T20:11:19.784-0300][gc,task       ] GC(20) Using 4 workers of 4 for evacuation
[2023-06-03T20:11:19.802-0300][gc,phases     ] GC(20)   Pre Evacuate Collection Set: 0,1ms
[2023-06-03T20:11:19.802-0300][gc,phases     ] GC(20)   Evacuate Collection Set: 16,5ms
[2023-06-03T20:11:19.802-0300][gc,phases     ] GC(20)   Post Evacuate Collection Set: 1,1ms
[2023-06-03T20:11:19.802-0300][gc,phases     ] GC(20)   Other: 0,6ms
[2023-06-03T20:11:19.802-0300][gc,heap       ] GC(20) Eden regions: 47->0(47)
[2023-06-03T20:11:19.802-0300][gc,heap       ] GC(20) Survivor regions: 4->4(7)
[2023-06-03T20:11:19.802-0300][gc,heap       ] GC(20) Old regions: 20->20
[2023-06-03T20:11:19.802-0300][gc,heap       ] GC(20) Humongous regions: 129->129
[2023-06-03T20:11:19.802-0300][gc,metaspace  ] GC(20) Metaspace: 46224K(49792K)->46224K(49792K) NonClass: 40099K(41984K)->40099K(41984K) Class: 6125K(7808K)->6125K(7808K)
[2023-06-03T20:11:19.802-0300][gc            ] GC(20) Pause Young (Normal) (G1 Evacuation Pause) 197M->150M(1024M) 18,697ms
[2023-06-03T20:11:19.802-0300][gc,cpu        ] GC(20) User=0,07s Sys=0,00s Real=0,02s
[2023-06-03T20:42:48.422-0300][gc,start      ] GC(21) Pause Young (Normal) (G1 Evacuation Pause)
[2023-06-03T20:42:48.422-0300][gc,task       ] GC(21) Using 4 workers of 4 for evacuation
[2023-06-03T20:42:48.432-0300][gc,phases     ] GC(21)   Pre Evacuate Collection Set: 0,0ms
[2023-06-03T20:42:48.432-0300][gc,phases     ] GC(21)   Evacuate Collection Set: 8,1ms
[2023-06-03T20:42:48.432-0300][gc,phases     ] GC(21)   Post Evacuate Collection Set: 0,8ms
[2023-06-03T20:42:48.432-0300][gc,phases     ] GC(21)   Other: 0,4ms
[2023-06-03T20:42:48.432-0300][gc,heap       ] GC(21) Eden regions: 47->0(49)
[2023-06-03T20:42:48.432-0300][gc,heap       ] GC(21) Survivor regions: 4->4(7)
[2023-06-03T20:42:48.432-0300][gc,heap       ] GC(21) Old regions: 20->20
[2023-06-03T20:42:48.432-0300][gc,heap       ] GC(21) Humongous regions: 129->129
[2023-06-03T20:42:48.432-0300][gc,metaspace  ] GC(21) Metaspace: 46237K(49792K)->46237K(49792K) NonClass: 40111K(41984K)->40111K(41984K) Class: 6125K(7808K)->6125K(7808K)
[2023-06-03T20:42:48.432-0300][gc            ] GC(21) Pause Young (Normal) (G1 Evacuation Pause) 197M->150M(1024M) 9,518ms
[2023-06-03T20:42:48.432-0300][gc,cpu        ] GC(21) User=0,02s Sys=0,01s Real=0,01s
[2023-06-03T20:57:54.728-0300][gc,start      ] GC(22) Pause Young (Normal) (G1 Evacuation Pause)
[2023-06-03T20:57:54.728-0300][gc,task       ] GC(22) Using 4 workers of 4 for evacuation
[2023-06-03T20:57:54.748-0300][gc,phases     ] GC(22)   Pre Evacuate Collection Set: 0,1ms
[2023-06-03T20:57:54.749-0300][gc,phases     ] GC(22)   Evacuate Collection Set: 16,4ms
[2023-06-03T20:57:54.749-0300][gc,phases     ] GC(22)   Post Evacuate Collection Set: 3,0ms
[2023-06-03T20:57:54.749-0300][gc,phases     ] GC(22)   Other: 0,7ms
[2023-06-03T20:57:54.749-0300][gc,heap       ] GC(22) Eden regions: 49->0(47)
[2023-06-03T20:57:54.749-0300][gc,heap       ] GC(22) Survivor regions: 4->4(7)
[2023-06-03T20:57:54.749-0300][gc,heap       ] GC(22) Old regions: 20->20
[2023-06-03T20:57:54.749-0300][gc,heap       ] GC(22) Humongous regions: 129->129
[2023-06-03T20:57:54.749-0300][gc,metaspace  ] GC(22) Metaspace: 46239K(49792K)->46239K(49792K) NonClass: 40114K(41984K)->40114K(41984K) Class: 6125K(7808K)->6125K(7808K)
[2023-06-03T20:57:54.749-0300][gc            ] GC(22) Pause Young (Normal) (G1 Evacuation Pause) 199M->150M(1024M) 20,558ms
[2023-06-03T20:57:54.749-0300][gc,cpu        ] GC(22) User=0,07s Sys=0,00s Real=0,02s
[2023-06-03T21:25:18.290-0300][gc,start      ] GC(23) Pause Young (Normal) (G1 Evacuation Pause)
[2023-06-03T21:25:18.290-0300][gc,task       ] GC(23) Using 4 workers of 4 for evacuation
[2023-06-03T21:25:18.306-0300][gc,phases     ] GC(23)   Pre Evacuate Collection Set: 0,1ms
[2023-06-03T21:25:18.306-0300][gc,phases     ] GC(23)   Evacuate Collection Set: 13,8ms
[2023-06-03T21:25:18.306-0300][gc,phases     ] GC(23)   Post Evacuate Collection Set: 1,7ms
[2023-06-03T21:25:18.306-0300][gc,phases     ] GC(23)   Other: 0,6ms
[2023-06-03T21:25:18.306-0300][gc,heap       ] GC(23) Eden regions: 47->0(48)
[2023-06-03T21:25:18.306-0300][gc,heap       ] GC(23) Survivor regions: 4->3(7)
[2023-06-03T21:25:18.306-0300][gc,heap       ] GC(23) Old regions: 20->20
[2023-06-03T21:25:18.306-0300][gc,heap       ] GC(23) Humongous regions: 129->129
[2023-06-03T21:25:18.306-0300][gc,metaspace  ] GC(23) Metaspace: 46380K(49792K)->46380K(49792K) NonClass: 40255K(41984K)->40255K(41984K) Class: 6125K(7808K)->6125K(7808K)
[2023-06-03T21:25:18.307-0300][gc            ] GC(23) Pause Young (Normal) (G1 Evacuation Pause) 197M->149M(1024M) 16,566ms
[2023-06-03T21:25:18.307-0300][gc,cpu        ] GC(23) User=0,06s Sys=0,00s Real=0,02s
[2023-06-03T22:02:05.521-0300][gc,start      ] GC(24) Pause Young (Normal) (G1 Evacuation Pause)
[2023-06-03T22:02:05.521-0300][gc,task       ] GC(24) Using 4 workers of 4 for evacuation
[2023-06-03T22:02:05.538-0300][gc,phases     ] GC(24)   Pre Evacuate Collection Set: 0,1ms
[2023-06-03T22:02:05.538-0300][gc,phases     ] GC(24)   Evacuate Collection Set: 14,3ms
[2023-06-03T22:02:05.538-0300][gc,phases     ] GC(24)   Post Evacuate Collection Set: 1,4ms
[2023-06-03T22:02:05.538-0300][gc,phases     ] GC(24)   Other: 0,6ms
[2023-06-03T22:02:05.538-0300][gc,heap       ] GC(24) Eden regions: 48->0(48)
[2023-06-03T22:02:05.538-0300][gc,heap       ] GC(24) Survivor regions: 3->3(7)
[2023-06-03T22:02:05.538-0300][gc,heap       ] GC(24) Old regions: 20->20
[2023-06-03T22:02:05.538-0300][gc,heap       ] GC(24) Humongous regions: 129->129
[2023-06-03T22:02:05.538-0300][gc,metaspace  ] GC(24) Metaspace: 46389K(49792K)->46389K(49792K) NonClass: 40264K(41984K)->40264K(41984K) Class: 6125K(7808K)->6125K(7808K)
[2023-06-03T22:02:05.538-0300][gc            ] GC(24) Pause Young (Normal) (G1 Evacuation Pause) 197M->149M(1024M) 16,713ms
[2023-06-03T22:02:05.538-0300][gc,cpu        ] GC(24) User=0,06s Sys=0,00s Real=0,02s
[2023-06-03T22:38:55.589-0300][gc,start      ] GC(25) Pause Young (Normal) (G1 Evacuation Pause)
[2023-06-03T22:38:55.589-0300][gc,task       ] GC(25) Using 4 workers of 4 for evacuation
[2023-06-03T22:38:55.604-0300][gc,phases     ] GC(25)   Pre Evacuate Collection Set: 0,1ms
[2023-06-03T22:38:55.605-0300][gc,phases     ] GC(25)   Evacuate Collection Set: 13,5ms
[2023-06-03T22:38:55.605-0300][gc,phases     ] GC(25)   Post Evacuate Collection Set: 1,8ms
[2023-06-03T22:38:55.605-0300][gc,phases     ] GC(25)   Other: 0,6ms
[2023-06-03T22:38:55.605-0300][gc,heap       ] GC(25) Eden regions: 48->0(48)
[2023-06-03T22:38:55.605-0300][gc,heap       ] GC(25) Survivor regions: 3->3(7)
[2023-06-03T22:38:55.605-0300][gc,heap       ] GC(25) Old regions: 20->20
[2023-06-03T22:38:55.605-0300][gc,heap       ] GC(25) Humongous regions: 129->129
[2023-06-03T22:38:55.605-0300][gc,metaspace  ] GC(25) Metaspace: 46393K(49792K)->46393K(49792K) NonClass: 40268K(41984K)->40268K(41984K) Class: 6125K(7808K)->6125K(7808K)
[2023-06-03T22:38:55.605-0300][gc            ] GC(25) Pause Young (Normal) (G1 Evacuation Pause) 197M->149M(1024M) 16,297ms
[2023-06-03T22:38:55.605-0300][gc,cpu        ] GC(25) User=0,05s Sys=0,00s Real=0,02s
[2023-06-03T23:15:45.797-0300][gc,start      ] GC(26) Pause Young (Normal) (G1 Evacuation Pause)
[2023-06-03T23:15:45.797-0300][gc,task       ] GC(26) Using 4 workers of 4 for evacuation
[2023-06-03T23:15:45.813-0300][gc,phases     ] GC(26)   Pre Evacuate Collection Set: 0,1ms
[2023-06-03T23:15:45.813-0300][gc,phases     ] GC(26)   Evacuate Collection Set: 13,6ms
[2023-06-03T23:15:45.813-0300][gc,phases     ] GC(26)   Post Evacuate Collection Set: 1,5ms
[2023-06-03T23:15:45.813-0300][gc,phases     ] GC(26)   Other: 0,6ms
[2023-06-03T23:15:45.813-0300][gc,heap       ] GC(26) Eden regions: 48->0(49)
[2023-06-03T23:15:45.813-0300][gc,heap       ] GC(26) Survivor regions: 3->3(7)
[2023-06-03T23:15:45.813-0300][gc,heap       ] GC(26) Old regions: 20->20
[2023-06-03T23:15:45.813-0300][gc,heap       ] GC(26) Humongous regions: 129->129
[2023-06-03T23:15:45.813-0300][gc,metaspace  ] GC(26) Metaspace: 46395K(49792K)->46395K(49792K) NonClass: 40269K(41984K)->40269K(41984K) Class: 6125K(7808K)->6125K(7808K)
[2023-06-03T23:15:45.813-0300][gc            ] GC(26) Pause Young (Normal) (G1 Evacuation Pause) 197M->149M(1024M) 16,135ms
[2023-06-03T23:15:45.813-0300][gc,cpu        ] GC(26) User=0,06s Sys=0,00s Real=0,01s
[2023-06-03T23:53:26.206-0300][gc,start      ] GC(27) Pause Young (Normal) (G1 Evacuation Pause)
[2023-06-03T23:53:26.207-0300][gc,task       ] GC(27) Using 4 workers of 4 for evacuation
[2023-06-03T23:53:26.222-0300][gc,phases     ] GC(27)   Pre Evacuate Collection Set: 0,1ms
[2023-06-03T23:53:26.222-0300][gc,phases     ] GC(27)   Evacuate Collection Set: 13,5ms
[2023-06-03T23:53:26.222-0300][gc,phases     ] GC(27)   Post Evacuate Collection Set: 1,6ms
[2023-06-03T23:53:26.222-0300][gc,phases     ] GC(27)   Other: 0,6ms
[2023-06-03T23:53:26.222-0300][gc,heap       ] GC(27) Eden regions: 49->0(49)
[2023-06-03T23:53:26.222-0300][gc,heap       ] GC(27) Survivor regions: 3->3(7)
[2023-06-03T23:53:26.222-0300][gc,heap       ] GC(27) Old regions: 20->20
[2023-06-03T23:53:26.222-0300][gc,heap       ] GC(27) Humongous regions: 129->129
[2023-06-03T23:53:26.222-0300][gc,metaspace  ] GC(27) Metaspace: 46407K(49792K)->46407K(49792K) NonClass: 40282K(41984K)->40282K(41984K) Class: 6125K(7808K)->6125K(7808K)
[2023-06-03T23:53:26.223-0300][gc            ] GC(27) Pause Young (Normal) (G1 Evacuation Pause) 198M->149M(1024M) 16,076ms
[2023-06-03T23:53:26.223-0300][gc,cpu        ] GC(27) User=0,05s Sys=0,00s Real=0,01s
[2023-06-04T00:31:18.290-0300][gc,start      ] GC(28) Pause Young (Normal) (G1 Evacuation Pause)
[2023-06-04T00:31:18.290-0300][gc,task       ] GC(28) Using 4 workers of 4 for evacuation
[2023-06-04T00:31:18.306-0300][gc,phases     ] GC(28)   Pre Evacuate Collection Set: 0,1ms
[2023-06-04T00:31:18.306-0300][gc,phases     ] GC(28)   Evacuate Collection Set: 14,0ms
[2023-06-04T00:31:18.306-0300][gc,phases     ] GC(28)   Post Evacuate Collection Set: 1,2ms
[2023-06-04T00:31:18.306-0300][gc,phases     ] GC(28)   Other: 0,6ms
[2023-06-04T00:31:18.306-0300][gc,heap       ] GC(28) Eden regions: 49->0(50)
[2023-06-04T00:31:18.306-0300][gc,heap       ] GC(28) Survivor regions: 3->3(7)
[2023-06-04T00:31:18.306-0300][gc,heap       ] GC(28) Old regions: 20->20
[2023-06-04T00:31:18.306-0300][gc,heap       ] GC(28) Humongous regions: 129->129
[2023-06-04T00:31:18.306-0300][gc,metaspace  ] GC(28) Metaspace: 46408K(49792K)->46408K(49792K) NonClass: 40282K(41984K)->40282K(41984K) Class: 6125K(7808K)->6125K(7808K)
[2023-06-04T00:31:18.306-0300][gc            ] GC(28) Pause Young (Normal) (G1 Evacuation Pause) 198M->149M(1024M) 16,207ms
[2023-06-04T00:31:18.306-0300][gc,cpu        ] GC(28) User=0,05s Sys=0,00s Real=0,02s
[2023-06-04T01:09:50.338-0300][gc,start      ] GC(29) Pause Young (Normal) (G1 Evacuation Pause)
[2023-06-04T01:09:50.338-0300][gc,task       ] GC(29) Using 4 workers of 4 for evacuation
[2023-06-04T01:09:50.352-0300][gc,phases     ] GC(29)   Pre Evacuate Collection Set: 0,1ms
[2023-06-04T01:09:50.353-0300][gc,phases     ] GC(29)   Evacuate Collection Set: 12,6ms
[2023-06-04T01:09:50.353-0300][gc,phases     ] GC(29)   Post Evacuate Collection Set: 1,1ms
[2023-06-04T01:09:50.353-0300][gc,phases     ] GC(29)   Other: 0,6ms
[2023-06-04T01:09:50.353-0300][gc,heap       ] GC(29) Eden regions: 50->0(51)
[2023-06-04T01:09:50.353-0300][gc,heap       ] GC(29) Survivor regions: 3->3(7)
[2023-06-04T01:09:50.353-0300][gc,heap       ] GC(29) Old regions: 20->20
[2023-06-04T01:09:50.353-0300][gc,heap       ] GC(29) Humongous regions: 129->129
[2023-06-04T01:09:50.353-0300][gc,metaspace  ] GC(29) Metaspace: 46431K(50048K)->46431K(50048K) NonClass: 40305K(42240K)->40305K(42240K) Class: 6125K(7808K)->6125K(7808K)
[2023-06-04T01:09:50.353-0300][gc            ] GC(29) Pause Young (Normal) (G1 Evacuation Pause) 199M->149M(1024M) 14,748ms
[2023-06-04T01:09:50.353-0300][gc,cpu        ] GC(29) User=0,05s Sys=0,00s Real=0,01s
[2023-06-04T01:48:58.020-0300][gc,start      ] GC(30) Pause Young (Normal) (G1 Evacuation Pause)
[2023-06-04T01:48:58.021-0300][gc,task       ] GC(30) Using 4 workers of 4 for evacuation
[2023-06-04T01:48:58.035-0300][gc,phases     ] GC(30)   Pre Evacuate Collection Set: 0,1ms
[2023-06-04T01:48:58.035-0300][gc,phases     ] GC(30)   Evacuate Collection Set: 12,4ms
[2023-06-04T01:48:58.035-0300][gc,phases     ] GC(30)   Post Evacuate Collection Set: 1,0ms
[2023-06-04T01:48:58.035-0300][gc,phases     ] GC(30)   Other: 0,7ms
[2023-06-04T01:48:58.035-0300][gc,heap       ] GC(30) Eden regions: 51->0(52)
[2023-06-04T01:48:58.035-0300][gc,heap       ] GC(30) Survivor regions: 3->3(7)
[2023-06-04T01:48:58.035-0300][gc,heap       ] GC(30) Old regions: 20->20
[2023-06-04T01:48:58.035-0300][gc,heap       ] GC(30) Humongous regions: 129->129
[2023-06-04T01:48:58.035-0300][gc,metaspace  ] GC(30) Metaspace: 46432K(50048K)->46432K(50048K) NonClass: 40306K(42240K)->40306K(42240K) Class: 6125K(7808K)->6125K(7808K)
[2023-06-04T01:48:58.035-0300][gc            ] GC(30) Pause Young (Normal) (G1 Evacuation Pause) 200M->149M(1024M) 14,495ms
[2023-06-04T01:48:58.035-0300][gc,cpu        ] GC(30) User=0,05s Sys=0,00s Real=0,01s
[2023-06-04T02:28:55.786-0300][gc,start      ] GC(31) Pause Young (Normal) (G1 Evacuation Pause)
[2023-06-04T02:28:55.786-0300][gc,task       ] GC(31) Using 4 workers of 4 for evacuation
[2023-06-04T02:28:55.800-0300][gc,phases     ] GC(31)   Pre Evacuate Collection Set: 0,1ms
[2023-06-04T02:28:55.800-0300][gc,phases     ] GC(31)   Evacuate Collection Set: 12,2ms
[2023-06-04T02:28:55.800-0300][gc,phases     ] GC(31)   Post Evacuate Collection Set: 1,0ms
[2023-06-04T02:28:55.800-0300][gc,phases     ] GC(31)   Other: 0,7ms
[2023-06-04T02:28:55.800-0300][gc,heap       ] GC(31) Eden regions: 52->0(52)
[2023-06-04T02:28:55.800-0300][gc,heap       ] GC(31) Survivor regions: 3->3(7)
[2023-06-04T02:28:55.800-0300][gc,heap       ] GC(31) Old regions: 20->20
[2023-06-04T02:28:55.800-0300][gc,heap       ] GC(31) Humongous regions: 129->129
[2023-06-04T02:28:55.800-0300][gc,metaspace  ] GC(31) Metaspace: 46439K(50048K)->46439K(50048K) NonClass: 40313K(42240K)->40313K(42240K) Class: 6125K(7808K)->6125K(7808K)
[2023-06-04T02:28:55.800-0300][gc            ] GC(31) Pause Young (Normal) (G1 Evacuation Pause) 201M->149M(1024M) 14,503ms
[2023-06-04T02:28:55.800-0300][gc,cpu        ] GC(31) User=0,05s Sys=0,00s Real=0,01s
[2023-06-04T03:08:50.259-0300][gc,start      ] GC(32) Pause Young (Normal) (G1 Evacuation Pause)
[2023-06-04T03:08:50.259-0300][gc,task       ] GC(32) Using 4 workers of 4 for evacuation
[2023-06-04T03:08:50.272-0300][gc,phases     ] GC(32)   Pre Evacuate Collection Set: 0,1ms
[2023-06-04T03:08:50.273-0300][gc,phases     ] GC(32)   Evacuate Collection Set: 12,1ms
[2023-06-04T03:08:50.273-0300][gc,phases     ] GC(32)   Post Evacuate Collection Set: 0,9ms
[2023-06-04T03:08:50.273-0300][gc,phases     ] GC(32)   Other: 0,6ms
[2023-06-04T03:08:50.273-0300][gc,heap       ] GC(32) Eden regions: 52->0(53)
[2023-06-04T03:08:50.273-0300][gc,heap       ] GC(32) Survivor regions: 3->3(7)
[2023-06-04T03:08:50.273-0300][gc,heap       ] GC(32) Old regions: 20->20
[2023-06-04T03:08:50.273-0300][gc,heap       ] GC(32) Humongous regions: 129->129
[2023-06-04T03:08:50.273-0300][gc,metaspace  ] GC(32) Metaspace: 46439K(50048K)->46439K(50048K) NonClass: 40314K(42240K)->40314K(42240K) Class: 6125K(7808K)->6125K(7808K)
[2023-06-04T03:08:50.273-0300][gc            ] GC(32) Pause Young (Normal) (G1 Evacuation Pause) 201M->149M(1024M) 14,074ms
[2023-06-04T03:08:50.273-0300][gc,cpu        ] GC(32) User=0,05s Sys=0,00s Real=0,01s
[2023-06-04T03:49:25.588-0300][gc,start      ] GC(33) Pause Young (Normal) (G1 Evacuation Pause)
[2023-06-04T03:49:25.588-0300][gc,task       ] GC(33) Using 4 workers of 4 for evacuation
[2023-06-04T03:49:25.595-0300][gc,phases     ] GC(33)   Pre Evacuate Collection Set: 0,1ms
[2023-06-04T03:49:25.595-0300][gc,phases     ] GC(33)   Evacuate Collection Set: 5,6ms
[2023-06-04T03:49:25.595-0300][gc,phases     ] GC(33)   Post Evacuate Collection Set: 1,0ms
[2023-06-04T03:49:25.595-0300][gc,phases     ] GC(33)   Other: 0,6ms
[2023-06-04T03:49:25.595-0300][gc,heap       ] GC(33) Eden regions: 53->0(54)
[2023-06-04T03:49:25.595-0300][gc,heap       ] GC(33) Survivor regions: 3->3(7)
[2023-06-04T03:49:25.595-0300][gc,heap       ] GC(33) Old regions: 20->20
[2023-06-04T03:49:25.595-0300][gc,heap       ] GC(33) Humongous regions: 129->129
[2023-06-04T03:49:25.595-0300][gc,metaspace  ] GC(33) Metaspace: 46439K(50048K)->46439K(50048K) NonClass: 40314K(42240K)->40314K(42240K) Class: 6125K(7808K)->6125K(7808K)
[2023-06-04T03:49:25.596-0300][gc            ] GC(33) Pause Young (Normal) (G1 Evacuation Pause) 202M->149M(1024M) 7,648ms
[2023-06-04T03:49:25.596-0300][gc,cpu        ] GC(33) User=0,03s Sys=0,00s Real=0,00s
[2023-06-04T04:31:10.491-0300][gc,start      ] GC(34) Pause Young (Normal) (G1 Evacuation Pause)
[2023-06-04T04:31:10.491-0300][gc,task       ] GC(34) Using 4 workers of 4 for evacuation
[2023-06-04T04:31:10.505-0300][gc,phases     ] GC(34)   Pre Evacuate Collection Set: 0,1ms
[2023-06-04T04:31:10.505-0300][gc,phases     ] GC(34)   Evacuate Collection Set: 11,9ms
[2023-06-04T04:31:10.505-0300][gc,phases     ] GC(34)   Post Evacuate Collection Set: 1,1ms
[2023-06-04T04:31:10.505-0300][gc,phases     ] GC(34)   Other: 0,6ms
[2023-06-04T04:31:10.505-0300][gc,heap       ] GC(34) Eden regions: 54->0(55)
[2023-06-04T04:31:10.505-0300][gc,heap       ] GC(34) Survivor regions: 3->3(8)
[2023-06-04T04:31:10.505-0300][gc,heap       ] GC(34) Old regions: 20->20
[2023-06-04T04:31:10.505-0300][gc,heap       ] GC(34) Humongous regions: 129->129
[2023-06-04T04:31:10.505-0300][gc,metaspace  ] GC(34) Metaspace: 46443K(50048K)->46443K(50048K) NonClass: 40317K(42240K)->40317K(42240K) Class: 6125K(7808K)->6125K(7808K)
[2023-06-04T04:31:10.505-0300][gc            ] GC(34) Pause Young (Normal) (G1 Evacuation Pause) 203M->149M(1024M) 14,114ms
[2023-06-04T04:31:10.505-0300][gc,cpu        ] GC(34) User=0,05s Sys=0,00s Real=0,02s
[2023-06-04T05:13:18.290-0300][gc,start      ] GC(35) Pause Young (Normal) (G1 Evacuation Pause)
[2023-06-04T05:13:18.290-0300][gc,task       ] GC(35) Using 4 workers of 4 for evacuation
[2023-06-04T05:13:18.304-0300][gc,phases     ] GC(35)   Pre Evacuate Collection Set: 0,1ms
[2023-06-04T05:13:18.304-0300][gc,phases     ] GC(35)   Evacuate Collection Set: 12,6ms
[2023-06-04T05:13:18.304-0300][gc,phases     ] GC(35)   Post Evacuate Collection Set: 1,0ms
[2023-06-04T05:13:18.304-0300][gc,phases     ] GC(35)   Other: 0,5ms
[2023-06-04T05:13:18.304-0300][gc,heap       ] GC(35) Eden regions: 55->0(56)
[2023-06-04T05:13:18.304-0300][gc,heap       ] GC(35) Survivor regions: 3->3(8)
[2023-06-04T05:13:18.304-0300][gc,heap       ] GC(35) Old regions: 20->20
[2023-06-04T05:13:18.304-0300][gc,heap       ] GC(35) Humongous regions: 129->129
[2023-06-04T05:13:18.304-0300][gc,metaspace  ] GC(35) Metaspace: 46443K(50048K)->46443K(50048K) NonClass: 40318K(42240K)->40318K(42240K) Class: 6125K(7808K)->6125K(7808K)
[2023-06-04T05:13:18.305-0300][gc            ] GC(35) Pause Young (Normal) (G1 Evacuation Pause) 204M->149M(1024M) 14,608ms
[2023-06-04T05:13:18.305-0300][gc,cpu        ] GC(35) User=0,05s Sys=0,00s Real=0,02s
[2023-06-04T05:56:30.588-0300][gc,start      ] GC(36) Pause Young (Normal) (G1 Evacuation Pause)
[2023-06-04T05:56:30.588-0300][gc,task       ] GC(36) Using 4 workers of 4 for evacuation
[2023-06-04T05:56:30.602-0300][gc,phases     ] GC(36)   Pre Evacuate Collection Set: 0,1ms
[2023-06-04T05:56:30.602-0300][gc,phases     ] GC(36)   Evacuate Collection Set: 12,4ms
[2023-06-04T05:56:30.602-0300][gc,phases     ] GC(36)   Post Evacuate Collection Set: 1,0ms
[2023-06-04T05:56:30.602-0300][gc,phases     ] GC(36)   Other: 0,6ms
[2023-06-04T05:56:30.602-0300][gc,heap       ] GC(36) Eden regions: 56->0(56)
[2023-06-04T05:56:30.603-0300][gc,heap       ] GC(36) Survivor regions: 3->2(8)
[2023-06-04T05:56:30.603-0300][gc,heap       ] GC(36) Old regions: 20->21
[2023-06-04T05:56:30.603-0300][gc,heap       ] GC(36) Humongous regions: 129->129
[2023-06-04T05:56:30.603-0300][gc,metaspace  ] GC(36) Metaspace: 46443K(50048K)->46443K(50048K) NonClass: 40318K(42240K)->40318K(42240K) Class: 6125K(7808K)->6125K(7808K)
[2023-06-04T05:56:30.603-0300][gc            ] GC(36) Pause Young (Normal) (G1 Evacuation Pause) 205M->150M(1024M) 14,385ms
[2023-06-04T05:56:30.603-0300][gc,cpu        ] GC(36) User=0,05s Sys=0,00s Real=0,01s
[2023-06-04T06:39:35.995-0300][gc,start      ] GC(37) Pause Young (Normal) (G1 Evacuation Pause)
[2023-06-04T06:39:35.995-0300][gc,task       ] GC(37) Using 4 workers of 4 for evacuation
[2023-06-04T06:39:36.004-0300][gc,phases     ] GC(37)   Pre Evacuate Collection Set: 0,1ms
[2023-06-04T06:39:36.004-0300][gc,phases     ] GC(37)   Evacuate Collection Set: 7,5ms
[2023-06-04T06:39:36.004-0300][gc,phases     ] GC(37)   Post Evacuate Collection Set: 1,0ms
[2023-06-04T06:39:36.004-0300][gc,phases     ] GC(37)   Other: 0,6ms
[2023-06-04T06:39:36.004-0300][gc,heap       ] GC(37) Eden regions: 56->0(59)
[2023-06-04T06:39:36.004-0300][gc,heap       ] GC(37) Survivor regions: 2->1(8)
[2023-06-04T06:39:36.004-0300][gc,heap       ] GC(37) Old regions: 21->22
[2023-06-04T06:39:36.004-0300][gc,heap       ] GC(37) Humongous regions: 129->129
[2023-06-04T06:39:36.004-0300][gc,metaspace  ] GC(37) Metaspace: 46443K(50048K)->46443K(50048K) NonClass: 40318K(42240K)->40318K(42240K) Class: 6125K(7808K)->6125K(7808K)
[2023-06-04T06:39:36.005-0300][gc            ] GC(37) Pause Young (Normal) (G1 Evacuation Pause) 206M->149M(1024M) 9,599ms
[2023-06-04T06:39:36.005-0300][gc,cpu        ] GC(37) User=0,02s Sys=0,00s Real=0,02s
[2023-06-04T07:25:15.589-0300][gc,start      ] GC(38) Pause Young (Normal) (G1 Evacuation Pause)
[2023-06-04T07:25:15.589-0300][gc,task       ] GC(38) Using 4 workers of 4 for evacuation
[2023-06-04T07:25:15.596-0300][gc,phases     ] GC(38)   Pre Evacuate Collection Set: 0,1ms
[2023-06-04T07:25:15.596-0300][gc,phases     ] GC(38)   Evacuate Collection Set: 5,7ms
[2023-06-04T07:25:15.596-0300][gc,phases     ] GC(38)   Post Evacuate Collection Set: 1,1ms
[2023-06-04T07:25:15.596-0300][gc,phases     ] GC(38)   Other: 0,6ms
[2023-06-04T07:25:15.596-0300][gc,heap       ] GC(38) Eden regions: 59->0(61)
[2023-06-04T07:25:15.596-0300][gc,heap       ] GC(38) Survivor regions: 1->1(8)
[2023-06-04T07:25:15.596-0300][gc,heap       ] GC(38) Old regions: 22->23
[2023-06-04T07:25:15.596-0300][gc,heap       ] GC(38) Humongous regions: 129->129
[2023-06-04T07:25:15.596-0300][gc,metaspace  ] GC(38) Metaspace: 46446K(50048K)->46446K(50048K) NonClass: 40320K(42240K)->40320K(42240K) Class: 6125K(7808K)->6125K(7808K)
[2023-06-04T07:25:15.596-0300][gc            ] GC(38) Pause Young (Normal) (G1 Evacuation Pause) 208M->149M(1024M) 7,850ms
[2023-06-04T07:25:15.597-0300][gc,cpu        ] GC(38) User=0,02s Sys=0,00s Real=0,01s
[2023-06-04T08:12:20.589-0300][gc,start      ] GC(39) Pause Young (Normal) (G1 Evacuation Pause)
[2023-06-04T08:12:20.589-0300][gc,task       ] GC(39) Using 4 workers of 4 for evacuation
[2023-06-04T08:12:20.592-0300][gc,phases     ] GC(39)   Pre Evacuate Collection Set: 0,1ms
[2023-06-04T08:12:20.592-0300][gc,phases     ] GC(39)   Evacuate Collection Set: 1,8ms
[2023-06-04T08:12:20.592-0300][gc,phases     ] GC(39)   Post Evacuate Collection Set: 1,0ms
[2023-06-04T08:12:20.592-0300][gc,phases     ] GC(39)   Other: 0,7ms
[2023-06-04T08:12:20.592-0300][gc,heap       ] GC(39) Eden regions: 61->0(151)
[2023-06-04T08:12:20.592-0300][gc,heap       ] GC(39) Survivor regions: 1->1(8)
[2023-06-04T08:12:20.592-0300][gc,heap       ] GC(39) Old regions: 23->23
[2023-06-04T08:12:20.592-0300][gc,heap       ] GC(39) Humongous regions: 129->129
[2023-06-04T08:12:20.592-0300][gc,metaspace  ] GC(39) Metaspace: 46447K(50048K)->46447K(50048K) NonClass: 40321K(42240K)->40321K(42240K) Class: 6125K(7808K)->6125K(7808K)
[2023-06-04T08:12:20.592-0300][gc            ] GC(39) Pause Young (Normal) (G1 Evacuation Pause) 210M->149M(1024M) 3,839ms
[2023-06-04T08:12:20.592-0300][gc,cpu        ] GC(39) User=0,00s Sys=0,01s Real=0,00s
[2023-06-04T10:10:38.727-0300][gc,start      ] GC(40) Pause Young (Normal) (G1 Evacuation Pause)
[2023-06-04T10:10:38.727-0300][gc,task       ] GC(40) Using 4 workers of 4 for evacuation
[2023-06-04T10:10:38.731-0300][gc,phases     ] GC(40)   Pre Evacuate Collection Set: 0,1ms
[2023-06-04T10:10:38.731-0300][gc,phases     ] GC(40)   Evacuate Collection Set: 1,9ms
[2023-06-04T10:10:38.731-0300][gc,phases     ] GC(40)   Post Evacuate Collection Set: 1,0ms
[2023-06-04T10:10:38.731-0300][gc,phases     ] GC(40)   Other: 0,7ms
[2023-06-04T10:10:38.731-0300][gc,heap       ] GC(40) Eden regions: 151->0(360)
[2023-06-04T10:10:38.731-0300][gc,heap       ] GC(40) Survivor regions: 1->1(19)
[2023-06-04T10:10:38.731-0300][gc,heap       ] GC(40) Old regions: 23->23
[2023-06-04T10:10:38.731-0300][gc,heap       ] GC(40) Humongous regions: 129->129
[2023-06-04T10:10:38.731-0300][gc,metaspace  ] GC(40) Metaspace: 46448K(50048K)->46448K(50048K) NonClass: 40322K(42240K)->40322K(42240K) Class: 6125K(7808K)->6125K(7808K)
[2023-06-04T10:10:38.731-0300][gc            ] GC(40) Pause Young (Normal) (G1 Evacuation Pause) 300M->149M(1024M) 3,956ms
[2023-06-04T10:10:38.731-0300][gc,cpu        ] GC(40) User=0,01s Sys=0,00s Real=0,00s
[2023-06-04T14:54:50.589-0300][gc,start      ] GC(41) Pause Young (Normal) (G1 Evacuation Pause)
[2023-06-04T14:54:50.589-0300][gc,task       ] GC(41) Using 4 workers of 4 for evacuation
[2023-06-04T14:54:50.594-0300][gc,phases     ] GC(41)   Pre Evacuate Collection Set: 0,4ms
[2023-06-04T14:54:50.594-0300][gc,phases     ] GC(41)   Evacuate Collection Set: 2,8ms
[2023-06-04T14:54:50.594-0300][gc,phases     ] GC(41)   Post Evacuate Collection Set: 1,3ms
[2023-06-04T14:54:50.594-0300][gc,phases     ] GC(41)   Other: 0,7ms
[2023-06-04T14:54:50.594-0300][gc,heap       ] GC(41) Eden regions: 360->0(578)
[2023-06-04T14:54:50.594-0300][gc,heap       ] GC(41) Survivor regions: 1->1(46)
[2023-06-04T14:54:50.594-0300][gc,heap       ] GC(41) Old regions: 23->23
[2023-06-04T14:54:50.594-0300][gc,heap       ] GC(41) Humongous regions: 129->129
[2023-06-04T14:54:50.594-0300][gc,metaspace  ] GC(41) Metaspace: 46556K(50048K)->46556K(50048K) NonClass: 40431K(42240K)->40431K(42240K) Class: 6125K(7808K)->6125K(7808K)
[2023-06-04T14:54:50.594-0300][gc            ] GC(41) Pause Young (Normal) (G1 Evacuation Pause) 509M->149M(1024M) 5,600ms
[2023-06-04T14:54:50.594-0300][gc,cpu        ] GC(41) User=0,01s Sys=0,00s Real=0,00s
