[2023-06-08T17:33:47.283-0300][gc,heap] Heap region size: 1M
[2023-06-08T17:33:47.321-0300][gc     ] Using G1
[2023-06-08T17:33:47.321-0300][gc,heap,coops] Heap address: 0x00000000c0000000, size: 1024 MB, Compressed Oops mode: 32-bit
[2023-06-08T17:33:47.321-0300][gc,cds       ] Mark closed archive regions in map: [0x00000000fff00000, 0x00000000fff6aff8]
[2023-06-08T17:33:47.321-0300][gc,cds       ] Mark open archive regions in map: [0x00000000ffe00000, 0x00000000ffe46ff8]
[2023-06-08T17:33:50.146-0300][gc,start     ] GC(0) Pause Young (Normal) (G1 Evacuation Pause)
[2023-06-08T17:33:50.146-0300][gc,task      ] GC(0) Using 4 workers of 4 for evacuation
[2023-06-08T17:33:50.163-0300][gc,phases    ] GC(0)   Pre Evacuate Collection Set: 0,0ms
[2023-06-08T17:33:50.163-0300][gc,phases    ] GC(0)   Evacuate Collection Set: 15,6ms
[2023-06-08T17:33:50.163-0300][gc,phases    ] GC(0)   Post Evacuate Collection Set: 0,7ms
[2023-06-08T17:33:50.163-0300][gc,phases    ] GC(0)   Other: 0,6ms
[2023-06-08T17:33:50.163-0300][gc,heap      ] GC(0) Eden regions: 51->0(44)
[2023-06-08T17:33:50.163-0300][gc,heap      ] GC(0) Survivor regions: 0->7(7)
[2023-06-08T17:33:50.163-0300][gc,heap      ] GC(0) Old regions: 2->2
[2023-06-08T17:33:50.163-0300][gc,heap      ] GC(0) Humongous regions: 0->0
[2023-06-08T17:33:50.163-0300][gc,metaspace ] GC(0) Metaspace: 14267K(15104K)->14267K(15104K) NonClass: 12517K(13056K)->12517K(13056K) Class: 1750K(2048K)->1750K(2048K)
[2023-06-08T17:33:50.163-0300][gc           ] GC(0) Pause Young (Normal) (G1 Evacuation Pause) 51M->7M(1024M) 17,199ms
[2023-06-08T17:33:50.163-0300][gc,cpu       ] GC(0) User=0,05s Sys=0,01s Real=0,01s
[2023-06-08T17:33:50.758-0300][gc,start     ] GC(1) Pause Young (Concurrent Start) (Metadata GC Threshold)
[2023-06-08T17:33:50.758-0300][gc,task      ] GC(1) Using 4 workers of 4 for evacuation
[2023-06-08T17:33:50.772-0300][gc,phases    ] GC(1)   Pre Evacuate Collection Set: 0,1ms
[2023-06-08T17:33:50.772-0300][gc,phases    ] GC(1)   Evacuate Collection Set: 13,8ms
[2023-06-08T17:33:50.772-0300][gc,phases    ] GC(1)   Post Evacuate Collection Set: 0,5ms
[2023-06-08T17:33:50.772-0300][gc,phases    ] GC(1)   Other: 0,3ms
[2023-06-08T17:33:50.772-0300][gc,heap      ] GC(1) Eden regions: 28->0(49)
[2023-06-08T17:33:50.772-0300][gc,heap      ] GC(1) Survivor regions: 7->2(7)
[2023-06-08T17:33:50.772-0300][gc,heap      ] GC(1) Old regions: 2->9
[2023-06-08T17:33:50.772-0300][gc,heap      ] GC(1) Humongous regions: 0->0
[2023-06-08T17:33:50.772-0300][gc,metaspace ] GC(1) Metaspace: 20443K(21248K)->20443K(21248K) NonClass: 17966K(18432K)->17966K(18432K) Class: 2476K(2816K)->2476K(2816K)
[2023-06-08T17:33:50.773-0300][gc           ] GC(1) Pause Young (Concurrent Start) (Metadata GC Threshold) 34M->8M(1024M) 14,912ms
[2023-06-08T17:33:50.773-0300][gc,cpu       ] GC(1) User=0,04s Sys=0,01s Real=0,01s
[2023-06-08T17:33:50.773-0300][gc           ] GC(2) Concurrent Cycle
[2023-06-08T17:33:50.773-0300][gc,marking   ] GC(2) Concurrent Clear Claimed Marks
[2023-06-08T17:33:50.773-0300][gc,marking   ] GC(2) Concurrent Clear Claimed Marks 0,049ms
[2023-06-08T17:33:50.773-0300][gc,marking   ] GC(2) Concurrent Scan Root Regions
[2023-06-08T17:33:50.774-0300][gc,marking   ] GC(2) Concurrent Scan Root Regions 1,396ms
[2023-06-08T17:33:50.774-0300][gc,marking   ] GC(2) Concurrent Mark (3,498s)
[2023-06-08T17:33:50.774-0300][gc,marking   ] GC(2) Concurrent Mark From Roots
[2023-06-08T17:33:50.774-0300][gc,task      ] GC(2) Using 1 workers of 1 for marking
[2023-06-08T17:33:50.787-0300][gc,marking   ] GC(2) Concurrent Mark From Roots 12,445ms
[2023-06-08T17:33:50.787-0300][gc,marking   ] GC(2) Concurrent Preclean
[2023-06-08T17:33:50.787-0300][gc,marking   ] GC(2) Concurrent Preclean 0,151ms
[2023-06-08T17:33:50.787-0300][gc,marking   ] GC(2) Concurrent Mark (3,498s, 3,511s) 12,705ms
[2023-06-08T17:33:50.787-0300][gc,start     ] GC(2) Pause Remark
[2023-06-08T17:33:50.790-0300][gc,stringtable] GC(2) Cleaned string and symbol table, strings: 5249 processed, 0 removed, symbols: 52784 processed, 44 removed
[2023-06-08T17:33:50.790-0300][gc            ] GC(2) Pause Remark 9M->9M(1024M) 3,327ms
[2023-06-08T17:33:50.790-0300][gc,cpu        ] GC(2) User=0,01s Sys=0,00s Real=0,00s
[2023-06-08T17:33:50.791-0300][gc,marking    ] GC(2) Concurrent Rebuild Remembered Sets
[2023-06-08T17:33:50.798-0300][gc,marking    ] GC(2) Concurrent Rebuild Remembered Sets 7,948ms
[2023-06-08T17:33:50.799-0300][gc,start      ] GC(2) Pause Cleanup
[2023-06-08T17:33:50.799-0300][gc            ] GC(2) Pause Cleanup 9M->9M(1024M) 0,255ms
[2023-06-08T17:33:50.799-0300][gc,cpu        ] GC(2) User=0,00s Sys=0,00s Real=0,00s
[2023-06-08T17:33:50.799-0300][gc,marking    ] GC(2) Concurrent Cleanup for Next Mark
[2023-06-08T17:33:50.811-0300][gc,marking    ] GC(2) Concurrent Cleanup for Next Mark 12,142ms
[2023-06-08T17:33:50.811-0300][gc            ] GC(2) Concurrent Cycle 38,672ms
[2023-06-08T17:33:51.964-0300][gc,start      ] GC(3) Pause Young (Concurrent Start) (G1 Evacuation Pause)
[2023-06-08T17:33:51.964-0300][gc,task       ] GC(3) Using 4 workers of 4 for evacuation
[2023-06-08T17:33:51.970-0300][gc,phases     ] GC(3)   Pre Evacuate Collection Set: 0,1ms
[2023-06-08T17:33:51.970-0300][gc,phases     ] GC(3)   Evacuate Collection Set: 4,8ms
[2023-06-08T17:33:51.970-0300][gc,phases     ] GC(3)   Post Evacuate Collection Set: 0,9ms
[2023-06-08T17:33:51.970-0300][gc,phases     ] GC(3)   Other: 0,7ms
[2023-06-08T17:33:51.971-0300][gc,heap       ] GC(3) Eden regions: 49->0(47)
[2023-06-08T17:33:51.971-0300][gc,heap       ] GC(3) Survivor regions: 2->4(7)
[2023-06-08T17:33:51.971-0300][gc,heap       ] GC(3) Old regions: 9->9
[2023-06-08T17:33:51.971-0300][gc,heap       ] GC(3) Humongous regions: 129->129
[2023-06-08T17:33:51.971-0300][gc,metaspace  ] GC(3) Metaspace: 28653K(29952K)->28653K(29952K) NonClass: 25304K(26112K)->25304K(26112K) Class: 3349K(3840K)->3349K(3840K)
[2023-06-08T17:33:51.971-0300][gc            ] GC(3) Pause Young (Concurrent Start) (G1 Evacuation Pause) 186M->139M(1024M) 6,840ms
[2023-06-08T17:33:51.971-0300][gc,cpu        ] GC(3) User=0,02s Sys=0,01s Real=0,01s
[2023-06-08T17:33:51.971-0300][gc            ] GC(4) Concurrent Cycle
[2023-06-08T17:33:51.971-0300][gc,marking    ] GC(4) Concurrent Clear Claimed Marks
[2023-06-08T17:33:51.971-0300][gc,marking    ] GC(4) Concurrent Clear Claimed Marks 0,075ms
[2023-06-08T17:33:51.971-0300][gc,marking    ] GC(4) Concurrent Scan Root Regions
[2023-06-08T17:33:51.974-0300][gc,marking    ] GC(4) Concurrent Scan Root Regions 3,529ms
[2023-06-08T17:33:51.975-0300][gc,marking    ] GC(4) Concurrent Mark (4,699s)
[2023-06-08T17:33:51.975-0300][gc,marking    ] GC(4) Concurrent Mark From Roots
[2023-06-08T17:33:51.975-0300][gc,task       ] GC(4) Using 1 workers of 1 for marking
[2023-06-08T17:33:51.990-0300][gc,marking    ] GC(4) Concurrent Mark From Roots 15,594ms
[2023-06-08T17:33:51.990-0300][gc,marking    ] GC(4) Concurrent Preclean
[2023-06-08T17:33:51.990-0300][gc,marking    ] GC(4) Concurrent Preclean 0,139ms
[2023-06-08T17:33:51.990-0300][gc,marking    ] GC(4) Concurrent Mark (4,699s, 4,715s) 15,827ms
[2023-06-08T17:33:51.991-0300][gc,start      ] GC(4) Pause Remark
[2023-06-08T17:33:51.994-0300][gc,stringtable] GC(4) Cleaned string and symbol table, strings: 7437 processed, 26 removed, symbols: 66827 processed, 8 removed
[2023-06-08T17:33:51.994-0300][gc            ] GC(4) Pause Remark 141M->141M(1024M) 3,591ms
[2023-06-08T17:33:51.994-0300][gc,cpu        ] GC(4) User=0,01s Sys=0,00s Real=0,00s
[2023-06-08T17:33:51.994-0300][gc,marking    ] GC(4) Concurrent Rebuild Remembered Sets
[2023-06-08T17:33:52.000-0300][gc,marking    ] GC(4) Concurrent Rebuild Remembered Sets 5,771ms
[2023-06-08T17:33:52.001-0300][gc,start      ] GC(4) Pause Cleanup
[2023-06-08T17:33:52.001-0300][gc            ] GC(4) Pause Cleanup 141M->141M(1024M) 0,347ms
[2023-06-08T17:33:52.001-0300][gc,cpu        ] GC(4) User=0,00s Sys=0,00s Real=0,00s
[2023-06-08T17:33:52.001-0300][gc,marking    ] GC(4) Concurrent Cleanup for Next Mark
[2023-06-08T17:33:52.009-0300][gc,marking    ] GC(4) Concurrent Cleanup for Next Mark 8,436ms
[2023-06-08T17:33:52.009-0300][gc            ] GC(4) Concurrent Cycle 38,702ms
[2023-06-08T17:33:52.833-0300][gc,start      ] GC(5) Pause Young (Normal) (G1 Evacuation Pause)
[2023-06-08T17:33:52.833-0300][gc,task       ] GC(5) Using 4 workers of 4 for evacuation
[2023-06-08T17:33:52.845-0300][gc,phases     ] GC(5)   Pre Evacuate Collection Set: 0,0ms
[2023-06-08T17:33:52.845-0300][gc,phases     ] GC(5)   Evacuate Collection Set: 10,6ms
[2023-06-08T17:33:52.845-0300][gc,phases     ] GC(5)   Post Evacuate Collection Set: 0,6ms
[2023-06-08T17:33:52.845-0300][gc,phases     ] GC(5)   Other: 0,3ms
[2023-06-08T17:33:52.845-0300][gc,heap       ] GC(5) Eden regions: 47->0(44)
[2023-06-08T17:33:52.845-0300][gc,heap       ] GC(5) Survivor regions: 4->7(7)
[2023-06-08T17:33:52.845-0300][gc,heap       ] GC(5) Old regions: 9->9
[2023-06-08T17:33:52.845-0300][gc,heap       ] GC(5) Humongous regions: 129->129
[2023-06-08T17:33:52.845-0300][gc,metaspace  ] GC(5) Metaspace: 36529K(38144K)->36529K(38144K) NonClass: 32202K(33024K)->32202K(33024K) Class: 4326K(5120K)->4326K(5120K)
[2023-06-08T17:33:52.845-0300][gc            ] GC(5) Pause Young (Normal) (G1 Evacuation Pause) 186M->143M(1024M) 11,571ms
[2023-06-08T17:33:52.845-0300][gc,cpu        ] GC(5) User=0,04s Sys=0,00s Real=0,02s
[2023-06-08T17:42:51.896-0300][gc,start      ] GC(6) Pause Young (Normal) (G1 Evacuation Pause)
[2023-06-08T17:42:51.896-0300][gc,task       ] GC(6) Using 4 workers of 4 for evacuation
[2023-06-08T17:42:51.937-0300][gc,mmu        ] GC(6) MMU target violated: 21,0ms (20,0ms/21,0ms)
[2023-06-08T17:42:51.937-0300][gc,phases     ] GC(6)   Pre Evacuate Collection Set: 0,1ms
[2023-06-08T17:42:51.937-0300][gc,phases     ] GC(6)   Evacuate Collection Set: 39,2ms
[2023-06-08T17:42:51.937-0300][gc,phases     ] GC(6)   Post Evacuate Collection Set: 1,4ms
[2023-06-08T17:42:51.937-0300][gc,phases     ] GC(6)   Other: 0,8ms
[2023-06-08T17:42:51.937-0300][gc,heap       ] GC(6) Eden regions: 44->0(49)
[2023-06-08T17:42:51.938-0300][gc,heap       ] GC(6) Survivor regions: 7->2(7)
[2023-06-08T17:42:51.938-0300][gc,heap       ] GC(6) Old regions: 9->16
[2023-06-08T17:42:51.938-0300][gc,heap       ] GC(6) Humongous regions: 135->129
[2023-06-08T17:42:51.938-0300][gc,metaspace  ] GC(6) Metaspace: 41328K(43904K)->41328K(43904K) NonClass: 36067K(37376K)->36067K(37376K) Class: 5261K(6528K)->5261K(6528K)
[2023-06-08T17:42:51.938-0300][gc            ] GC(6) Pause Young (Normal) (G1 Evacuation Pause) 193M->144M(1024M) 41,674ms
[2023-06-08T17:42:51.938-0300][gc,cpu        ] GC(6) User=0,13s Sys=0,02s Real=0,04s
[2023-06-08T17:57:48.787-0300][gc,start      ] GC(7) Pause Young (Normal) (G1 Evacuation Pause)
[2023-06-08T17:57:48.787-0300][gc,task       ] GC(7) Using 4 workers of 4 for evacuation
[2023-06-08T17:57:48.807-0300][gc,mmu        ] GC(7) MMU target violated: 20,1ms (20,0ms/21,0ms)
[2023-06-08T17:57:48.807-0300][gc,phases     ] GC(7)   Pre Evacuate Collection Set: 0,1ms
[2023-06-08T17:57:48.807-0300][gc,phases     ] GC(7)   Evacuate Collection Set: 18,2ms
[2023-06-08T17:57:48.807-0300][gc,phases     ] GC(7)   Post Evacuate Collection Set: 1,5ms
[2023-06-08T17:57:48.807-0300][gc,phases     ] GC(7)   Other: 0,8ms
[2023-06-08T17:57:48.807-0300][gc,heap       ] GC(7) Eden regions: 49->0(47)
[2023-06-08T17:57:48.807-0300][gc,heap       ] GC(7) Survivor regions: 2->4(7)
[2023-06-08T17:57:48.807-0300][gc,heap       ] GC(7) Old regions: 16->16
[2023-06-08T17:57:48.807-0300][gc,heap       ] GC(7) Humongous regions: 129->129
[2023-06-08T17:57:48.807-0300][gc,metaspace  ] GC(7) Metaspace: 45336K(48640K)->45336K(48640K) NonClass: 39235K(40960K)->39235K(40960K) Class: 6101K(7680K)->6101K(7680K)
[2023-06-08T17:57:48.807-0300][gc            ] GC(7) Pause Young (Normal) (G1 Evacuation Pause) 193M->145M(1024M) 20,817ms
[2023-06-08T17:57:48.807-0300][gc,cpu        ] GC(7) User=0,08s Sys=0,00s Real=0,02s
[2023-06-08T18:17:12.335-0300][gc,start      ] GC(8) Pause Young (Normal) (G1 Evacuation Pause)
[2023-06-08T18:17:12.335-0300][gc,task       ] GC(8) Using 4 workers of 4 for evacuation
[2023-06-08T18:17:12.365-0300][gc,mmu        ] GC(8) MMU target violated: 21,0ms (20,0ms/21,0ms)
[2023-06-08T18:17:12.365-0300][gc,phases     ] GC(8)   Pre Evacuate Collection Set: 0,3ms
[2023-06-08T18:17:12.365-0300][gc,phases     ] GC(8)   Evacuate Collection Set: 26,4ms
[2023-06-08T18:17:12.365-0300][gc,phases     ] GC(8)   Post Evacuate Collection Set: 2,4ms
[2023-06-08T18:17:12.365-0300][gc,phases     ] GC(8)   Other: 0,8ms
[2023-06-08T18:17:12.365-0300][gc,heap       ] GC(8) Eden regions: 47->0(46)
[2023-06-08T18:17:12.365-0300][gc,heap       ] GC(8) Survivor regions: 4->5(7)
[2023-06-08T18:17:12.365-0300][gc,heap       ] GC(8) Old regions: 16->16
[2023-06-08T18:17:12.365-0300][gc,heap       ] GC(8) Humongous regions: 129->129
[2023-06-08T18:17:12.365-0300][gc,metaspace  ] GC(8) Metaspace: 45798K(49152K)->45798K(49152K) NonClass: 39692K(41472K)->39692K(41472K) Class: 6105K(7680K)->6105K(7680K)
[2023-06-08T18:17:12.366-0300][gc            ] GC(8) Pause Young (Normal) (G1 Evacuation Pause) 192M->147M(1024M) 30,290ms
[2023-06-08T18:17:12.366-0300][gc,cpu        ] GC(8) User=0,10s Sys=0,00s Real=0,04s
[2023-06-08T18:32:22.241-0300][gc,start      ] GC(9) Pause Young (Normal) (G1 Evacuation Pause)
[2023-06-08T18:32:22.241-0300][gc,task       ] GC(9) Using 4 workers of 4 for evacuation
[2023-06-08T18:32:22.270-0300][gc,mmu        ] GC(9) MMU target violated: 21,0ms (20,0ms/21,0ms)
[2023-06-08T18:32:22.270-0300][gc,phases     ] GC(9)   Pre Evacuate Collection Set: 0,1ms
[2023-06-08T18:32:22.270-0300][gc,phases     ] GC(9)   Evacuate Collection Set: 26,8ms
[2023-06-08T18:32:22.270-0300][gc,phases     ] GC(9)   Post Evacuate Collection Set: 2,0ms
[2023-06-08T18:32:22.270-0300][gc,phases     ] GC(9)   Other: 0,8ms
[2023-06-08T18:32:22.271-0300][gc,heap       ] GC(9) Eden regions: 46->0(47)
[2023-06-08T18:32:22.271-0300][gc,heap       ] GC(9) Survivor regions: 5->4(7)
[2023-06-08T18:32:22.271-0300][gc,heap       ] GC(9) Old regions: 16->17
[2023-06-08T18:32:22.271-0300][gc,heap       ] GC(9) Humongous regions: 129->129
[2023-06-08T18:32:22.271-0300][gc,metaspace  ] GC(9) Metaspace: 45907K(49152K)->45907K(49152K) NonClass: 39801K(41472K)->39801K(41472K) Class: 6105K(7680K)->6105K(7680K)
[2023-06-08T18:32:22.271-0300][gc            ] GC(9) Pause Young (Normal) (G1 Evacuation Pause) 193M->147M(1024M) 30,214ms
[2023-06-08T18:32:22.271-0300][gc,cpu        ] GC(9) User=0,11s Sys=0,00s Real=0,03s
[2023-06-08T18:44:28.786-0300][gc,start      ] GC(10) Pause Young (Normal) (G1 Evacuation Pause)
[2023-06-08T18:44:28.786-0300][gc,task       ] GC(10) Using 4 workers of 4 for evacuation
[2023-06-08T18:44:28.833-0300][gc,mmu        ] GC(10) MMU target violated: 21,0ms (20,0ms/21,0ms)
[2023-06-08T18:44:28.833-0300][gc,phases     ] GC(10)   Pre Evacuate Collection Set: 0,0ms
[2023-06-08T18:44:28.833-0300][gc,phases     ] GC(10)   Evacuate Collection Set: 42,3ms
[2023-06-08T18:44:28.833-0300][gc,phases     ] GC(10)   Post Evacuate Collection Set: 4,0ms
[2023-06-08T18:44:28.833-0300][gc,phases     ] GC(10)   Other: 0,4ms
[2023-06-08T18:44:28.833-0300][gc,heap       ] GC(10) Eden regions: 47->0(46)
[2023-06-08T18:44:28.833-0300][gc,heap       ] GC(10) Survivor regions: 4->5(7)
[2023-06-08T18:44:28.833-0300][gc,heap       ] GC(10) Old regions: 17->17
[2023-06-08T18:44:28.833-0300][gc,heap       ] GC(10) Humongous regions: 129->129
[2023-06-08T18:44:28.833-0300][gc,metaspace  ] GC(10) Metaspace: 46122K(49408K)->46122K(49408K) NonClass: 40011K(41728K)->40011K(41728K) Class: 6111K(7680K)->6111K(7680K)
[2023-06-08T18:44:28.833-0300][gc            ] GC(10) Pause Young (Normal) (G1 Evacuation Pause) 194M->148M(1024M) 46,832ms
[2023-06-08T18:44:28.833-0300][gc,cpu        ] GC(10) User=0,03s Sys=0,00s Real=0,04s
[2023-06-08T18:58:22.370-0300][gc,start      ] GC(11) Pause Young (Normal) (G1 Evacuation Pause)
[2023-06-08T18:58:22.370-0300][gc,task       ] GC(11) Using 4 workers of 4 for evacuation
[2023-06-08T18:58:22.397-0300][gc,mmu        ] GC(11) MMU target violated: 21,0ms (20,0ms/21,0ms)
[2023-06-08T18:58:22.397-0300][gc,phases     ] GC(11)   Pre Evacuate Collection Set: 0,1ms
[2023-06-08T18:58:22.397-0300][gc,phases     ] GC(11)   Evacuate Collection Set: 24,9ms
[2023-06-08T18:58:22.397-0300][gc,phases     ] GC(11)   Post Evacuate Collection Set: 1,4ms
[2023-06-08T18:58:22.397-0300][gc,phases     ] GC(11)   Other: 0,9ms
[2023-06-08T18:58:22.397-0300][gc,heap       ] GC(11) Eden regions: 46->0(46)
[2023-06-08T18:58:22.397-0300][gc,heap       ] GC(11) Survivor regions: 5->5(7)
[2023-06-08T18:58:22.397-0300][gc,heap       ] GC(11) Old regions: 17->18
[2023-06-08T18:58:22.397-0300][gc,heap       ] GC(11) Humongous regions: 129->129
[2023-06-08T18:58:22.397-0300][gc,metaspace  ] GC(11) Metaspace: 46250K(49664K)->46250K(49664K) NonClass: 40138K(41984K)->40138K(41984K) Class: 6111K(7680K)->6111K(7680K)
[2023-06-08T18:58:22.397-0300][gc            ] GC(11) Pause Young (Normal) (G1 Evacuation Pause) 194M->149M(1024M) 27,562ms
[2023-06-08T18:58:22.397-0300][gc,cpu        ] GC(11) User=0,10s Sys=0,00s Real=0,03s
[2023-06-08T19:32:47.705-0300][gc,start      ] GC(12) Pause Young (Normal) (G1 Evacuation Pause)
[2023-06-08T19:32:47.705-0300][gc,task       ] GC(12) Using 4 workers of 4 for evacuation
[2023-06-08T19:32:47.721-0300][gc,phases     ] GC(12)   Pre Evacuate Collection Set: 0,1ms
[2023-06-08T19:32:47.721-0300][gc,phases     ] GC(12)   Evacuate Collection Set: 14,4ms
[2023-06-08T19:32:47.721-0300][gc,phases     ] GC(12)   Post Evacuate Collection Set: 0,9ms
[2023-06-08T19:32:47.722-0300][gc,phases     ] GC(12)   Other: 0,7ms
[2023-06-08T19:32:47.722-0300][gc,heap       ] GC(12) Eden regions: 46->0(47)
[2023-06-08T19:32:47.722-0300][gc,heap       ] GC(12) Survivor regions: 5->4(7)
[2023-06-08T19:32:47.722-0300][gc,heap       ] GC(12) Old regions: 18->18
[2023-06-08T19:32:47.722-0300][gc,heap       ] GC(12) Humongous regions: 129->129
[2023-06-08T19:32:47.722-0300][gc,metaspace  ] GC(12) Metaspace: 46284K(49664K)->46284K(49664K) NonClass: 40172K(41984K)->40172K(41984K) Class: 6111K(7680K)->6111K(7680K)
[2023-06-08T19:32:47.722-0300][gc            ] GC(12) Pause Young (Normal) (G1 Evacuation Pause) 195M->149M(1024M) 16,730ms
[2023-06-08T19:32:47.722-0300][gc,cpu        ] GC(12) User=0,06s Sys=0,00s Real=0,01s
[2023-06-08T19:43:42.982-0300][gc,start      ] GC(13) Pause Young (Normal) (G1 Evacuation Pause)
[2023-06-08T19:43:42.982-0300][gc,task       ] GC(13) Using 4 workers of 4 for evacuation
[2023-06-08T19:43:43.002-0300][gc,mmu        ] GC(13) MMU target violated: 20,0ms (20,0ms/21,0ms)
[2023-06-08T19:43:43.003-0300][gc,phases     ] GC(13)   Pre Evacuate Collection Set: 0,1ms
[2023-06-08T19:43:43.003-0300][gc,phases     ] GC(13)   Evacuate Collection Set: 18,7ms
[2023-06-08T19:43:43.003-0300][gc,phases     ] GC(13)   Post Evacuate Collection Set: 1,0ms
[2023-06-08T19:43:43.003-0300][gc,phases     ] GC(13)   Other: 0,9ms
[2023-06-08T19:43:43.003-0300][gc,heap       ] GC(13) Eden regions: 47->0(47)
[2023-06-08T19:43:43.003-0300][gc,heap       ] GC(13) Survivor regions: 4->4(7)
[2023-06-08T19:43:43.003-0300][gc,heap       ] GC(13) Old regions: 18->18
[2023-06-08T19:43:43.003-0300][gc,heap       ] GC(13) Humongous regions: 129->129
[2023-06-08T19:43:43.003-0300][gc,metaspace  ] GC(13) Metaspace: 46477K(49920K)->46477K(49920K) NonClass: 40366K(42240K)->40366K(42240K) Class: 6111K(7680K)->6111K(7680K)
[2023-06-08T19:43:43.003-0300][gc            ] GC(13) Pause Young (Normal) (G1 Evacuation Pause) 196M->148M(1024M) 21,170ms
[2023-06-08T19:43:43.003-0300][gc,cpu        ] GC(13) User=0,06s Sys=0,00s Real=0,02s
[2023-06-08T19:48:28.786-0300][gc,start      ] GC(14) Pause Young (Normal) (G1 Evacuation Pause)
[2023-06-08T19:48:28.786-0300][gc,task       ] GC(14) Using 4 workers of 4 for evacuation
[2023-06-08T19:48:28.809-0300][gc,mmu        ] GC(14) MMU target violated: 21,0ms (20,0ms/21,0ms)
[2023-06-08T19:48:28.809-0300][gc,phases     ] GC(14)   Pre Evacuate Collection Set: 0,0ms
[2023-06-08T19:48:28.809-0300][gc,phases     ] GC(14)   Evacuate Collection Set: 20,8ms
[2023-06-08T19:48:28.809-0300][gc,phases     ] GC(14)   Post Evacuate Collection Set: 1,1ms
[2023-06-08T19:48:28.809-0300][gc,phases     ] GC(14)   Other: 0,7ms
[2023-06-08T19:48:28.809-0300][gc,heap       ] GC(14) Eden regions: 47->0(46)
[2023-06-08T19:48:28.809-0300][gc,heap       ] GC(14) Survivor regions: 4->5(7)
[2023-06-08T19:48:28.809-0300][gc,heap       ] GC(14) Old regions: 18->18
[2023-06-08T19:48:28.809-0300][gc,heap       ] GC(14) Humongous regions: 129->129
[2023-06-08T19:48:28.809-0300][gc,metaspace  ] GC(14) Metaspace: 46629K(49920K)->46629K(49920K) NonClass: 40514K(42240K)->40514K(42240K) Class: 6114K(7680K)->6114K(7680K)
[2023-06-08T19:48:28.809-0300][gc            ] GC(14) Pause Young (Normal) (G1 Evacuation Pause) 195M->150M(1024M) 22,964ms
[2023-06-08T19:48:28.809-0300][gc,cpu        ] GC(14) User=0,08s Sys=0,00s Real=0,02s
[2023-06-08T19:53:45.606-0300][gc,start      ] GC(15) Pause Young (Normal) (G1 Evacuation Pause)
[2023-06-08T19:53:45.606-0300][gc,task       ] GC(15) Using 4 workers of 4 for evacuation
[2023-06-08T19:53:45.615-0300][gc,phases     ] GC(15)   Pre Evacuate Collection Set: 0,1ms
[2023-06-08T19:53:45.615-0300][gc,phases     ] GC(15)   Evacuate Collection Set: 7,8ms
[2023-06-08T19:53:45.615-0300][gc,phases     ] GC(15)   Post Evacuate Collection Set: 0,4ms
[2023-06-08T19:53:45.615-0300][gc,phases     ] GC(15)   Other: 0,3ms
[2023-06-08T19:53:45.615-0300][gc,heap       ] GC(15) Eden regions: 46->0(47)
[2023-06-08T19:53:45.615-0300][gc,heap       ] GC(15) Survivor regions: 5->4(7)
[2023-06-08T19:53:45.615-0300][gc,heap       ] GC(15) Old regions: 18->20
[2023-06-08T19:53:45.615-0300][gc,heap       ] GC(15) Humongous regions: 129->129
[2023-06-08T19:53:45.615-0300][gc,metaspace  ] GC(15) Metaspace: 46705K(50176K)->46705K(50176K) NonClass: 40590K(42496K)->40590K(42496K) Class: 6114K(7680K)->6114K(7680K)
[2023-06-08T19:53:45.615-0300][gc            ] GC(15) Pause Young (Normal) (G1 Evacuation Pause) 196M->150M(1024M) 8,746ms
[2023-06-08T19:53:45.615-0300][gc,cpu        ] GC(15) User=0,02s Sys=0,00s Real=0,00s
[2023-06-08T20:01:38.545-0300][gc,start      ] GC(16) Pause Young (Normal) (G1 Evacuation Pause)
[2023-06-08T20:01:38.545-0300][gc,task       ] GC(16) Using 4 workers of 4 for evacuation
[2023-06-08T20:01:38.555-0300][gc,phases     ] GC(16)   Pre Evacuate Collection Set: 0,1ms
[2023-06-08T20:01:38.555-0300][gc,phases     ] GC(16)   Evacuate Collection Set: 8,9ms
[2023-06-08T20:01:38.555-0300][gc,phases     ] GC(16)   Post Evacuate Collection Set: 0,7ms
[2023-06-08T20:01:38.555-0300][gc,phases     ] GC(16)   Other: 0,3ms
[2023-06-08T20:01:38.555-0300][gc,heap       ] GC(16) Eden regions: 47->0(47)
[2023-06-08T20:01:38.555-0300][gc,heap       ] GC(16) Survivor regions: 4->4(7)
[2023-06-08T20:01:38.555-0300][gc,heap       ] GC(16) Old regions: 20->20
[2023-06-08T20:01:38.555-0300][gc,heap       ] GC(16) Humongous regions: 129->129
[2023-06-08T20:01:38.555-0300][gc,metaspace  ] GC(16) Metaspace: 46908K(50348K)->46908K(50348K) NonClass: 40793K(42668K)->40793K(42668K) Class: 6114K(7680K)->6114K(7680K)
[2023-06-08T20:01:38.555-0300][gc            ] GC(16) Pause Young (Normal) (G1 Evacuation Pause) 197M->150M(1024M) 10,242ms
[2023-06-08T20:01:38.555-0300][gc,cpu        ] GC(16) User=0,03s Sys=0,00s Real=0,00s
[2023-06-08T20:05:57.279-0300][gc,start      ] GC(17) Pause Young (Normal) (G1 Evacuation Pause)
[2023-06-08T20:05:57.279-0300][gc,task       ] GC(17) Using 4 workers of 4 for evacuation
[2023-06-08T20:05:57.303-0300][gc,mmu        ] GC(17) MMU target violated: 21,0ms (20,0ms/21,0ms)
[2023-06-08T20:05:57.304-0300][gc,phases     ] GC(17)   Pre Evacuate Collection Set: 0,1ms
[2023-06-08T20:05:57.304-0300][gc,phases     ] GC(17)   Evacuate Collection Set: 23,1ms
[2023-06-08T20:05:57.304-0300][gc,phases     ] GC(17)   Post Evacuate Collection Set: 1,0ms
[2023-06-08T20:05:57.304-0300][gc,phases     ] GC(17)   Other: 0,8ms
[2023-06-08T20:05:57.304-0300][gc,heap       ] GC(17) Eden regions: 47->0(46)
[2023-06-08T20:05:57.304-0300][gc,heap       ] GC(17) Survivor regions: 4->5(7)
[2023-06-08T20:05:57.304-0300][gc,heap       ] GC(17) Old regions: 20->20
[2023-06-08T20:05:57.304-0300][gc,heap       ] GC(17) Humongous regions: 129->129
[2023-06-08T20:05:57.304-0300][gc,metaspace  ] GC(17) Metaspace: 46956K(50348K)->46956K(50348K) NonClass: 40841K(42668K)->40841K(42668K) Class: 6114K(7680K)->6114K(7680K)
[2023-06-08T20:05:57.304-0300][gc            ] GC(17) Pause Young (Normal) (G1 Evacuation Pause) 197M->151M(1024M) 25,378ms
[2023-06-08T20:05:57.304-0300][gc,cpu        ] GC(17) User=0,09s Sys=0,00s Real=0,03s
[2023-06-08T20:09:58.081-0300][gc,start      ] GC(18) Pause Young (Normal) (G1 Evacuation Pause)
[2023-06-08T20:09:58.081-0300][gc,task       ] GC(18) Using 4 workers of 4 for evacuation
[2023-06-08T20:09:58.090-0300][gc,phases     ] GC(18)   Pre Evacuate Collection Set: 0,0ms
[2023-06-08T20:09:58.090-0300][gc,phases     ] GC(18)   Evacuate Collection Set: 8,0ms
[2023-06-08T20:09:58.090-0300][gc,phases     ] GC(18)   Post Evacuate Collection Set: 0,6ms
[2023-06-08T20:09:58.090-0300][gc,phases     ] GC(18)   Other: 0,3ms
[2023-06-08T20:09:58.090-0300][gc,heap       ] GC(18) Eden regions: 46->0(46)
[2023-06-08T20:09:58.090-0300][gc,heap       ] GC(18) Survivor regions: 5->5(7)
[2023-06-08T20:09:58.090-0300][gc,heap       ] GC(18) Old regions: 20->21
[2023-06-08T20:09:58.090-0300][gc,heap       ] GC(18) Humongous regions: 129->129
[2023-06-08T20:09:58.090-0300][gc,metaspace  ] GC(18) Metaspace: 46982K(50348K)->46982K(50348K) NonClass: 40867K(42668K)->40867K(42668K) Class: 6114K(7680K)->6114K(7680K)
[2023-06-08T20:09:58.090-0300][gc            ] GC(18) Pause Young (Normal) (G1 Evacuation Pause) 197M->152M(1024M) 9,385ms
[2023-06-08T20:09:58.090-0300][gc,cpu        ] GC(18) User=0,04s Sys=0,00s Real=0,01s
[2023-06-08T20:11:32.489-0300][gc,start      ] GC(19) Pause Young (Concurrent Start) (Metadata GC Threshold)
[2023-06-08T20:11:32.489-0300][gc,task       ] GC(19) Using 4 workers of 4 for evacuation
[2023-06-08T20:11:32.559-0300][gc,mmu        ] GC(19) MMU target violated: 21,0ms (20,0ms/21,0ms)
[2023-06-08T20:11:32.559-0300][gc,phases     ] GC(19)   Pre Evacuate Collection Set: 0,3ms
[2023-06-08T20:11:32.560-0300][gc,phases     ] GC(19)   Evacuate Collection Set: 69,4ms
[2023-06-08T20:11:32.560-0300][gc,phases     ] GC(19)   Post Evacuate Collection Set: 0,4ms
[2023-06-08T20:11:32.560-0300][gc,phases     ] GC(19)   Other: 0,5ms
[2023-06-08T20:11:32.560-0300][gc,heap       ] GC(19) Eden regions: 19->0(45)
[2023-06-08T20:11:32.560-0300][gc,heap       ] GC(19) Survivor regions: 5->6(7)
[2023-06-08T20:11:32.560-0300][gc,heap       ] GC(19) Old regions: 21->22
[2023-06-08T20:11:32.560-0300][gc,heap       ] GC(19) Humongous regions: 129->129
[2023-06-08T20:11:32.560-0300][gc,metaspace  ] GC(19) Metaspace: 47025K(50348K)->47025K(50348K) NonClass: 40911K(42668K)->40911K(42668K) Class: 6114K(7680K)->6114K(7680K)
[2023-06-08T20:11:32.560-0300][gc            ] GC(19) Pause Young (Concurrent Start) (Metadata GC Threshold) 171M->154M(1024M) 70,833ms
[2023-06-08T20:11:32.560-0300][gc,cpu        ] GC(19) User=0,06s Sys=0,01s Real=0,07s
[2023-06-08T20:11:32.560-0300][gc            ] GC(20) Concurrent Cycle
[2023-06-08T20:11:32.560-0300][gc,marking    ] GC(20) Concurrent Clear Claimed Marks
[2023-06-08T20:11:32.560-0300][gc,marking    ] GC(20) Concurrent Clear Claimed Marks 0,225ms
[2023-06-08T20:11:32.560-0300][gc,marking    ] GC(20) Concurrent Scan Root Regions
[2023-06-08T20:11:32.568-0300][gc,marking    ] GC(20) Concurrent Scan Root Regions 8,337ms
[2023-06-08T20:11:32.568-0300][gc,marking    ] GC(20) Concurrent Mark (9465,293s)
[2023-06-08T20:11:32.568-0300][gc,marking    ] GC(20) Concurrent Mark From Roots
[2023-06-08T20:11:32.568-0300][gc,task       ] GC(20) Using 1 workers of 1 for marking
[2023-06-08T20:11:32.797-0300][gc,marking    ] GC(20) Concurrent Mark From Roots 228,453ms
[2023-06-08T20:11:32.797-0300][gc,marking    ] GC(20) Concurrent Preclean
[2023-06-08T20:11:32.797-0300][gc,marking    ] GC(20) Concurrent Preclean 0,469ms
[2023-06-08T20:11:32.798-0300][gc,marking    ] GC(20) Concurrent Mark (9465,293s, 9465,522s) 229,057ms
[2023-06-08T20:11:32.798-0300][gc,start      ] GC(20) Pause Remark
[2023-06-08T20:11:32.844-0300][gc,stringtable] GC(20) Cleaned string and symbol table, strings: 13740 processed, 352 removed, symbols: 94094 processed, 6 removed
[2023-06-08T20:11:32.948-0300][gc,mmu        ] GC(20) MMU target violated: 21,0ms (20,0ms/21,0ms)
[2023-06-08T20:11:32.948-0300][gc            ] GC(20) Pause Remark 155M->155M(1024M) 150,540ms
[2023-06-08T20:11:32.948-0300][gc,cpu        ] GC(20) User=0,04s Sys=0,01s Real=0,15s
[2023-06-08T20:11:32.949-0300][gc,marking    ] GC(20) Concurrent Rebuild Remembered Sets
[2023-06-08T20:11:33.051-0300][gc,marking    ] GC(20) Concurrent Rebuild Remembered Sets 102,335ms
[2023-06-08T20:11:33.051-0300][gc,start      ] GC(20) Pause Cleanup
[2023-06-08T20:11:33.051-0300][gc            ] GC(20) Pause Cleanup 155M->155M(1024M) 0,253ms
[2023-06-08T20:11:33.051-0300][gc,cpu        ] GC(20) User=0,00s Sys=0,00s Real=0,00s
[2023-06-08T20:11:33.051-0300][gc,marking    ] GC(20) Concurrent Cleanup for Next Mark
[2023-06-08T20:11:33.056-0300][gc,marking    ] GC(20) Concurrent Cleanup for Next Mark 4,270ms
[2023-06-08T20:11:33.056-0300][gc            ] GC(20) Concurrent Cycle 496,081ms
[2023-06-08T20:15:11.584-0300][gc,start      ] GC(21) Pause Young (Normal) (G1 Evacuation Pause)
[2023-06-08T20:15:11.584-0300][gc,task       ] GC(21) Using 4 workers of 4 for evacuation
[2023-06-08T20:15:11.608-0300][gc,mmu        ] GC(21) MMU target violated: 21,0ms (20,0ms/21,0ms)
[2023-06-08T20:15:11.608-0300][gc,phases     ] GC(21)   Pre Evacuate Collection Set: 0,1ms
[2023-06-08T20:15:11.608-0300][gc,phases     ] GC(21)   Evacuate Collection Set: 23,5ms
[2023-06-08T20:15:11.608-0300][gc,phases     ] GC(21)   Post Evacuate Collection Set: 0,5ms
[2023-06-08T20:15:11.608-0300][gc,phases     ] GC(21)   Other: 0,5ms
[2023-06-08T20:15:11.608-0300][gc,heap       ] GC(21) Eden regions: 45->0(47)
[2023-06-08T20:15:11.608-0300][gc,heap       ] GC(21) Survivor regions: 6->4(7)
[2023-06-08T20:15:11.608-0300][gc,heap       ] GC(21) Old regions: 22->24
[2023-06-08T20:15:11.608-0300][gc,heap       ] GC(21) Humongous regions: 129->129
[2023-06-08T20:15:11.608-0300][gc,metaspace  ] GC(21) Metaspace: 46964K(50604K)->46964K(50604K) NonClass: 40892K(42924K)->40892K(42924K) Class: 6071K(7680K)->6071K(7680K)
[2023-06-08T20:15:11.608-0300][gc            ] GC(21) Pause Young (Normal) (G1 Evacuation Pause) 199M->155M(1024M) 24,754ms
[2023-06-08T20:15:11.608-0300][gc,cpu        ] GC(21) User=0,04s Sys=0,00s Real=0,03s
[2023-06-08T20:26:55.202-0300][gc,start      ] GC(22) Pause Young (Normal) (G1 Evacuation Pause)
[2023-06-08T20:26:55.203-0300][gc,task       ] GC(22) Using 4 workers of 4 for evacuation
[2023-06-08T20:26:55.217-0300][gc,phases     ] GC(22)   Pre Evacuate Collection Set: 0,1ms
[2023-06-08T20:26:55.217-0300][gc,phases     ] GC(22)   Evacuate Collection Set: 13,3ms
[2023-06-08T20:26:55.217-0300][gc,phases     ] GC(22)   Post Evacuate Collection Set: 0,4ms
[2023-06-08T20:26:55.217-0300][gc,phases     ] GC(22)   Other: 0,3ms
[2023-06-08T20:26:55.217-0300][gc,heap       ] GC(22) Eden regions: 47->0(46)
[2023-06-08T20:26:55.217-0300][gc,heap       ] GC(22) Survivor regions: 4->5(7)
[2023-06-08T20:26:55.217-0300][gc,heap       ] GC(22) Old regions: 24->25
[2023-06-08T20:26:55.217-0300][gc,heap       ] GC(22) Humongous regions: 129->129
[2023-06-08T20:26:55.217-0300][gc,metaspace  ] GC(22) Metaspace: 46969K(50604K)->46969K(50604K) NonClass: 40897K(42924K)->40897K(42924K) Class: 6071K(7680K)->6071K(7680K)
[2023-06-08T20:26:55.217-0300][gc            ] GC(22) Pause Young (Normal) (G1 Evacuation Pause) 202M->156M(1024M) 14,361ms
[2023-06-08T20:26:55.217-0300][gc,cpu        ] GC(22) User=0,04s Sys=0,00s Real=0,02s
[2023-06-08T20:30:41.773-0300][gc,start      ] GC(23) Pause Young (Normal) (G1 Evacuation Pause)
[2023-06-08T20:30:41.773-0300][gc,task       ] GC(23) Using 4 workers of 4 for evacuation
[2023-06-08T20:30:41.798-0300][gc,mmu        ] GC(23) MMU target violated: 21,0ms (20,0ms/21,0ms)
[2023-06-08T20:30:41.798-0300][gc,phases     ] GC(23)   Pre Evacuate Collection Set: 0,1ms
[2023-06-08T20:30:41.798-0300][gc,phases     ] GC(23)   Evacuate Collection Set: 22,9ms
[2023-06-08T20:30:41.798-0300][gc,phases     ] GC(23)   Post Evacuate Collection Set: 0,8ms
[2023-06-08T20:30:41.798-0300][gc,phases     ] GC(23)   Other: 0,8ms
[2023-06-08T20:30:41.798-0300][gc,heap       ] GC(23) Eden regions: 46->0(44)
[2023-06-08T20:30:41.798-0300][gc,heap       ] GC(23) Survivor regions: 5->7(7)
[2023-06-08T20:30:41.798-0300][gc,heap       ] GC(23) Old regions: 25->26
[2023-06-08T20:30:41.798-0300][gc,heap       ] GC(23) Humongous regions: 129->129
[2023-06-08T20:30:41.798-0300][gc,metaspace  ] GC(23) Metaspace: 47001K(50604K)->47001K(50604K) NonClass: 40929K(42924K)->40929K(42924K) Class: 6071K(7680K)->6071K(7680K)
[2023-06-08T20:30:41.798-0300][gc            ] GC(23) Pause Young (Normal) (G1 Evacuation Pause) 202M->159M(1024M) 24,923ms
[2023-06-08T20:30:41.798-0300][gc,cpu        ] GC(23) User=0,09s Sys=0,00s Real=0,03s
[2023-06-08T20:33:50.117-0300][gc,start      ] GC(24) Pause Young (Normal) (G1 Evacuation Pause)
[2023-06-08T20:33:50.118-0300][gc,task       ] GC(24) Using 4 workers of 4 for evacuation
[2023-06-08T20:33:50.159-0300][gc,mmu        ] GC(24) MMU target violated: 21,0ms (20,0ms/21,0ms)
[2023-06-08T20:33:50.159-0300][gc,phases     ] GC(24)   Pre Evacuate Collection Set: 0,1ms
[2023-06-08T20:33:50.159-0300][gc,phases     ] GC(24)   Evacuate Collection Set: 39,9ms
[2023-06-08T20:33:50.159-0300][gc,phases     ] GC(24)   Post Evacuate Collection Set: 1,1ms
[2023-06-08T20:33:50.159-0300][gc,phases     ] GC(24)   Other: 0,6ms
[2023-06-08T20:33:50.159-0300][gc,heap       ] GC(24) Eden regions: 44->0(44)
[2023-06-08T20:33:50.159-0300][gc,heap       ] GC(24) Survivor regions: 7->7(7)
[2023-06-08T20:33:50.159-0300][gc,heap       ] GC(24) Old regions: 26->29
[2023-06-08T20:33:50.159-0300][gc,heap       ] GC(24) Humongous regions: 129->129
[2023-06-08T20:33:50.159-0300][gc,metaspace  ] GC(24) Metaspace: 47915K(51628K)->47915K(51628K) NonClass: 41658K(43692K)->41658K(43692K) Class: 6257K(7936K)->6257K(7936K)
[2023-06-08T20:33:50.159-0300][gc            ] GC(24) Pause Young (Normal) (G1 Evacuation Pause) 203M->163M(1024M) 41,958ms
[2023-06-08T20:33:50.159-0300][gc,cpu        ] GC(24) User=0,13s Sys=0,01s Real=0,04s
[2023-06-08T20:33:50.209-0300][gc,heap,exit  ] Heap
[2023-06-08T20:33:50.209-0300][gc,heap,exit  ]  garbage-first heap   total 1048576K, used 170579K [0x00000000c0000000, 0x0000000100000000)
[2023-06-08T20:33:50.209-0300][gc,heap,exit  ]   region size 1024K, 11 young (11264K), 7 survivors (7168K)
[2023-06-08T20:33:50.209-0300][gc,heap,exit  ]  Metaspace       used 47974K, capacity 51404K, committed 51628K, reserved 1093632K
[2023-06-08T20:33:50.209-0300][gc,heap,exit  ]   class space    used 6276K, capacity 7906K, committed 7936K, reserved 1048576K
