[2023-06-08T17:32:53.798-0300][gc,heap] Heap region size: 1M
[2023-06-08T17:32:53.817-0300][gc     ] Using G1
[2023-06-08T17:32:53.817-0300][gc,heap,coops] Heap address: 0x00000000c0000000, size: 1024 MB, Compressed Oops mode: 32-bit
[2023-06-08T17:32:53.818-0300][gc,cds       ] Mark closed archive regions in map: [0x00000000fff00000, 0x00000000fff6aff8]
[2023-06-08T17:32:53.818-0300][gc,cds       ] Mark open archive regions in map: [0x00000000ffe00000, 0x00000000ffe46ff8]
[2023-06-08T17:32:56.688-0300][gc,start     ] GC(0) Pause Young (Normal) (G1 Evacuation Pause)
[2023-06-08T17:32:56.688-0300][gc,task      ] GC(0) Using 4 workers of 4 for evacuation
[2023-06-08T17:32:56.708-0300][gc,phases    ] GC(0)   Pre Evacuate Collection Set: 0,0ms
[2023-06-08T17:32:56.708-0300][gc,phases    ] GC(0)   Evacuate Collection Set: 18,7ms
[2023-06-08T17:32:56.708-0300][gc,phases    ] GC(0)   Post Evacuate Collection Set: 0,5ms
[2023-06-08T17:32:56.708-0300][gc,phases    ] GC(0)   Other: 0,6ms
[2023-06-08T17:32:56.708-0300][gc,heap      ] GC(0) Eden regions: 51->0(44)
[2023-06-08T17:32:56.708-0300][gc,heap      ] GC(0) Survivor regions: 0->7(7)
[2023-06-08T17:32:56.708-0300][gc,heap      ] GC(0) Old regions: 2->2
[2023-06-08T17:32:56.708-0300][gc,heap      ] GC(0) Humongous regions: 0->0
[2023-06-08T17:32:56.708-0300][gc,metaspace ] GC(0) Metaspace: 14273K(15104K)->14273K(15104K) NonClass: 12521K(13056K)->12521K(13056K) Class: 1751K(2048K)->1751K(2048K)
[2023-06-08T17:32:56.708-0300][gc           ] GC(0) Pause Young (Normal) (G1 Evacuation Pause) 51M->7M(1024M) 20,037ms
[2023-06-08T17:32:56.708-0300][gc,cpu       ] GC(0) User=0,04s Sys=0,00s Real=0,02s
[2023-06-08T17:32:57.457-0300][gc,start     ] GC(1) Pause Young (Concurrent Start) (Metadata GC Threshold)
[2023-06-08T17:32:57.457-0300][gc,task      ] GC(1) Using 4 workers of 4 for evacuation
[2023-06-08T17:32:57.472-0300][gc,phases    ] GC(1)   Pre Evacuate Collection Set: 0,1ms
[2023-06-08T17:32:57.472-0300][gc,phases    ] GC(1)   Evacuate Collection Set: 13,9ms
[2023-06-08T17:32:57.472-0300][gc,phases    ] GC(1)   Post Evacuate Collection Set: 0,4ms
[2023-06-08T17:32:57.472-0300][gc,phases    ] GC(1)   Other: 0,3ms
[2023-06-08T17:32:57.472-0300][gc,heap      ] GC(1) Eden regions: 29->0(49)
[2023-06-08T17:32:57.472-0300][gc,heap      ] GC(1) Survivor regions: 7->2(7)
[2023-06-08T17:32:57.472-0300][gc,heap      ] GC(1) Old regions: 2->9
[2023-06-08T17:32:57.472-0300][gc,heap      ] GC(1) Humongous regions: 0->0
[2023-06-08T17:32:57.472-0300][gc,metaspace ] GC(1) Metaspace: 20484K(21248K)->20484K(21248K) NonClass: 18000K(18432K)->18000K(18432K) Class: 2483K(2816K)->2483K(2816K)
[2023-06-08T17:32:57.472-0300][gc           ] GC(1) Pause Young (Concurrent Start) (Metadata GC Threshold) 35M->8M(1024M) 14,826ms
[2023-06-08T17:32:57.472-0300][gc,cpu       ] GC(1) User=0,05s Sys=0,01s Real=0,01s
[2023-06-08T17:32:57.472-0300][gc           ] GC(2) Concurrent Cycle
[2023-06-08T17:32:57.472-0300][gc,marking   ] GC(2) Concurrent Clear Claimed Marks
[2023-06-08T17:32:57.472-0300][gc,marking   ] GC(2) Concurrent Clear Claimed Marks 0,052ms
[2023-06-08T17:32:57.472-0300][gc,marking   ] GC(2) Concurrent Scan Root Regions
[2023-06-08T17:32:57.474-0300][gc,marking   ] GC(2) Concurrent Scan Root Regions 1,465ms
[2023-06-08T17:32:57.474-0300][gc,marking   ] GC(2) Concurrent Mark (3,682s)
[2023-06-08T17:32:57.474-0300][gc,marking   ] GC(2) Concurrent Mark From Roots
[2023-06-08T17:32:57.474-0300][gc,task      ] GC(2) Using 1 workers of 1 for marking
[2023-06-08T17:32:57.491-0300][gc,marking   ] GC(2) Concurrent Mark From Roots 17,041ms
[2023-06-08T17:32:57.491-0300][gc,marking   ] GC(2) Concurrent Preclean
[2023-06-08T17:32:57.491-0300][gc,marking   ] GC(2) Concurrent Preclean 0,148ms
[2023-06-08T17:32:57.491-0300][gc,marking   ] GC(2) Concurrent Mark (3,682s, 3,699s) 17,294ms
[2023-06-08T17:32:57.491-0300][gc,start     ] GC(2) Pause Remark
[2023-06-08T17:32:57.495-0300][gc,stringtable] GC(2) Cleaned string and symbol table, strings: 5254 processed, 0 removed, symbols: 52895 processed, 44 removed
[2023-06-08T17:32:57.495-0300][gc            ] GC(2) Pause Remark 9M->9M(1024M) 4,044ms
[2023-06-08T17:32:57.495-0300][gc,cpu        ] GC(2) User=0,02s Sys=0,00s Real=0,00s
[2023-06-08T17:32:57.495-0300][gc,marking    ] GC(2) Concurrent Rebuild Remembered Sets
[2023-06-08T17:32:57.503-0300][gc,marking    ] GC(2) Concurrent Rebuild Remembered Sets 7,775ms
[2023-06-08T17:32:57.503-0300][gc,start      ] GC(2) Pause Cleanup
[2023-06-08T17:32:57.503-0300][gc            ] GC(2) Pause Cleanup 9M->9M(1024M) 0,214ms
[2023-06-08T17:32:57.503-0300][gc,cpu        ] GC(2) User=0,00s Sys=0,00s Real=0,00s
[2023-06-08T17:32:57.503-0300][gc,marking    ] GC(2) Concurrent Cleanup for Next Mark
[2023-06-08T17:32:57.516-0300][gc,marking    ] GC(2) Concurrent Cleanup for Next Mark 12,171ms
[2023-06-08T17:32:57.516-0300][gc            ] GC(2) Concurrent Cycle 43,803ms
[2023-06-08T17:32:59.067-0300][gc,start      ] GC(3) Pause Young (Concurrent Start) (G1 Evacuation Pause)
[2023-06-08T17:32:59.067-0300][gc,task       ] GC(3) Using 4 workers of 4 for evacuation
[2023-06-08T17:32:59.073-0300][gc,phases     ] GC(3)   Pre Evacuate Collection Set: 0,1ms
[2023-06-08T17:32:59.073-0300][gc,phases     ] GC(3)   Evacuate Collection Set: 4,7ms
[2023-06-08T17:32:59.073-0300][gc,phases     ] GC(3)   Post Evacuate Collection Set: 0,5ms
[2023-06-08T17:32:59.073-0300][gc,phases     ] GC(3)   Other: 0,3ms
[2023-06-08T17:32:59.073-0300][gc,heap       ] GC(3) Eden regions: 49->0(47)
[2023-06-08T17:32:59.073-0300][gc,heap       ] GC(3) Survivor regions: 2->4(7)
[2023-06-08T17:32:59.073-0300][gc,heap       ] GC(3) Old regions: 9->9
[2023-06-08T17:32:59.073-0300][gc,heap       ] GC(3) Humongous regions: 129->129
[2023-06-08T17:32:59.073-0300][gc,metaspace  ] GC(3) Metaspace: 28625K(29696K)->28625K(29696K) NonClass: 25281K(25856K)->25281K(25856K) Class: 3343K(3840K)->3343K(3840K)
[2023-06-08T17:32:59.073-0300][gc            ] GC(3) Pause Young (Concurrent Start) (G1 Evacuation Pause) 186M->139M(1024M) 5,732ms
[2023-06-08T17:32:59.073-0300][gc,cpu        ] GC(3) User=0,02s Sys=0,00s Real=0,00s
[2023-06-08T17:32:59.073-0300][gc            ] GC(4) Concurrent Cycle
[2023-06-08T17:32:59.073-0300][gc,marking    ] GC(4) Concurrent Clear Claimed Marks
[2023-06-08T17:32:59.073-0300][gc,marking    ] GC(4) Concurrent Clear Claimed Marks 0,075ms
[2023-06-08T17:32:59.073-0300][gc,marking    ] GC(4) Concurrent Scan Root Regions
[2023-06-08T17:32:59.077-0300][gc,marking    ] GC(4) Concurrent Scan Root Regions 3,427ms
[2023-06-08T17:32:59.077-0300][gc,marking    ] GC(4) Concurrent Mark (5,285s)
[2023-06-08T17:32:59.077-0300][gc,marking    ] GC(4) Concurrent Mark From Roots
[2023-06-08T17:32:59.077-0300][gc,task       ] GC(4) Using 1 workers of 1 for marking
[2023-06-08T17:32:59.092-0300][gc,marking    ] GC(4) Concurrent Mark From Roots 15,798ms
[2023-06-08T17:32:59.092-0300][gc,marking    ] GC(4) Concurrent Preclean
[2023-06-08T17:32:59.093-0300][gc,marking    ] GC(4) Concurrent Preclean 0,139ms
[2023-06-08T17:32:59.093-0300][gc,marking    ] GC(4) Concurrent Mark (5,285s, 5,301s) 16,028ms
[2023-06-08T17:32:59.093-0300][gc,start      ] GC(4) Pause Remark
[2023-06-08T17:32:59.096-0300][gc,stringtable] GC(4) Cleaned string and symbol table, strings: 7406 processed, 26 removed, symbols: 66674 processed, 8 removed
[2023-06-08T17:32:59.096-0300][gc            ] GC(4) Pause Remark 141M->141M(1024M) 3,243ms
[2023-06-08T17:32:59.096-0300][gc,cpu        ] GC(4) User=0,00s Sys=0,01s Real=0,01s
[2023-06-08T17:32:59.096-0300][gc,marking    ] GC(4) Concurrent Rebuild Remembered Sets
[2023-06-08T17:32:59.104-0300][gc,marking    ] GC(4) Concurrent Rebuild Remembered Sets 7,825ms
[2023-06-08T17:32:59.104-0300][gc,start      ] GC(4) Pause Cleanup
[2023-06-08T17:32:59.104-0300][gc            ] GC(4) Pause Cleanup 141M->141M(1024M) 0,173ms
[2023-06-08T17:32:59.104-0300][gc,cpu        ] GC(4) User=0,00s Sys=0,00s Real=0,00s
[2023-06-08T17:32:59.104-0300][gc,marking    ] GC(4) Concurrent Cleanup for Next Mark
[2023-06-08T17:32:59.116-0300][gc,marking    ] GC(4) Concurrent Cleanup for Next Mark 11,104ms
[2023-06-08T17:32:59.116-0300][gc            ] GC(4) Concurrent Cycle 42,690ms
[2023-06-08T17:33:00.265-0300][gc,heap,exit  ] Heap
[2023-06-08T17:33:00.265-0300][gc,heap,exit  ]  garbage-first heap   total 1048576K, used 175556K [0x00000000c0000000, 0x0000000100000000)
[2023-06-08T17:33:00.265-0300][gc,heap,exit  ]   region size 1024K, 37 young (37888K), 4 survivors (4096K)
[2023-06-08T17:33:00.265-0300][gc,heap,exit  ]  Metaspace       used 32932K, capacity 34312K, committed 34432K, reserved 1079296K
[2023-06-08T17:33:00.265-0300][gc,heap,exit  ]   class space    used 4011K, capacity 4637K, committed 4736K, reserved 1048576K
