[2023-06-08T17:33:47.218-0300][gc,heap] Heap region size: 1M
[2023-06-08T17:33:47.228-0300][gc     ] Using G1
[2023-06-08T17:33:47.228-0300][gc,heap,coops] Heap address: 0x00000000e0000000, size: 512 MB, Compressed Oops mode: 32-bit
[2023-06-08T17:33:47.228-0300][gc,cds       ] Mark closed archive regions in map: [0x00000000fff00000, 0x00000000fff6aff8]
[2023-06-08T17:33:47.228-0300][gc,cds       ] Mark open archive regions in map: [0x00000000ffe00000, 0x00000000ffe46ff8]
[2023-06-08T17:33:49.428-0300][gc,start     ] GC(0) Pause Young (Normal) (G1 Evacuation Pause)
[2023-06-08T17:33:49.429-0300][gc,task      ] GC(0) Using 4 workers of 4 for evacuation
[2023-06-08T17:33:49.452-0300][gc,mmu       ] GC(0) MMU target violated: 21,0ms (20,0ms/21,0ms)
[2023-06-08T17:33:49.452-0300][gc,phases    ] GC(0)   Pre Evacuate Collection Set: 0,0ms
[2023-06-08T17:33:49.452-0300][gc,phases    ] GC(0)   Evacuate Collection Set: 22,7ms
[2023-06-08T17:33:49.452-0300][gc,phases    ] GC(0)   Post Evacuate Collection Set: 0,5ms
[2023-06-08T17:33:49.452-0300][gc,phases    ] GC(0)   Other: 1,3ms
[2023-06-08T17:33:49.452-0300][gc,heap      ] GC(0) Eden regions: 25->0(21)
[2023-06-08T17:33:49.452-0300][gc,heap      ] GC(0) Survivor regions: 0->4(4)
[2023-06-08T17:33:49.452-0300][gc,heap      ] GC(0) Old regions: 2->5
[2023-06-08T17:33:49.452-0300][gc,heap      ] GC(0) Humongous regions: 0->0
[2023-06-08T17:33:49.452-0300][gc,metaspace ] GC(0) Metaspace: 7294K(7936K)->7294K(7936K) NonClass: 6474K(6912K)->6474K(6912K) Class: 820K(1024K)->820K(1024K)
[2023-06-08T17:33:49.452-0300][gc           ] GC(0) Pause Young (Normal) (G1 Evacuation Pause) 25M->7M(512M) 24,715ms
[2023-06-08T17:33:49.452-0300][gc,cpu       ] GC(0) User=0,03s Sys=0,02s Real=0,02s
[2023-06-08T19:57:42.525-0300][gc,start     ] GC(1) Pause Young (Normal) (G1 Evacuation Pause)
[2023-06-08T19:57:42.525-0300][gc,task      ] GC(1) Using 4 workers of 4 for evacuation
[2023-06-08T19:57:42.558-0300][gc,mmu       ] GC(1) MMU target violated: 21,0ms (20,0ms/21,0ms)
[2023-06-08T19:57:42.558-0300][gc,phases    ] GC(1)   Pre Evacuate Collection Set: 0,4ms
[2023-06-08T19:57:42.558-0300][gc,phases    ] GC(1)   Evacuate Collection Set: 30,8ms
[2023-06-08T19:57:42.558-0300][gc,phases    ] GC(1)   Post Evacuate Collection Set: 0,9ms
[2023-06-08T19:57:42.558-0300][gc,phases    ] GC(1)   Other: 0,6ms
[2023-06-08T19:57:42.558-0300][gc,heap      ] GC(1) Eden regions: 21->0(24)
[2023-06-08T19:57:42.558-0300][gc,heap      ] GC(1) Survivor regions: 4->1(4)
[2023-06-08T19:57:42.558-0300][gc,heap      ] GC(1) Old regions: 5->9
[2023-06-08T19:57:42.558-0300][gc,heap      ] GC(1) Humongous regions: 0->0
[2023-06-08T19:57:42.558-0300][gc,metaspace ] GC(1) Metaspace: 9279K(9856K)->9279K(9856K) NonClass: 8300K(8704K)->8300K(8704K) Class: 979K(1152K)->979K(1152K)
[2023-06-08T19:57:42.558-0300][gc           ] GC(1) Pause Young (Normal) (G1 Evacuation Pause) 28M->8M(512M) 33,023ms
[2023-06-08T19:57:42.558-0300][gc,cpu       ] GC(1) User=0,11s Sys=0,01s Real=0,03s
[2023-06-08T20:33:47.919-0300][gc,heap,exit ] Heap
[2023-06-08T20:33:47.919-0300][gc,heap,exit ]  garbage-first heap   total 524288K, used 11492K [0x00000000e0000000, 0x0000000100000000)
[2023-06-08T20:33:47.920-0300][gc,heap,exit ]   region size 1024K, 5 young (5120K), 1 survivors (1024K)
[2023-06-08T20:33:47.920-0300][gc,heap,exit ]  Metaspace       used 9284K, capacity 9681K, committed 9856K, reserved 1058816K
[2023-06-08T20:33:47.920-0300][gc,heap,exit ]   class space    used 980K, capacity 1152K, committed 1152K, reserved 1048576K
