[2023-06-10T10:48:50.690-0300][gc,heap] Heap region size: 1M
[2023-06-10T10:48:50.706-0300][gc     ] Using G1
[2023-06-10T10:48:50.706-0300][gc,heap,coops] Heap address: 0x00000000e0000000, size: 512 MB, Compressed Oops mode: 32-bit
[2023-06-10T10:48:50.707-0300][gc,cds       ] Mark closed archive regions in map: [0x00000000fff00000, 0x00000000fff6aff8]
[2023-06-10T10:48:50.707-0300][gc,cds       ] Mark open archive regions in map: [0x00000000ffe00000, 0x00000000ffe46ff8]
[2023-06-10T10:48:55.615-0300][gc,start     ] GC(0) Pause Young (Normal) (G1 Evacuation Pause)
[2023-06-10T10:48:55.642-0300][gc,task      ] GC(0) Using 4 workers of 4 for evacuation
[2023-06-10T10:48:55.689-0300][gc,mmu       ] GC(0) MMU target violated: 21,0ms (20,0ms/21,0ms)
[2023-06-10T10:48:55.689-0300][gc,phases    ] GC(0)   Pre Evacuate Collection Set: 0,0ms
[2023-06-10T10:48:55.689-0300][gc,phases    ] GC(0)   Evacuate Collection Set: 46,0ms
[2023-06-10T10:48:55.689-0300][gc,phases    ] GC(0)   Post Evacuate Collection Set: 0,5ms
[2023-06-10T10:48:55.689-0300][gc,phases    ] GC(0)   Other: 27,2ms
[2023-06-10T10:48:55.689-0300][gc,heap      ] GC(0) Eden regions: 25->0(21)
[2023-06-10T10:48:55.689-0300][gc,heap      ] GC(0) Survivor regions: 0->4(4)
[2023-06-10T10:48:55.689-0300][gc,heap      ] GC(0) Old regions: 2->5
[2023-06-10T10:48:55.689-0300][gc,heap      ] GC(0) Humongous regions: 0->0
[2023-06-10T10:48:55.689-0300][gc,metaspace ] GC(0) Metaspace: 7626K(8192K)->7626K(8192K) NonClass: 6778K(7168K)->6778K(7168K) Class: 847K(1024K)->847K(1024K)
[2023-06-10T10:48:55.689-0300][gc           ] GC(0) Pause Young (Normal) (G1 Evacuation Pause) 25M->7M(512M) 73,844ms
[2023-06-10T10:48:55.689-0300][gc,cpu       ] GC(0) User=0,04s Sys=0,00s Real=0,08s
[2023-06-10T10:49:15.791-0300][gc,heap,exit ] Heap
[2023-06-10T10:49:15.791-0300][gc,heap,exit ]  garbage-first heap   total 524288K, used 15922K [0x00000000e0000000, 0x0000000100000000)
[2023-06-10T10:49:15.791-0300][gc,heap,exit ]   region size 1024K, 13 young (13312K), 4 survivors (4096K)
[2023-06-10T10:49:15.791-0300][gc,heap,exit ]  Metaspace       used 8823K, capacity 9262K, committed 9344K, reserved 1056768K
[2023-06-10T10:49:15.791-0300][gc,heap,exit ]   class space    used 974K, capacity 1120K, committed 1152K, reserved 1048576K
