[2023-06-10T10:54:18.483-0300][gc,heap] Heap region size: 1M
[2023-06-10T10:54:18.493-0300][gc     ] Using G1
[2023-06-10T10:54:18.493-0300][gc,heap,coops] Heap address: 0x00000000e0000000, size: 512 MB, Compressed Oops mode: 32-bit
[2023-06-10T10:54:18.494-0300][gc,cds       ] Mark closed archive regions in map: [0x00000000fff00000, 0x00000000fff6aff8]
[2023-06-10T10:54:18.494-0300][gc,cds       ] Mark open archive regions in map: [0x00000000ffe00000, 0x00000000ffe46ff8]
[2023-06-10T10:54:20.537-0300][gc,start     ] GC(0) Pause Young (Normal) (G1 Evacuation Pause)
[2023-06-10T10:54:20.538-0300][gc,task      ] GC(0) Using 4 workers of 4 for evacuation
[2023-06-10T10:54:20.560-0300][gc,mmu       ] GC(0) MMU target violated: 21,0ms (20,0ms/21,0ms)
[2023-06-10T10:54:20.560-0300][gc,phases    ] GC(0)   Pre Evacuate Collection Set: 0,0ms
[2023-06-10T10:54:20.560-0300][gc,phases    ] GC(0)   Evacuate Collection Set: 21,4ms
[2023-06-10T10:54:20.560-0300][gc,phases    ] GC(0)   Post Evacuate Collection Set: 0,4ms
[2023-06-10T10:54:20.560-0300][gc,phases    ] GC(0)   Other: 1,3ms
[2023-06-10T10:54:20.560-0300][gc,heap      ] GC(0) Eden regions: 25->0(21)
[2023-06-10T10:54:20.560-0300][gc,heap      ] GC(0) Survivor regions: 0->4(4)
[2023-06-10T10:54:20.560-0300][gc,heap      ] GC(0) Old regions: 2->5
[2023-06-10T10:54:20.560-0300][gc,heap      ] GC(0) Humongous regions: 0->0
[2023-06-10T10:54:20.560-0300][gc,metaspace ] GC(0) Metaspace: 7391K(7936K)->7391K(7936K) NonClass: 6565K(6912K)->6565K(6912K) Class: 825K(1024K)->825K(1024K)
[2023-06-10T10:54:20.560-0300][gc           ] GC(0) Pause Young (Normal) (G1 Evacuation Pause) 25M->7M(512M) 23,328ms
[2023-06-10T10:54:20.560-0300][gc,cpu       ] GC(0) User=0,04s Sys=0,01s Real=0,02s
[2023-06-10T11:24:29.682-0300][gc,heap,exit ] Heap
[2023-06-10T11:24:29.728-0300][gc,heap,exit ]  garbage-first heap   total 524288K, used 23046K [0x00000000e0000000, 0x0000000100000000)
[2023-06-10T11:24:29.728-0300][gc,heap,exit ]   region size 1024K, 20 young (20480K), 4 survivors (4096K)
[2023-06-10T11:24:29.728-0300][gc,heap,exit ]  Metaspace       used 9193K, capacity 9617K, committed 9856K, reserved 1058816K
[2023-06-10T11:24:29.728-0300][gc,heap,exit ]   class space    used 980K, capacity 1152K, committed 1152K, reserved 1048576K
