[2023-06-03T15:12:24.604-0300][gc,heap] Heap region size: 1M
[2023-06-03T15:12:24.611-0300][gc     ] Using G1
[2023-06-03T15:12:24.611-0300][gc,heap,coops] Heap address: 0x00000000e0000000, size: 512 MB, Compressed Oops mode: 32-bit
[2023-06-03T15:12:24.612-0300][gc,cds       ] Mark closed archive regions in map: [0x00000000fff00000, 0x00000000fff6aff8]
[2023-06-03T15:12:24.612-0300][gc,cds       ] Mark open archive regions in map: [0x00000000ffe00000, 0x00000000ffe46ff8]
[2023-06-03T15:12:26.042-0300][gc,start     ] GC(0) Pause Young (Normal) (G1 Evacuation Pause)
[2023-06-03T15:12:26.043-0300][gc,task      ] GC(0) Using 4 workers of 4 for evacuation
[2023-06-03T15:12:26.057-0300][gc,phases    ] GC(0)   Pre Evacuate Collection Set: 0,0ms
[2023-06-03T15:12:26.057-0300][gc,phases    ] GC(0)   Evacuate Collection Set: 13,6ms
[2023-06-03T15:12:26.057-0300][gc,phases    ] GC(0)   Post Evacuate Collection Set: 0,4ms
[2023-06-03T15:12:26.057-0300][gc,phases    ] GC(0)   Other: 0,7ms
[2023-06-03T15:12:26.057-0300][gc,heap      ] GC(0) Eden regions: 25->0(21)
[2023-06-03T15:12:26.057-0300][gc,heap      ] GC(0) Survivor regions: 0->4(4)
[2023-06-03T15:12:26.057-0300][gc,heap      ] GC(0) Old regions: 2->5
[2023-06-03T15:12:26.057-0300][gc,heap      ] GC(0) Humongous regions: 0->0
[2023-06-03T15:12:26.057-0300][gc,metaspace ] GC(0) Metaspace: 7312K(7936K)->7312K(7936K) NonClass: 6491K(6912K)->6491K(6912K) Class: 820K(1024K)->820K(1024K)
[2023-06-03T15:12:26.057-0300][gc           ] GC(0) Pause Young (Normal) (G1 Evacuation Pause) 25M->7M(512M) 14,772ms
[2023-06-03T15:12:26.057-0300][gc,cpu       ] GC(0) User=0,04s Sys=0,00s Real=0,02s
[2023-06-03T17:40:34.937-0300][gc,start     ] GC(1) Pause Young (Normal) (G1 Evacuation Pause)
[2023-06-03T17:40:34.937-0300][gc,task      ] GC(1) Using 4 workers of 4 for evacuation
[2023-06-03T17:40:34.973-0300][gc,mmu       ] GC(1) MMU target violated: 21,0ms (20,0ms/21,0ms)
[2023-06-03T17:40:34.973-0300][gc,phases    ] GC(1)   Pre Evacuate Collection Set: 0,1ms
[2023-06-03T17:40:34.973-0300][gc,phases    ] GC(1)   Evacuate Collection Set: 35,0ms
[2023-06-03T17:40:34.973-0300][gc,phases    ] GC(1)   Post Evacuate Collection Set: 0,8ms
[2023-06-03T17:40:34.973-0300][gc,phases    ] GC(1)   Other: 0,7ms
[2023-06-03T17:40:34.973-0300][gc,heap      ] GC(1) Eden regions: 21->0(24)
[2023-06-03T17:40:34.973-0300][gc,heap      ] GC(1) Survivor regions: 4->1(4)
[2023-06-03T17:40:34.973-0300][gc,heap      ] GC(1) Old regions: 5->9
[2023-06-03T17:40:34.973-0300][gc,heap      ] GC(1) Humongous regions: 0->0
[2023-06-03T17:40:34.973-0300][gc,metaspace ] GC(1) Metaspace: 9356K(10112K)->9356K(10112K) NonClass: 8372K(8960K)->8372K(8960K) Class: 983K(1152K)->983K(1152K)
[2023-06-03T17:40:34.974-0300][gc           ] GC(1) Pause Young (Normal) (G1 Evacuation Pause) 28M->8M(512M) 36,834ms
[2023-06-03T17:40:34.974-0300][gc,cpu       ] GC(1) User=0,11s Sys=0,02s Real=0,03s
[2023-06-03T23:15:52.480-0300][gc,start     ] GC(2) Pause Young (Normal) (G1 Evacuation Pause)
[2023-06-03T23:15:52.481-0300][gc,task      ] GC(2) Using 4 workers of 4 for evacuation
[2023-06-03T23:15:52.487-0300][gc,phases    ] GC(2)   Pre Evacuate Collection Set: 0,3ms
[2023-06-03T23:15:52.487-0300][gc,phases    ] GC(2)   Evacuate Collection Set: 4,6ms
[2023-06-03T23:15:52.487-0300][gc,phases    ] GC(2)   Post Evacuate Collection Set: 1,3ms
[2023-06-03T23:15:52.487-0300][gc,phases    ] GC(2)   Other: 0,4ms
[2023-06-03T23:15:52.487-0300][gc,heap      ] GC(2) Eden regions: 24->0(24)
[2023-06-03T23:15:52.487-0300][gc,heap      ] GC(2) Survivor regions: 1->1(4)
[2023-06-03T23:15:52.487-0300][gc,heap      ] GC(2) Old regions: 9->9
[2023-06-03T23:15:52.487-0300][gc,heap      ] GC(2) Humongous regions: 0->0
[2023-06-03T23:15:52.487-0300][gc,metaspace ] GC(2) Metaspace: 9489K(10112K)->9489K(10112K) NonClass: 8505K(8960K)->8505K(8960K) Class: 984K(1152K)->984K(1152K)
[2023-06-03T23:15:52.487-0300][gc           ] GC(2) Pause Young (Normal) (G1 Evacuation Pause) 32M->8M(512M) 6,990ms
[2023-06-03T23:15:52.487-0300][gc,cpu       ] GC(2) User=0,02s Sys=0,00s Real=0,01s
[2023-06-04T07:13:11.172-0300][gc,start     ] GC(3) Pause Young (Normal) (G1 Evacuation Pause)
[2023-06-04T07:13:11.172-0300][gc,task      ] GC(3) Using 4 workers of 4 for evacuation
[2023-06-04T07:13:11.179-0300][gc,phases    ] GC(3)   Pre Evacuate Collection Set: 0,0ms
[2023-06-04T07:13:11.179-0300][gc,phases    ] GC(3)   Evacuate Collection Set: 4,9ms
[2023-06-04T07:13:11.179-0300][gc,phases    ] GC(3)   Post Evacuate Collection Set: 1,3ms
[2023-06-04T07:13:11.179-0300][gc,phases    ] GC(3)   Other: 0,4ms
[2023-06-04T07:13:11.179-0300][gc,heap      ] GC(3) Eden regions: 24->0(23)
[2023-06-04T07:13:11.179-0300][gc,heap      ] GC(3) Survivor regions: 1->2(4)
[2023-06-04T07:13:11.179-0300][gc,heap      ] GC(3) Old regions: 9->9
[2023-06-04T07:13:11.179-0300][gc,heap      ] GC(3) Humongous regions: 0->0
[2023-06-04T07:13:11.179-0300][gc,metaspace ] GC(3) Metaspace: 9489K(10112K)->9489K(10112K) NonClass: 8505K(8960K)->8505K(8960K) Class: 984K(1152K)->984K(1152K)
[2023-06-04T07:13:11.179-0300][gc           ] GC(3) Pause Young (Normal) (G1 Evacuation Pause) 32M->8M(512M) 6,900ms
[2023-06-04T07:13:11.179-0300][gc,cpu       ] GC(3) User=0,02s Sys=0,00s Real=0,01s
[2023-06-04T14:50:34.848-0300][gc,start     ] GC(4) Pause Young (Normal) (G1 Evacuation Pause)
[2023-06-04T14:50:34.848-0300][gc,task      ] GC(4) Using 4 workers of 4 for evacuation
[2023-06-04T14:50:34.854-0300][gc,phases    ] GC(4)   Pre Evacuate Collection Set: 0,0ms
[2023-06-04T14:50:34.854-0300][gc,phases    ] GC(4)   Evacuate Collection Set: 4,4ms
[2023-06-04T14:50:34.854-0300][gc,phases    ] GC(4)   Post Evacuate Collection Set: 1,2ms
[2023-06-04T14:50:34.854-0300][gc,phases    ] GC(4)   Other: 0,4ms
[2023-06-04T14:50:34.854-0300][gc,heap      ] GC(4) Eden regions: 23->0(23)
[2023-06-04T14:50:34.854-0300][gc,heap      ] GC(4) Survivor regions: 2->2(4)
[2023-06-04T14:50:34.854-0300][gc,heap      ] GC(4) Old regions: 9->9
[2023-06-04T14:50:34.854-0300][gc,heap      ] GC(4) Humongous regions: 0->0
[2023-06-04T14:50:34.854-0300][gc,metaspace ] GC(4) Metaspace: 9493K(10112K)->9493K(10112K) NonClass: 8509K(8960K)->8509K(8960K) Class: 984K(1152K)->984K(1152K)
[2023-06-04T14:50:34.854-0300][gc           ] GC(4) Pause Young (Normal) (G1 Evacuation Pause) 31M->8M(512M) 6,419ms
[2023-06-04T14:50:34.854-0300][gc,cpu       ] GC(4) User=0,02s Sys=0,00s Real=0,00s
