[2023-06-07T20:19:14.893-0300][gc,heap] Heap region size: 1M
[2023-06-07T20:19:14.900-0300][gc     ] Using G1
[2023-06-07T20:19:14.900-0300][gc,heap,coops] Heap address: 0x00000000e0000000, size: 512 MB, Compressed Oops mode: 32-bit
[2023-06-07T20:19:14.900-0300][gc,cds       ] Mark closed archive regions in map: [0x00000000fff00000, 0x00000000fff6aff8]
[2023-06-07T20:19:14.900-0300][gc,cds       ] Mark open archive regions in map: [0x00000000ffe00000, 0x00000000ffe46ff8]
[2023-06-07T20:19:15.856-0300][gc,heap,exit ] Heap
[2023-06-07T20:19:15.856-0300][gc,heap,exit ]  garbage-first heap   total 524288K, used 21192K [0x00000000e0000000, 0x0000000100000000)
[2023-06-07T20:19:15.857-0300][gc,heap,exit ]   region size 1024K, 22 young (22528K), 0 survivors (0K)
[2023-06-07T20:19:15.857-0300][gc,heap,exit ]  Metaspace       used 6520K, capacity 6883K, committed 7040K, reserved 1056768K
[2023-06-07T20:19:15.857-0300][gc,heap,exit ]   class space    used 741K, capacity 853K, committed 896K, reserved 1048576K
